{
  "role": "READ_ONLY_TERMINAL_FREEZE_EVIDENCE",
  "pause_seen": true,
  "native_pose_snapshots": [
    {
      "receipt": 63884.501822671,
      "sim_stamp": 59.22,
      "models": {
        "x500_mono_cam_0": [
          13.173517107221814,
          85.45166547969137,
          0.40053069642751904,
          0.9730222204484394,
          0.00822982582377151,
          0.033276810619257614,
          -0.22815056948320095
        ],
        "usv_target": [
          13.292552731037038,
          85.3863584582057,
          0.4297977183643356,
          1.0,
          0.0,
          0.0,
          0.0
        ]
      }
    },
    {
      "receipt": 63890.988946182,
      "sim_stamp": 59.22,
      "models": {
        "x500_mono_cam_0": [
          13.173517107221814,
          85.45166547969137,
          0.40053069642751904,
          0.9730222204484394,
          0.00822982582377151,
          0.033276810619257614,
          -0.22815056948320095
        ],
        "usv_target": [
          13.292552731037038,
          85.3863584582057,
          0.4297977183643356,
          1.0,
          0.0,
          0.0,
          0.0
        ]
      }
    }
  ],
  "target_position_frozen": true,
  "target_velocity_zero": true,
  "world_clock_frozen": true,
  "native_uav_target_poses_frozen": true
}
target/world stats/native pose counts: 130 64 374
