Type: uav_usv_interfaces/msg/TargetState

Publisher count: 1

Node name: moving_target
Node namespace: /
Topic type: uav_usv_interfaces/msg/TargetState
Endpoint type: PUBLISHER
GID: 01.0f.55.66.8f.82.10.b7.00.00.00.00.00.00.13.03.00.00.00.00.00.00.00.00
QoS profile:
  Reliability: RELIABLE
  History (Depth): UNKNOWN
  Durability: VOLATILE
  Lifespan: Infinite
  Deadline: Infinite
  Liveliness: AUTOMATIC
  Liveliness lease duration: Infinite

Subscription count: 1

Node name: intercept_evaluator_node
Node namespace: /
Topic type: uav_usv_interfaces/msg/TargetState
Endpoint type: SUBSCRIPTION
GID: 01.0f.55.66.9b.82.b5.e6.00.00.00.00.00.00.12.04.00.00.00.00.00.00.00.00
QoS profile:
  Reliability: BEST_EFFORT
  History (Depth): UNKNOWN
  Durability: VOLATILE
  Lifespan: Infinite
  Deadline: Infinite
  Liveliness: AUTOMATIC
  Liveliness lease duration: Infinite

