PHASE GROUND_HOLD Y elapsed None
X SENT 2
PHASE TAKEOFF Y elapsed None
X SENT 1
X SENT 0
PHASE FOLLOW Y elapsed None
Y SENT after stable FOLLOW
PHASE FAR_GUIDANCE Y elapsed 0.002
PLAN 1 1078 HORIZON_INSUFFICIENT   age 0.0487 0.0644 0.0673 t_go 0.0
PLAN 2 1083 HORIZON_INSUFFICIENT   age 0.0391 0.055 0.0553 t_go 0.0
PLAN 3 1087 HORIZON_INSUFFICIENT   age 0.0422 0.0619 0.0691 t_go 0.0
PLAN 4 1091 HORIZON_INSUFFICIENT   age 0.0459 0.0586 0.059 t_go 0.0
PLAN 5 1095 HORIZON_INSUFFICIENT   age 0.0501 0.0609 0.0611 t_go 0.0
PLAN 6 1100 HORIZON_INSUFFICIENT   age 0.0591 0.0682 0.0686 t_go 0.0
PLAN 7 1105 HORIZON_INSUFFICIENT   age 0.0458 0.0558 0.056 t_go 0.0
PLAN 8 1110 HORIZON_INSUFFICIENT   age 0.0418 0.0719 0.0722 t_go 0.0
PLAN 9 1114 DYNAMIC_LIMIT_VERTICAL   age 0.055 0.0746 0.0772 t_go 0.0
PLAN 10 1119 DYNAMIC_LIMIT_VERTICAL   age 0.0443 0.0617 0.0693 t_go 0.0
PLAN 11 1124 NONE   age 0.0525 0.0743 0.0772 t_go 1.5
PLAN 12 1128 NONE   age 0.0544 0.0707 0.0772 t_go 1.5
PLAN 13 1133 NONE   age 0.0443 0.0606 0.0693 t_go 1.5
PLAN 14 1138 NONE   age 0.0442 0.0551 0.0554 t_go 1.5
PHASE MINCO_READY Y elapsed 3.027
PHASE MINCO_TRACKING Y elapsed 3.075
PLAN 15 1142 NONE   age 0.0463 0.0558 0.0872 t_go 1.255
PHASE MINCO_READY Y elapsed 3.261
PHASE MINCO_TRACKING Y elapsed 3.275
PHASE TERMINAL_MINCO Y elapsed 3.507
PLAN 16 1147 NONE   age 0.0483 0.0517 0.0892 t_go 1.005
PLAN 17 1150 NONE   age 0.0437 0.0472 0.0771 t_go 0.858
PLAN 18 1152 NONE   age 0.0447 0.0474 0.0772 t_go 0.757
PLAN 19 1154 NONE   age 0.0562 0.0644 0.0872 t_go 0.992
PLAN 20 1156 NONE   age 0.0585 0.0688 0.0972 t_go 0.994
PLAN 21 1159 DYNAMIC_LIMIT_HORIZONTAL   age 0.0462 0.0562 0.0592 t_go 0.0
RESULT {'stamp': {'sec': 1791251546, 'nanosec': 712029457}, 'mission_id': 1, 'success': True, 'outcome': 'SUCCESS', 'reason': 'CAPTURE_RADIUS_REACHED', 'detail': 'determined by simulation truth in evaluator only', 'elapsed_time': 4.413229703903198, 'capture_radius': 0.5, 'minimum_distance': 0.46470192364879703, 'horizontal_distance': 0.24178051924182778, 'vertical_error': 0.39685017117048665, 'relative_speed': 2.8260625082540334, 'closing_speed': 1.4126196372497488, 'max_horizontal_speed': 6.812253635162173, 'max_vertical_speed': 2.757541392185898, 'max_horizontal_acceleration': 4.313276797003891, 'max_vertical_acceleration': 4.015343944673333}
PHASE SAFE_RECOVERY Y elapsed 4.507
