{
  "role": "READ_ONLY_TERMINAL_FREEZE_EVIDENCE",
  "pause_seen": true,
  "native_pose_snapshots": [
    {
      "receipt": 64107.14410099,
      "sim_stamp": 66.924,
      "models": {
        "x500_mono_cam_0": [
          12.584581212393736,
          85.69319550935997,
          0.424847820445048,
          0.9743805296262622,
          -0.005851409477506052,
          0.03842675743370832,
          -0.2215213958187837
        ],
        "usv_target": [
          13.056204662355665,
          85.49689570658384,
          0.4347650398436014,
          1.0,
          0.0,
          0.0,
          0.0
        ]
      }
    },
    {
      "receipt": 64113.560430963,
      "sim_stamp": 66.924,
      "models": {
        "x500_mono_cam_0": [
          12.584581212393736,
          85.69319550935997,
          0.424847820445048,
          0.9743805296262622,
          -0.005851409477506052,
          0.03842675743370832,
          -0.2215213958187837
        ],
        "usv_target": [
          13.056204662355665,
          85.49689570658384,
          0.4347650398436014,
          1.0,
          0.0,
          0.0,
          0.0
        ]
      }
    }
  ],
  "target_position_frozen": true,
  "target_velocity_zero": true,
  "world_clock_frozen": true,
  "native_uav_target_poses_frozen": true
}
target/world stats/native pose counts: 123 64 375
