{
  "role": "READ_ONLY_TERMINAL_FREEZE_EVIDENCE",
  "pause_seen": true,
  "native_pose_snapshots": [
    {
      "receipt": 63715.430822464,
      "sim_stamp": 67.548,
      "models": {
        "x500_mono_cam_0": [
          12.461745404692412,
          85.78375568408588,
          0.45005570889437474,
          0.9705585166712964,
          0.03236770586015817,
          0.03414636425395566,
          -0.23622557681673523
        ],
        "usv_target": [
          12.880162959983581,
          85.5767867779579,
          0.438345875896008,
          1.0,
          0.0,
          0.0,
          0.0
        ]
      }
    },
    {
      "receipt": 63721.923875478,
      "sim_stamp": 67.548,
      "models": {
        "x500_mono_cam_0": [
          12.461745404692412,
          85.78375568408588,
          0.45005570889437474,
          0.9705585166712964,
          0.03236770586015817,
          0.03414636425395566,
          -0.23622557681673523
        ],
        "usv_target": [
          12.880162959983581,
          85.5767867779579,
          0.438345875896008,
          1.0,
          0.0,
          0.0,
          0.0
        ]
      }
    }
  ],
  "target_position_frozen": true,
  "target_velocity_zero": true,
  "world_clock_frozen": true,
  "native_uav_target_poses_frozen": true
}
target/world stats/native pose counts: 133 64 376
