PHASE INIT Y elapsed None
PHASE GROUND_HOLD Y elapsed None
PHASE INIT Y elapsed None
PHASE GROUND_HOLD Y elapsed None
X SENT 2
PHASE TAKEOFF Y elapsed None
X SENT 1
X SENT 0
PHASE FOLLOW Y elapsed None
Y SENT after stable FOLLOW
PHASE FAR_GUIDANCE Y elapsed 0.003
PLAN 1 885 HORIZON_INSUFFICIENT   age 0.0463 0.0611 0.0617 t_go 0.0
PLAN 2 890 HORIZON_INSUFFICIENT   age 0.0495 0.0633 0.064 t_go 0.0
PLAN 3 895 HORIZON_INSUFFICIENT   age 0.0486 0.0645 0.0654 t_go 0.0
PLAN 4 899 HORIZON_INSUFFICIENT   age 0.0531 0.0666 0.0668 t_go 0.0
PLAN 5 904 HORIZON_INSUFFICIENT   age 0.0504 0.0617 0.0624 t_go 0.0
PLAN 6 909 HORIZON_INSUFFICIENT   age 0.0526 0.0711 0.0714 t_go 0.0
PLAN 7 914 HORIZON_INSUFFICIENT   age 0.0521 0.0693 0.0724 t_go 0.0
PLAN 8 919 DYNAMIC_LIMIT_VERTICAL   age 0.0444 0.0721 0.0723 t_go 0.0
PLAN 9 924 DYNAMIC_LIMIT_VERTICAL   age 0.0358 0.0471 0.0524 t_go 0.0
PLAN 10 928 NONE   age 0.0414 0.0536 0.0538 t_go 1.5
PLAN 11 933 NONE   age 0.0404 0.0545 0.0548 t_go 1.5
PLAN 12 937 NONE   age 0.0476 0.067 0.0673 t_go 1.5
PLAN 13 942 NONE   age 0.0582 0.0759 0.0762 t_go 1.5
PLAN 14 947 NONE   age 0.056 0.0817 0.0822 t_go 1.5
PHASE MINCO_READY Y elapsed 3.162
PHASE MINCO_TRACKING Y elapsed 3.198
PLAN 15 952 NONE   age 0.0669 0.0829 0.1088 t_go 1.213
PHASE MINCO_READY Y elapsed 3.418
PHASE MINCO_TRACKING Y elapsed 3.448
PLAN 16 957 NONE   age 0.0522 0.0618 0.0918 t_go 1.213
PHASE TERMINAL_MINCO Y elapsed 3.664
PLAN 17 960 NONE   age 0.0469 0.0564 0.089 t_go 1.213
PLAN 18 962 NONE   age 0.0553 0.0659 0.0988 t_go 0.846
PLAN 19 965 NONE   age 0.0433 0.0515 0.0809 t_go 1.003
PLAN 20 967 NONE   age 0.0505 0.059 0.0909 t_go 0.937
PLAN 21 969 DYNAMIC_LIMIT_HORIZONTAL   age 0.0519 0.0653 0.0708 t_go 0.0
RESULT {'stamp': {'sec': 1791251704, 'nanosec': 520122528}, 'mission_id': 1, 'success': True, 'outcome': 'SUCCESS', 'reason': 'CAPTURE_RADIUS_REACHED', 'detail': 'determined by simulation truth in evaluator only', 'elapsed_time': 4.622915983200073, 'capture_radius': 0.5, 'minimum_distance': 0.48256359328943976, 'horizontal_distance': 0.2654240013035786, 'vertical_error': 0.40301082007858513, 'relative_speed': 2.80114702963954, 'closing_speed': 1.3783419642673298, 'max_horizontal_speed': 6.789334900963804, 'max_vertical_speed': 2.760979369920136, 'max_horizontal_acceleration': 4.266267148177928, 'max_vertical_acceleration': 4.494329145081204}
PHASE PLAN_RECOVERY Y elapsed 4.698
PHASE SAFE_WAIT Y elapsed 5.199
PHASE TARGET_LOCK Y elapsed 5.213
PHASE FAR_GUIDANCE Y elapsed 5.299
