PHASE INIT Y elapsed None
PHASE GROUND_HOLD Y elapsed None
PHASE INIT Y elapsed None
PHASE GROUND_HOLD Y elapsed None
X SENT 2
PHASE TAKEOFF Y elapsed None
X SENT 1
X SENT 0
PHASE FOLLOW Y elapsed None
Y SENT after stable FOLLOW
PHASE FAR_GUIDANCE Y elapsed 0.002
PLAN 1 1046 HORIZON_INSUFFICIENT   age 0.0487 0.0695 0.0701 t_go 0.0
PLAN 2 1051 HORIZON_INSUFFICIENT   age 0.0485 0.062 0.0623 t_go 0.0
PLAN 3 1056 HORIZON_INSUFFICIENT   age 0.0434 0.0525 0.0529 t_go 0.0
PLAN 4 1060 HORIZON_INSUFFICIENT   age 0.0746 0.0851 0.0856 t_go 0.0
PLAN 5 1065 HORIZON_INSUFFICIENT   age 0.0469 0.0573 0.0576 t_go 0.0
PLAN 6 1069 HORIZON_INSUFFICIENT   age 0.0537 0.0653 0.0686 t_go 0.0
PLAN 7 1074 HORIZON_INSUFFICIENT   age 0.0395 0.049 0.0492 t_go 0.0
PLAN 8 1078 HORIZON_INSUFFICIENT   age 0.0496 0.064 0.0704 t_go 0.0
PLAN 9 1083 DYNAMIC_LIMIT_VERTICAL   age 0.0511 0.0872 0.0878 t_go 0.0
PLAN 10 1088 NONE   age 0.039 0.0504 0.0505 t_go 1.5
PLAN 11 1092 NONE   age 0.0483 0.0656 0.0706 t_go 1.5
PLAN 12 1097 NONE   age 0.046 0.0655 0.0662 t_go 1.5
PLAN 13 1101 NONE   age 0.0522 0.0698 0.0786 t_go 1.5
PLAN 14 1106 NONE   age 0.0464 0.0559 0.0609 t_go 1.5
PHASE MINCO_READY Y elapsed 3.051
PHASE MINCO_TRACKING Y elapsed 3.055
PLAN 15 1111 NONE   age 0.0366 0.0509 0.0686 t_go 1.219
PHASE MINCO_READY Y elapsed 3.331
PHASE MINCO_TRACKING Y elapsed 3.356
PLAN 16 1115 NONE   age 0.0399 0.0469 0.0788 t_go 1.016
PHASE TERMINAL_MINCO Y elapsed 3.546
PLAN 17 1117 NONE   age 0.0581 0.0627 0.0887 t_go 0.898
PLAN 18 1120 NONE   age 0.0491 0.0517 0.0808 t_go 0.759
PLAN 19 1122 NONE   age 0.0512 0.0566 0.0924 t_go 0.984
PLAN 20 1125 DYNAMIC_LIMIT_HORIZONTAL   age 0.046 0.0616 0.0685 t_go 0.0
PLAN 21 1128 DYNAMIC_LIMIT_HORIZONTAL   age 0.041 0.0516 0.0609 t_go 0.0
RESULT {'stamp': {'sec': 1791251888, 'nanosec': 185295105}, 'mission_id': 1, 'success': True, 'outcome': 'SUCCESS', 'reason': 'CAPTURE_RADIUS_REACHED', 'detail': 'determined by simulation truth in evaluator only', 'elapsed_time': 4.484601736068726, 'capture_radius': 0.5, 'minimum_distance': 0.4617056074460784, 'horizontal_distance': 0.24749984040603007, 'vertical_error': 0.3897638989774988, 'relative_speed': 2.870920256279861, 'closing_speed': 1.328066400076723, 'max_horizontal_speed': 6.857136720649992, 'max_vertical_speed': 2.7744091914569697, 'max_horizontal_acceleration': 4.2980294641843795, 'max_vertical_acceleration': 3.896465404685153}
PHASE PLAN_RECOVERY Y elapsed 4.555
PHASE SAFE_RECOVERY Y elapsed 4.6
