[INFO] [1791339365.141868510] [front_tof_monitor]: FRONT TOF READY | RGB=/uav/camera/front/image | depth=/camera/front/depth/image_raw | ROS RGB=/camera/front/image_raw | RGB clip=0.1-60.0 m | ToF range=0.1-25.0 m
[INFO] [1791339365.142188750] [front_tof_monitor]: Image diagnostics only; target truth is not subscribed; ToF output is diagnostic only.
[WARN] [1791339365.204818943] [front_tof_monitor]: USV RGB=True | TOF=False | active=front_rgb_only | range=nan m | depth ratio=0.00 | window rates RGB/ToF=1.00/0.00 | frame change=0.0000 | truth angle FOV=False | RGB render volume=False | H/V angles=nan/nan deg | truth distance=inf m
[INFO] [1791339365.405774273] [front_tof_monitor]: USV RGB=True | TOF=True | active=front_tof | range=6.71 m | depth ratio=0.99 | window rates RGB/ToF=1.00/0.33 | frame change=0.0000 | truth angle FOV=False | RGB render volume=False | H/V angles=nan/nan deg | truth distance=inf m
[WARN] [1791339365.605642852] [front_tof_monitor]: USV RGB=True | TOF=False | active=front_rgb_only | range=nan m | depth ratio=0.00 | window rates RGB/ToF=1.00/0.40 | frame change=0.0000 | truth angle FOV=False | RGB render volume=False | H/V angles=nan/nan deg | truth distance=inf m
[INFO] [1791339366.105197229] [front_tof_monitor]: USV RGB=True | TOF=True | active=front_tof | range=6.72 m | depth ratio=0.98 | window rates RGB/ToF=1.00/0.30 | frame change=0.0000 | truth angle FOV=False | RGB render volume=False | H/V angles=nan/nan deg | truth distance=inf m
[WARN] [1791339366.505024033] [front_tof_monitor]: USV RGB=True | TOF=False | active=front_rgb_only | range=nan m | depth ratio=0.00 | window rates RGB/ToF=1.00/0.43 | frame change=0.0000 | truth angle FOV=False | RGB render volume=False | H/V angles=nan/nan deg | truth distance=inf m
[INFO] [1791339366.705815164] [front_tof_monitor]: USV RGB=True | TOF=True | active=front_tof | range=6.72 m | depth ratio=1.00 | window rates RGB/ToF=1.00/0.44 | frame change=0.0000 | truth angle FOV=False | RGB render volume=False | H/V angles=nan/nan deg | truth distance=inf m
[WARN] [1791339367.005172802] [front_tof_monitor]: USV RGB=True | TOF=False | active=front_rgb_only | range=nan m | depth ratio=0.00 | window rates RGB/ToF=1.00/0.47 | frame change=0.0000 | truth angle FOV=False | RGB render volume=False | H/V angles=nan/nan deg | truth distance=inf m
[INFO] [1791339367.205251552] [front_tof_monitor]: USV RGB=True | TOF=True | active=front_tof | range=6.71 m | depth ratio=0.98 | window rates RGB/ToF=1.00/0.48 | frame change=0.0000 | truth angle FOV=False | RGB render volume=False | H/V angles=nan/nan deg | truth distance=inf m
[WARN] [1791339367.605098595] [front_tof_monitor]: USV RGB=True | TOF=False | active=front_rgb_only | range=nan m | depth ratio=0.00 | window rates RGB/ToF=1.00/0.52 | frame change=0.0019 | truth angle FOV=False | RGB render volume=False | H/V angles=nan/nan deg | truth distance=inf m
[INFO] [1791339372.006318024] [front_tof_monitor]: USV RGB=True | TOF=True | active=front_tof | range=5.39 m | depth ratio=0.99 | window rates RGB/ToF=1.00/0.10 | frame change=0.0175 | truth angle FOV=False | RGB render volume=False | H/V angles=nan/nan deg | truth distance=inf m
[WARN] [1791339372.205724829] [front_tof_monitor]: USV RGB=False | TOF=False | active=none | range=nan m | depth ratio=0.00 | window rates RGB/ToF=0.98/0.10 | frame change=0.0143 | truth angle FOV=False | RGB render volume=False | H/V angles=nan/nan deg | truth distance=inf m
[WARN] [1791339373.806678542] [front_tof_monitor]: USV RGB=True | TOF=False | active=front_rgb_only | range=nan m | depth ratio=0.00 | window rates RGB/ToF=0.69/0.04 | frame change=0.0063 | truth angle FOV=False | RGB render volume=False | H/V angles=nan/nan deg | truth distance=inf m
[INFO] [1791339374.005141747] [front_tof_monitor]: USV RGB=True | TOF=True | active=front_tof | range=14.49 m | depth ratio=0.98 | window rates RGB/ToF=0.69/0.06 | frame change=0.0052 | truth angle FOV=False | RGB render volume=False | H/V angles=nan/nan deg | truth distance=inf m
[WARN] [1791339374.205023249] [front_tof_monitor]: USV RGB=True | TOF=False | active=front_rgb_only | range=nan m | depth ratio=0.00 | window rates RGB/ToF=0.69/0.08 | frame change=0.0067 | truth angle FOV=False | RGB render volume=False | H/V angles=nan/nan deg | truth distance=inf m
[INFO] [1791339374.805877733] [front_tof_monitor]: USV RGB=True | TOF=True | active=front_tof | range=21.72 m | depth ratio=0.88 | window rates RGB/ToF=0.68/0.10 | frame change=0.0054 | truth angle FOV=False | RGB render volume=False | H/V angles=nan/nan deg | truth distance=inf m
[WARN] [1791339375.005082857] [front_tof_monitor]: USV RGB=True | TOF=False | active=front_rgb_only | range=nan m | depth ratio=0.00 | window rates RGB/ToF=0.69/0.12 | frame change=0.0089 | truth angle FOV=False | RGB render volume=False | H/V angles=nan/nan deg | truth distance=inf m
[INFO] [1791339375.205302613] [front_tof_monitor]: USV RGB=True | TOF=True | active=front_tof | range=22.87 m | depth ratio=0.60 | window rates RGB/ToF=0.69/0.14 | frame change=0.0032 | truth angle FOV=False | RGB render volume=False | H/V angles=nan/nan deg | truth distance=inf m
[WARN] [1791339375.405259858] [front_tof_monitor]: USV RGB=True | TOF=False | active=front_rgb_only | range=nan m | depth ratio=0.00 | window rates RGB/ToF=0.69/0.16 | frame change=0.0028 | truth angle FOV=False | RGB render volume=False | H/V angles=nan/nan deg | truth distance=inf m
[INFO] [1791339380.405981173] [front_tof_monitor]: USV RGB=True | TOF=True | active=front_tof | range=20.67 m | depth ratio=1.00 | window rates RGB/ToF=1.00/0.02 | frame change=0.0049 | truth angle FOV=False | RGB render volume=False | H/V angles=nan/nan deg | truth distance=inf m
[WARN] [1791339380.605591845] [front_tof_monitor]: USV RGB=True | TOF=False | active=front_rgb_only | range=nan m | depth ratio=0.00 | window rates RGB/ToF=1.00/0.04 | frame change=0.0038 | truth angle FOV=False | RGB render volume=False | H/V angles=nan/nan deg | truth distance=inf m
[INFO] [1791339380.905269147] [front_tof_monitor]: USV RGB=True | TOF=True | active=front_tof | range=22.50 m | depth ratio=0.70 | window rates RGB/ToF=1.00/0.06 | frame change=0.0027 | truth angle FOV=False | RGB render volume=False | H/V angles=nan/nan deg | truth distance=inf m
[WARN] [1791339381.105083535] [front_tof_monitor]: USV RGB=True | TOF=False | active=front_rgb_only | range=nan m | depth ratio=0.00 | window rates RGB/ToF=1.00/0.08 | frame change=0.0024 | truth angle FOV=False | RGB render volume=False | H/V angles=nan/nan deg | truth distance=inf m
[INFO] [1791339381.405173829] [front_tof_monitor]: USV RGB=True | TOF=True | active=front_tof | range=22.26 m | depth ratio=1.00 | window rates RGB/ToF=1.00/0.10 | frame change=0.0031 | truth angle FOV=False | RGB render volume=False | H/V angles=nan/nan deg | truth distance=inf m
[WARN] [1791339381.605074441] [front_tof_monitor]: USV RGB=True | TOF=False | active=front_rgb_only | range=nan m | depth ratio=0.00 | window rates RGB/ToF=1.00/0.12 | frame change=0.0001 | truth angle FOV=False | RGB render volume=False | H/V angles=nan/nan deg | truth distance=inf m
[INFO] [1791339381.905349023] [front_tof_monitor]: USV RGB=True | TOF=True | active=front_tof | range=21.01 m | depth ratio=0.97 | window rates RGB/ToF=1.00/0.14 | frame change=0.0024 | truth angle FOV=False | RGB render volume=False | H/V angles=nan/nan deg | truth distance=inf m
[WARN] [1791339382.005649589] [front_tof_monitor]: USV RGB=True | TOF=False | active=front_rgb_only | range=nan m | depth ratio=0.00 | window rates RGB/ToF=1.00/0.14 | frame change=0.0037 | truth angle FOV=False | RGB render volume=False | H/V angles=nan/nan deg | truth distance=inf m
[INFO] [1791339382.805302071] [front_tof_monitor]: USV RGB=True | TOF=True | active=front_tof | range=19.04 m | depth ratio=0.98 | window rates RGB/ToF=1.00/0.16 | frame change=0.0012 | truth angle FOV=False | RGB render volume=False | H/V angles=nan/nan deg | truth distance=inf m
[WARN] [1791339383.005791837] [front_tof_monitor]: USV RGB=True | TOF=False | active=front_rgb_only | range=nan m | depth ratio=0.00 | window rates RGB/ToF=1.00/0.18 | frame change=0.0039 | truth angle FOV=False | RGB render volume=False | H/V angles=nan/nan deg | truth distance=inf m
[INFO] [1791339383.205273435] [front_tof_monitor]: USV RGB=True | TOF=True | active=front_tof | range=17.68 m | depth ratio=1.00 | window rates RGB/ToF=1.00/0.20 | frame change=0.0047 | truth angle FOV=False | RGB render volume=False | H/V angles=nan/nan deg | truth distance=inf m
[WARN] [1791339383.705326584] [front_tof_monitor]: USV RGB=True | TOF=False | active=front_rgb_only | range=nan m | depth ratio=0.00 | window rates RGB/ToF=1.00/0.27 | frame change=0.0005 | truth angle FOV=False | RGB render volume=False | H/V angles=nan/nan deg | truth distance=inf m
[INFO] [1791339384.105385860] [front_tof_monitor]: USV RGB=True | TOF=True | active=front_tof | range=15.15 m | depth ratio=1.00 | window rates RGB/ToF=1.00/0.29 | frame change=0.0026 | truth angle FOV=False | RGB render volume=False | H/V angles=nan/nan deg | truth distance=inf m
[WARN] [1791339384.405637208] [front_tof_monitor]: USV RGB=True | TOF=False | active=front_rgb_only | range=nan m | depth ratio=0.00 | window rates RGB/ToF=1.00/0.34 | frame change=0.0039 | truth angle FOV=False | RGB render volume=False | H/V angles=nan/nan deg | truth distance=inf m
[INFO] [1791339384.505404102] [front_tof_monitor]: USV RGB=True | TOF=True | active=front_tof | range=14.57 m | depth ratio=1.00 | window rates RGB/ToF=1.00/0.36 | frame change=0.0039 | truth angle FOV=False | RGB render volume=False | H/V angles=nan/nan deg | truth distance=inf m
[WARN] [1791339384.605055440] [front_tof_monitor]: USV RGB=True | TOF=False | active=front_rgb_only | range=nan m | depth ratio=0.00 | window rates RGB/ToF=1.00/0.35 | frame change=0.0021 | truth angle FOV=False | RGB render volume=False | H/V angles=nan/nan deg | truth distance=inf m
[INFO] [1791339385.005975964] [front_tof_monitor]: USV RGB=True | TOF=True | active=front_tof | range=13.40 m | depth ratio=1.00 | window rates RGB/ToF=1.00/0.38 | frame change=0.0008 | truth angle FOV=False | RGB render volume=False | H/V angles=nan/nan deg | truth distance=inf m
[WARN] [1791339385.305218268] [front_tof_monitor]: USV RGB=True | TOF=False | active=front_rgb_only | range=nan m | depth ratio=0.00 | window rates RGB/ToF=1.00/0.42 | frame change=0.0020 | truth angle FOV=False | RGB render volume=False | H/V angles=nan/nan deg | truth distance=inf m
[INFO] [1791339385.605958859] [front_tof_monitor]: USV RGB=True | TOF=True | active=front_tof | range=12.47 m | depth ratio=0.98 | window rates RGB/ToF=1.00/0.40 | frame change=0.0028 | truth angle FOV=False | RGB render volume=False | H/V angles=nan/nan deg | truth distance=inf m
[WARN] [1791339385.705609657] [front_tof_monitor]: USV RGB=True | TOF=False | active=front_rgb_only | range=nan m | depth ratio=0.00 | window rates RGB/ToF=1.00/0.39 | frame change=0.0028 | truth angle FOV=False | RGB render volume=False | H/V angles=nan/nan deg | truth distance=inf m
[INFO] [1791339386.206048213] [front_tof_monitor]: USV RGB=True | TOF=True | active=front_tof | range=11.59 m | depth ratio=0.99 | window rates RGB/ToF=1.00/0.38 | frame change=0.0048 | truth angle FOV=False | RGB render volume=False | H/V angles=nan/nan deg | truth distance=inf m
[WARN] [1791339386.405923158] [front_tof_monitor]: USV RGB=True | TOF=False | active=front_rgb_only | range=nan m | depth ratio=0.00 | window rates RGB/ToF=1.00/0.38 | frame change=0.0048 | truth angle FOV=False | RGB render volume=False | H/V angles=nan/nan deg | truth distance=inf m
[INFO] [1791339386.505996496] [front_tof_monitor]: USV RGB=True | TOF=True | active=front_tof | range=11.10 m | depth ratio=0.99 | window rates RGB/ToF=1.00/0.39 | frame change=0.0061 | truth angle FOV=False | RGB render volume=False | H/V angles=nan/nan deg | truth distance=inf m
[WARN] [1791339386.705661923] [front_tof_monitor]: USV RGB=True | TOF=False | active=front_rgb_only | range=nan m | depth ratio=0.00 | window rates RGB/ToF=1.00/0.40 | frame change=0.0047 | truth angle FOV=False | RGB render volume=False | H/V angles=nan/nan deg | truth distance=inf m
[INFO] [1791339387.206177404] [front_tof_monitor]: USV RGB=True | TOF=True | active=front_tof | range=9.61 m | depth ratio=0.97 | window rates RGB/ToF=1.00/0.40 | frame change=0.0023 | truth angle FOV=False | RGB render volume=False | H/V angles=nan/nan deg | truth distance=inf m
[WARN] [1791339387.405629863] [front_tof_monitor]: USV RGB=True | TOF=False | active=front_rgb_only | range=nan m | depth ratio=0.00 | window rates RGB/ToF=1.00/0.42 | frame change=0.0016 | truth angle FOV=False | RGB render volume=False | H/V angles=nan/nan deg | truth distance=inf m
[INFO] [1791339387.705980753] [front_tof_monitor]: USV RGB=True | TOF=True | active=front_tof | range=8.56 m | depth ratio=0.99 | window rates RGB/ToF=1.00/0.43 | frame change=0.0038 | truth angle FOV=False | RGB render volume=False | H/V angles=nan/nan deg | truth distance=inf m
[WARN] [1791339387.805224556] [front_tof_monitor]: USV RGB=True | TOF=False | active=front_rgb_only | range=nan m | depth ratio=0.00 | window rates RGB/ToF=1.00/0.42 | frame change=0.0084 | truth angle FOV=False | RGB render volume=False | H/V angles=nan/nan deg | truth distance=inf m
[INFO] [1791339388.205674907] [front_tof_monitor]: USV RGB=True | TOF=True | active=front_tof | range=7.64 m | depth ratio=0.99 | window rates RGB/ToF=1.00/0.40 | frame change=0.0052 | truth angle FOV=False | RGB render volume=False | H/V angles=nan/nan deg | truth distance=inf m
[WARN] [1791339388.305020145] [front_tof_monitor]: USV RGB=True | TOF=False | active=front_rgb_only | range=nan m | depth ratio=0.00 | window rates RGB/ToF=1.00/0.39 | frame change=0.0038 | truth angle FOV=False | RGB render volume=False | H/V angles=nan/nan deg | truth distance=inf m
[INFO] [1791339389.005918925] [front_tof_monitor]: USV RGB=True | TOF=True | active=front_tof | range=5.84 m | depth ratio=0.98 | window rates RGB/ToF=1.00/0.34 | frame change=0.0055 | truth angle FOV=False | RGB render volume=False | H/V angles=nan/nan deg | truth distance=inf m
[WARN] [1791339389.305717502] [front_tof_monitor]: USV RGB=True | TOF=False | active=front_rgb_only | range=nan m | depth ratio=0.00 | window rates RGB/ToF=1.00/0.32 | frame change=0.0039 | truth angle FOV=False | RGB render volume=False | H/V angles=nan/nan deg | truth distance=inf m
[INFO] [1791339390.106223472] [front_tof_monitor]: USV RGB=True | TOF=True | active=front_tof | range=4.21 m | depth ratio=0.99 | window rates RGB/ToF=1.00/0.28 | frame change=0.0141 | truth angle FOV=False | RGB render volume=False | H/V angles=nan/nan deg | truth distance=inf m
[WARN] [1791339390.205247474] [front_tof_monitor]: USV RGB=False | TOF=False | active=none | range=nan m | depth ratio=0.00 | window rates RGB/ToF=0.98/0.26 | frame change=0.0163 | truth angle FOV=False | RGB render volume=False | H/V angles=nan/nan deg | truth distance=inf m
[INFO] [1791339392.805498657] [front_tof_monitor]: USV RGB=True | TOF=True | active=front_tof | range=5.49 m | depth ratio=0.96 | window rates RGB/ToF=0.49/0.12 | frame change=0.0225 | truth angle FOV=False | RGB render volume=False | H/V angles=nan/nan deg | truth distance=inf m
[WARN] [1791339393.005238700] [front_tof_monitor]: USV RGB=True | TOF=False | active=front_rgb_only | range=nan m | depth ratio=0.00 | window rates RGB/ToF=0.48/0.14 | frame change=0.0225 | truth angle FOV=False | RGB render volume=False | H/V angles=nan/nan deg | truth distance=inf m
[INFO] [1791339393.106042722] [front_tof_monitor]: USV RGB=True | TOF=True | active=front_tof | range=6.93 m | depth ratio=0.99 | window rates RGB/ToF=0.48/0.16 | frame change=0.0191 | truth angle FOV=False | RGB render volume=False | H/V angles=nan/nan deg | truth distance=inf m
[WARN] [1791339393.305727096] [front_tof_monitor]: USV RGB=True | TOF=False | active=front_rgb_only | range=nan m | depth ratio=0.00 | window rates RGB/ToF=0.48/0.16 | frame change=0.0241 | truth angle FOV=False | RGB render volume=False | H/V angles=nan/nan deg | truth distance=inf m
[INFO] [1791339393.505230154] [front_tof_monitor]: USV RGB=True | TOF=True | active=front_tof | range=10.54 m | depth ratio=0.97 | window rates RGB/ToF=0.49/0.18 | frame change=0.0362 | truth angle FOV=False | RGB render volume=False | H/V angles=nan/nan deg | truth distance=inf m
[WARN] [1791339393.705061958] [front_tof_monitor]: USV RGB=True | TOF=False | active=front_rgb_only | range=nan m | depth ratio=0.00 | window rates RGB/ToF=0.48/0.20 | frame change=0.0339 | truth angle FOV=False | RGB render volume=False | H/V angles=nan/nan deg | truth distance=inf m
[INFO] [1791339393.805336214] [front_tof_monitor]: USV RGB=True | TOF=True | active=front_tof | range=11.31 m | depth ratio=0.99 | window rates RGB/ToF=0.49/0.22 | frame change=0.0339 | truth angle FOV=False | RGB render volume=False | H/V angles=nan/nan deg | truth distance=inf m
[WARN] [1791339393.905148862] [front_tof_monitor]: USV RGB=True | TOF=False | active=front_rgb_only | range=nan m | depth ratio=0.00 | window rates RGB/ToF=0.49/0.22 | frame change=0.0200 | truth angle FOV=False | RGB render volume=False | H/V angles=nan/nan deg | truth distance=inf m
[INFO] [1791339394.205283729] [front_tof_monitor]: USV RGB=True | TOF=True | active=front_tof | range=11.61 m | depth ratio=1.00 | window rates RGB/ToF=0.49/0.20 | frame change=0.0102 | truth angle FOV=False | RGB render volume=False | H/V angles=nan/nan deg | truth distance=inf m
[WARN] [1791339394.405200862] [front_tof_monitor]: USV RGB=True | TOF=False | active=front_rgb_only | range=nan m | depth ratio=0.00 | window rates RGB/ToF=0.48/0.20 | frame change=0.0165 | truth angle FOV=False | RGB render volume=False | H/V angles=nan/nan deg | truth distance=inf m
[INFO] [1791339394.705989747] [front_tof_monitor]: USV RGB=True | TOF=True | active=front_tof | range=10.03 m | depth ratio=0.99 | window rates RGB/ToF=0.48/0.22 | frame change=0.0110 | truth angle FOV=False | RGB render volume=False | H/V angles=nan/nan deg | truth distance=inf m
[WARN] [1791339394.905295093] [front_tof_monitor]: USV RGB=True | TOF=False | active=front_rgb_only | range=nan m | depth ratio=0.00 | window rates RGB/ToF=0.49/0.24 | frame change=0.0109 | truth angle FOV=False | RGB render volume=False | H/V angles=nan/nan deg | truth distance=inf m
[INFO] [1791339395.005273149] [front_tof_monitor]: USV RGB=True | TOF=True | active=front_tof | range=9.53 m | depth ratio=0.98 | window rates RGB/ToF=0.49/0.25 | frame change=0.0109 | truth angle FOV=False | RGB render volume=False | H/V angles=nan/nan deg | truth distance=inf m
[WARN] [1791339395.104907967] [front_tof_monitor]: USV RGB=True | TOF=False | active=front_rgb_only | range=nan m | depth ratio=0.00 | window rates RGB/ToF=0.49/0.25 | frame change=0.0129 | truth angle FOV=False | RGB render volume=False | H/V angles=nan/nan deg | truth distance=inf m
[INFO] [1791339395.605935799] [front_tof_monitor]: USV RGB=True | TOF=True | active=front_tof | range=7.93 m | depth ratio=0.99 | window rates RGB/ToF=0.57/0.25 | frame change=0.0248 | truth angle FOV=False | RGB render volume=False | H/V angles=nan/nan deg | truth distance=inf m
[WARN] [1791339395.805668698] [front_tof_monitor]: USV RGB=True | TOF=False | active=front_rgb_only | range=nan m | depth ratio=0.00 | window rates RGB/ToF=0.62/0.28 | frame change=0.0194 | truth angle FOV=False | RGB render volume=False | H/V angles=nan/nan deg | truth distance=inf m
[INFO] [1791339396.806100583] [front_tof_monitor]: USV RGB=True | TOF=True | active=front_tof | range=7.39 m | depth ratio=0.97 | window rates RGB/ToF=0.82/0.30 | frame change=0.0033 | truth angle FOV=False | RGB render volume=False | H/V angles=nan/nan deg | truth distance=inf m
[WARN] [1791339397.005704961] [front_tof_monitor]: USV RGB=True | TOF=False | active=front_rgb_only | range=nan m | depth ratio=0.00 | window rates RGB/ToF=0.86/0.32 | frame change=0.0051 | truth angle FOV=False | RGB render volume=False | H/V angles=nan/nan deg | truth distance=inf m
[INFO] [1791339397.105399396] [front_tof_monitor]: USV RGB=True | TOF=True | active=front_tof | range=7.56 m | depth ratio=0.99 | window rates RGB/ToF=0.88/0.34 | frame change=0.0051 | truth angle FOV=False | RGB render volume=False | H/V angles=nan/nan deg | truth distance=inf m
[WARN] [1791339397.205581005] [front_tof_monitor]: USV RGB=True | TOF=False | active=front_rgb_only | range=nan m | depth ratio=0.00 | window rates RGB/ToF=0.90/0.34 | frame change=0.0092 | truth angle FOV=False | RGB render volume=False | H/V angles=nan/nan deg | truth distance=inf m
[INFO] [1791339397.505967330] [front_tof_monitor]: USV RGB=True | TOF=True | active=front_tof | range=7.93 m | depth ratio=0.99 | window rates RGB/ToF=0.94/0.35 | frame change=0.0084 | truth angle FOV=False | RGB render volume=False | H/V angles=nan/nan deg | truth distance=inf m
[WARN] [1791339397.705719242] [front_tof_monitor]: USV RGB=True | TOF=False | active=front_rgb_only | range=nan m | depth ratio=0.00 | window rates RGB/ToF=0.98/0.37 | frame change=0.0104 | truth angle FOV=False | RGB render volume=False | H/V angles=nan/nan deg | truth distance=inf m
[INFO] [1791339397.805981059] [front_tof_monitor]: USV RGB=True | TOF=True | active=front_tof | range=8.08 m | depth ratio=0.98 | window rates RGB/ToF=1.00/0.38 | frame change=0.0104 | truth angle FOV=False | RGB render volume=False | H/V angles=nan/nan deg | truth distance=inf m
[WARN] [1791339397.905020635] [front_tof_monitor]: USV RGB=True | TOF=False | active=front_rgb_only | range=nan m | depth ratio=0.00 | window rates RGB/ToF=1.00/0.37 | frame change=0.0109 | truth angle FOV=False | RGB render volume=False | H/V angles=nan/nan deg | truth distance=inf m
[INFO] [1791339398.105266908] [front_tof_monitor]: USV RGB=True | TOF=True | active=front_tof | range=8.25 m | depth ratio=1.00 | window rates RGB/ToF=1.00/0.37 | frame change=0.0160 | truth angle FOV=False | RGB render volume=False | H/V angles=nan/nan deg | truth distance=inf m
[WARN] [1791339398.305055815] [front_tof_monitor]: USV RGB=True | TOF=False | active=front_rgb_only | range=nan m | depth ratio=0.00 | window rates RGB/ToF=1.00/0.35 | frame change=0.0174 | truth angle FOV=False | RGB render volume=False | H/V angles=nan/nan deg | truth distance=inf m
[INFO] [1791339398.606264129] [front_tof_monitor]: USV RGB=True | TOF=True | active=front_tof | range=7.95 m | depth ratio=0.99 | window rates RGB/ToF=1.00/0.34 | frame change=0.0163 | truth angle FOV=False | RGB render volume=False | H/V angles=nan/nan deg | truth distance=inf m
[WARN] [1791339398.707398700] [front_tof_monitor]: USV RGB=True | TOF=False | active=front_rgb_only | range=nan m | depth ratio=0.00 | window rates RGB/ToF=1.00/0.34 | frame change=0.0163 | truth angle FOV=False | RGB render volume=False | H/V angles=nan/nan deg | truth distance=inf m
[INFO] [1791339398.806095305] [front_tof_monitor]: USV RGB=True | TOF=True | active=front_tof | range=7.33 m | depth ratio=0.99 | window rates RGB/ToF=1.00/0.34 | frame change=0.0235 | truth angle FOV=False | RGB render volume=False | H/V angles=nan/nan deg | truth distance=inf m
[WARN] [1791339398.905311314] [front_tof_monitor]: USV RGB=True | TOF=False | active=front_rgb_only | range=nan m | depth ratio=0.00 | window rates RGB/ToF=1.00/0.34 | frame change=0.0235 | truth angle FOV=False | RGB render volume=False | H/V angles=nan/nan deg | truth distance=inf m
[INFO] [1791339399.006068245] [front_tof_monitor]: USV RGB=True | TOF=True | active=front_tof | range=6.35 m | depth ratio=0.99 | window rates RGB/ToF=1.00/0.36 | frame change=0.0230 | truth angle FOV=False | RGB render volume=False | H/V angles=nan/nan deg | truth distance=inf m
[WARN] [1791339399.205664888] [front_tof_monitor]: USV RGB=True | TOF=False | active=front_rgb_only | range=nan m | depth ratio=0.00 | window rates RGB/ToF=1.00/0.36 | frame change=0.0232 | truth angle FOV=False | RGB render volume=False | H/V angles=nan/nan deg | truth distance=inf m
[INFO] [1791339399.505642063] [front_tof_monitor]: USV RGB=True | TOF=True | active=front_tof | range=4.82 m | depth ratio=0.99 | window rates RGB/ToF=1.00/0.35 | frame change=0.0172 | truth angle FOV=False | RGB render volume=False | H/V angles=nan/nan deg | truth distance=inf m
[WARN] [1791339399.705555813] [front_tof_monitor]: USV RGB=True | TOF=False | active=front_rgb_only | range=nan m | depth ratio=0.00 | window rates RGB/ToF=1.00/0.37 | frame change=0.0103 | truth angle FOV=False | RGB render volume=False | H/V angles=nan/nan deg | truth distance=inf m
[WARN] [1791339400.205770672] [front_tof_monitor]: USV RGB=False | TOF=False | active=none | range=nan m | depth ratio=0.00 | window rates RGB/ToF=0.98/0.32 | frame change=0.0324 | truth angle FOV=False | RGB render volume=False | H/V angles=nan/nan deg | truth distance=inf m
[WARN] [1791339403.105059997] [front_tof_monitor]: USV RGB=True | TOF=False | active=front_rgb_only | range=nan m | depth ratio=0.00 | window rates RGB/ToF=0.43/0.16 | frame change=0.0115 | truth angle FOV=False | RGB render volume=False | H/V angles=nan/nan deg | truth distance=inf m
[INFO] [1791339403.605975426] [front_tof_monitor]: USV RGB=True | TOF=True | active=front_tof | range=10.80 m | depth ratio=0.99 | window rates RGB/ToF=0.42/0.12 | frame change=0.0166 | truth angle FOV=False | RGB render volume=False | H/V angles=nan/nan deg | truth distance=inf m
[WARN] [1791339403.805693916] [front_tof_monitor]: USV RGB=True | TOF=False | active=front_rgb_only | range=nan m | depth ratio=0.00 | window rates RGB/ToF=0.43/0.14 | frame change=0.0256 | truth angle FOV=False | RGB render volume=False | H/V angles=nan/nan deg | truth distance=inf m
[INFO] [1791339404.010041162] [front_tof_monitor]: USV RGB=True | TOF=True | active=front_tof | range=19.14 m | depth ratio=0.99 | window rates RGB/ToF=0.43/0.14 | frame change=0.0345 | truth angle FOV=False | RGB render volume=False | H/V angles=nan/nan deg | truth distance=inf m
[WARN] [1791339404.205468769] [front_tof_monitor]: USV RGB=True | TOF=False | active=front_rgb_only | range=nan m | depth ratio=0.00 | window rates RGB/ToF=0.43/0.12 | frame change=0.0381 | truth angle FOV=False | RGB render volume=False | H/V angles=nan/nan deg | truth distance=inf m
[INFO] [1791339404.505960534] [front_tof_monitor]: USV RGB=True | TOF=True | active=front_tof | range=17.25 m | depth ratio=1.00 | window rates RGB/ToF=0.42/0.12 | frame change=0.0225 | truth angle FOV=False | RGB render volume=False | H/V angles=nan/nan deg | truth distance=inf m
[WARN] [1791339404.705801435] [front_tof_monitor]: USV RGB=True | TOF=False | active=front_rgb_only | range=nan m | depth ratio=0.00 | window rates RGB/ToF=0.42/0.12 | frame change=0.0173 | truth angle FOV=False | RGB render volume=False | H/V angles=nan/nan deg | truth distance=inf m
[INFO] [1791339404.905183365] [front_tof_monitor]: USV RGB=True | TOF=True | active=front_tof | range=15.14 m | depth ratio=0.99 | window rates RGB/ToF=0.43/0.14 | frame change=0.0159 | truth angle FOV=False | RGB render volume=False | H/V angles=nan/nan deg | truth distance=inf m
[WARN] [1791339405.106059310] [front_tof_monitor]: USV RGB=True | TOF=False | active=front_rgb_only | range=nan m | depth ratio=0.00 | window rates RGB/ToF=0.42/0.16 | frame change=0.0034 | truth angle FOV=False | RGB render volume=False | H/V angles=nan/nan deg | truth distance=inf m
[INFO] [1791339405.305768890] [front_tof_monitor]: USV RGB=True | TOF=True | active=front_tof | range=14.37 m | depth ratio=0.99 | window rates RGB/ToF=0.45/0.18 | frame change=0.0016 | truth angle FOV=False | RGB render volume=False | H/V angles=nan/nan deg | truth distance=inf m
[WARN] [1791339405.506136574] [front_tof_monitor]: USV RGB=True | TOF=False | active=front_rgb_only | range=nan m | depth ratio=0.00 | window rates RGB/ToF=0.50/0.20 | frame change=0.0016 | truth angle FOV=False | RGB render volume=False | H/V angles=nan/nan deg | truth distance=inf m
[INFO] [1791339405.605769015] [front_tof_monitor]: USV RGB=True | TOF=True | active=front_tof | range=12.76 m | depth ratio=1.00 | window rates RGB/ToF=0.51/0.22 | frame change=0.0151 | truth angle FOV=False | RGB render volume=False | H/V angles=nan/nan deg | truth distance=inf m
[WARN] [1791339406.005496299] [front_tof_monitor]: USV RGB=True | TOF=False | active=front_rgb_only | range=nan m | depth ratio=0.00 | window rates RGB/ToF=0.59/0.27 | frame change=0.0257 | truth angle FOV=False | RGB render volume=False | H/V angles=nan/nan deg | truth distance=inf m
[INFO] [1791339406.706025658] [front_tof_monitor]: USV RGB=True | TOF=True | active=front_tof | range=11.03 m | depth ratio=1.00 | window rates RGB/ToF=0.74/0.30 | frame change=0.0108 | truth angle FOV=False | RGB render volume=False | H/V angles=nan/nan deg | truth distance=inf m
[WARN] [1791339406.904917471] [front_tof_monitor]: USV RGB=True | TOF=False | active=front_rgb_only | range=nan m | depth ratio=0.00 | window rates RGB/ToF=0.76/0.31 | frame change=0.0161 | truth angle FOV=False | RGB render volume=False | H/V angles=nan/nan deg | truth distance=inf m
[INFO] [1791339407.405382612] [front_tof_monitor]: USV RGB=True | TOF=True | active=front_tof | range=9.75 m | depth ratio=0.98 | window rates RGB/ToF=0.86/0.33 | frame change=0.0086 | truth angle FOV=False | RGB render volume=False | H/V angles=nan/nan deg | truth distance=inf m
[WARN] [1791339407.805161425] [front_tof_monitor]: USV RGB=True | TOF=False | active=front_rgb_only | range=nan m | depth ratio=0.00 | window rates RGB/ToF=0.94/0.39 | frame change=0.0091 | truth angle FOV=False | RGB render volume=False | H/V angles=nan/nan deg | truth distance=inf m
[INFO] [1791339408.005744264] [front_tof_monitor]: USV RGB=True | TOF=True | active=front_tof | range=8.20 m | depth ratio=1.00 | window rates RGB/ToF=0.98/0.41 | frame change=0.0063 | truth angle FOV=False | RGB render volume=False | H/V angles=nan/nan deg | truth distance=inf m
[WARN] [1791339408.105747005] [front_tof_monitor]: USV RGB=True | TOF=False | active=front_rgb_only | range=nan m | depth ratio=0.00 | window rates RGB/ToF=1.00/0.42 | frame change=0.0063 | truth angle FOV=False | RGB render volume=False | H/V angles=nan/nan deg | truth distance=inf m
[INFO] [1791339408.505322899] [front_tof_monitor]: USV RGB=True | TOF=True | active=front_tof | range=7.69 m | depth ratio=0.98 | window rates RGB/ToF=1.00/0.43 | frame change=0.0110 | truth angle FOV=False | RGB render volume=False | H/V angles=nan/nan deg | truth distance=inf m
[WARN] [1791339408.705697382] [front_tof_monitor]: USV RGB=True | TOF=False | active=front_rgb_only | range=nan m | depth ratio=0.00 | window rates RGB/ToF=1.00/0.42 | frame change=0.0156 | truth angle FOV=False | RGB render volume=False | H/V angles=nan/nan deg | truth distance=inf m
[INFO] [1791339409.005882419] [front_tof_monitor]: USV RGB=True | TOF=True | active=front_tof | range=7.53 m | depth ratio=1.00 | window rates RGB/ToF=1.00/0.43 | frame change=0.0155 | truth angle FOV=False | RGB render volume=False | H/V angles=nan/nan deg | truth distance=inf m
[WARN] [1791339409.205770636] [front_tof_monitor]: USV RGB=True | TOF=False | active=front_rgb_only | range=nan m | depth ratio=0.00 | window rates RGB/ToF=1.00/0.42 | frame change=0.0150 | truth angle FOV=False | RGB render volume=False | H/V angles=nan/nan deg | truth distance=inf m
[INFO] [1791339409.506262663] [front_tof_monitor]: USV RGB=True | TOF=True | active=front_tof | range=7.15 m | depth ratio=0.99 | window rates RGB/ToF=1.00/0.42 | frame change=0.0184 | truth angle FOV=False | RGB render volume=False | H/V angles=nan/nan deg | truth distance=inf m
[WARN] [1791339409.605725235] [front_tof_monitor]: USV RGB=True | TOF=False | active=front_rgb_only | range=nan m | depth ratio=0.00 | window rates RGB/ToF=1.00/0.40 | frame change=0.0127 | truth angle FOV=False | RGB render volume=False | H/V angles=nan/nan deg | truth distance=inf m
[INFO] [1791339409.905929822] [front_tof_monitor]: USV RGB=True | TOF=True | active=front_tof | range=6.34 m | depth ratio=0.98 | window rates RGB/ToF=1.00/0.40 | frame change=0.0176 | truth angle FOV=False | RGB render volume=False | H/V angles=nan/nan deg | truth distance=inf m
[WARN] [1791339410.105088237] [front_tof_monitor]: USV RGB=True | TOF=False | active=front_rgb_only | range=nan m | depth ratio=0.00 | window rates RGB/ToF=1.00/0.39 | frame change=0.0099 | truth angle FOV=False | RGB render volume=False | H/V angles=nan/nan deg | truth distance=inf m
[INFO] [1791339410.405267963] [front_tof_monitor]: USV RGB=True | TOF=True | active=front_tof | range=5.38 m | depth ratio=0.99 | window rates RGB/ToF=1.00/0.39 | frame change=0.0079 | truth angle FOV=False | RGB render volume=False | H/V angles=nan/nan deg | truth distance=inf m
[WARN] [1791339410.505532243] [front_tof_monitor]: USV RGB=True | TOF=False | active=front_rgb_only | range=nan m | depth ratio=0.00 | window rates RGB/ToF=1.00/0.37 | frame change=0.0081 | truth angle FOV=False | RGB render volume=False | H/V angles=nan/nan deg | truth distance=inf m
[INFO] [1791339411.105178892] [front_tof_monitor]: USV RGB=True | TOF=True | active=front_tof | range=4.10 m | depth ratio=0.99 | window rates RGB/ToF=1.00/0.31 | frame change=0.0190 | truth angle FOV=False | RGB render volume=False | H/V angles=nan/nan deg | truth distance=inf m
[WARN] [1791339411.205142443] [front_tof_monitor]: USV RGB=False | TOF=False | active=none | range=nan m | depth ratio=0.00 | window rates RGB/ToF=0.98/0.32 | frame change=0.0220 | truth angle FOV=False | RGB render volume=False | H/V angles=nan/nan deg | truth distance=inf m
[WARN] [1791339413.604871929] [front_tof_monitor]: USV RGB=True | TOF=False | active=front_rgb_only | range=nan m | depth ratio=0.00 | window rates RGB/ToF=0.53/0.16 | frame change=0.0191 | truth angle FOV=False | RGB render volume=False | H/V angles=nan/nan deg | truth distance=inf m
[INFO] [1791339414.405855475] [front_tof_monitor]: USV RGB=True | TOF=True | active=front_tof | range=10.22 m | depth ratio=0.99 | window rates RGB/ToF=0.52/0.12 | frame change=0.0278 | truth angle FOV=False | RGB render volume=False | H/V angles=nan/nan deg | truth distance=inf m
[WARN] [1791339414.505883351] [front_tof_monitor]: USV RGB=True | TOF=False | active=front_rgb_only | range=nan m | depth ratio=0.00 | window rates RGB/ToF=0.52/0.10 | frame change=0.0329 | truth angle FOV=False | RGB render volume=False | H/V angles=nan/nan deg | truth distance=inf m
[INFO] [1791339414.605076412] [front_tof_monitor]: USV RGB=True | TOF=True | active=front_tof | range=10.76 m | depth ratio=0.99 | window rates RGB/ToF=0.53/0.12 | frame change=0.0329 | truth angle FOV=False | RGB render volume=False | H/V angles=nan/nan deg | truth distance=inf m
[WARN] [1791339414.805796511] [front_tof_monitor]: USV RGB=True | TOF=False | active=front_rgb_only | range=nan m | depth ratio=0.00 | window rates RGB/ToF=0.53/0.14 | frame change=0.0310 | truth angle FOV=False | RGB render volume=False | H/V angles=nan/nan deg | truth distance=inf m
[INFO] [1791339415.005145349] [front_tof_monitor]: USV RGB=True | TOF=True | active=front_tof | range=11.81 m | depth ratio=0.98 | window rates RGB/ToF=0.53/0.14 | frame change=0.0165 | truth angle FOV=False | RGB render volume=False | H/V angles=nan/nan deg | truth distance=inf m
[WARN] [1791339415.404919701] [front_tof_monitor]: USV RGB=True | TOF=False | active=front_rgb_only | range=nan m | depth ratio=0.00 | window rates RGB/ToF=0.53/0.18 | frame change=0.0129 | truth angle FOV=False | RGB render volume=False | H/V angles=nan/nan deg | truth distance=inf m
[INFO] [1791339415.906727490] [front_tof_monitor]: USV RGB=True | TOF=True | active=front_tof | range=8.81 m | depth ratio=0.99 | window rates RGB/ToF=0.52/0.18 | frame change=0.0051 | truth angle FOV=False | RGB render volume=False | H/V angles=nan/nan deg | truth distance=inf m
[WARN] [1791339416.105771190] [front_tof_monitor]: USV RGB=True | TOF=False | active=front_rgb_only | range=nan m | depth ratio=0.00 | window rates RGB/ToF=0.52/0.18 | frame change=0.0289 | truth angle FOV=False | RGB render volume=False | H/V angles=nan/nan deg | truth distance=inf m
[INFO] [1791339416.505221710] [front_tof_monitor]: USV RGB=True | TOF=True | active=front_tof | range=8.04 m | depth ratio=0.99 | window rates RGB/ToF=0.59/0.20 | frame change=0.0440 | truth angle FOV=False | RGB render volume=False | H/V angles=nan/nan deg | truth distance=inf m
[WARN] [1791339416.605402095] [front_tof_monitor]: USV RGB=True | TOF=False | active=front_rgb_only | range=nan m | depth ratio=0.00 | window rates RGB/ToF=0.61/0.20 | frame change=0.0255 | truth angle FOV=False | RGB render volume=False | H/V angles=nan/nan deg | truth distance=inf m
[INFO] [1791339416.705275089] [front_tof_monitor]: USV RGB=True | TOF=True | active=front_tof | range=8.05 m | depth ratio=0.98 | window rates RGB/ToF=0.63/0.22 | frame change=0.0255 | truth angle FOV=False | RGB render volume=False | H/V angles=nan/nan deg | truth distance=inf m
[WARN] [1791339416.804946415] [front_tof_monitor]: USV RGB=True | TOF=False | active=front_rgb_only | range=nan m | depth ratio=0.00 | window rates RGB/ToF=0.65/0.22 | frame change=0.0063 | truth angle FOV=False | RGB render volume=False | H/V angles=nan/nan deg | truth distance=inf m
[INFO] [1791339417.505122045] [front_tof_monitor]: USV RGB=True | TOF=True | active=front_tof | range=7.24 m | depth ratio=0.99 | window rates RGB/ToF=0.78/0.24 | frame change=0.0033 | truth angle FOV=False | RGB render volume=False | H/V angles=nan/nan deg | truth distance=inf m
[WARN] [1791339417.804939232] [front_tof_monitor]: USV RGB=True | TOF=False | active=front_rgb_only | range=nan m | depth ratio=0.00 | window rates RGB/ToF=0.84/0.27 | frame change=0.0044 | truth angle FOV=False | RGB render volume=False | H/V angles=nan/nan deg | truth distance=inf m
[INFO] [1791339418.705234398] [front_tof_monitor]: USV RGB=True | TOF=True | active=front_tof | range=5.32 m | depth ratio=0.99 | window rates RGB/ToF=1.00/0.30 | frame change=0.0062 | truth angle FOV=False | RGB render volume=False | H/V angles=nan/nan deg | truth distance=inf m
[WARN] [1791339418.905604565] [front_tof_monitor]: USV RGB=True | TOF=False | active=front_rgb_only | range=nan m | depth ratio=0.00 | window rates RGB/ToF=1.00/0.32 | frame change=0.0131 | truth angle FOV=False | RGB render volume=False | H/V angles=nan/nan deg | truth distance=inf m
[WARN] [1791339419.405586853] [front_tof_monitor]: USV RGB=False | TOF=False | active=none | range=nan m | depth ratio=0.00 | window rates RGB/ToF=0.98/0.31 | frame change=0.0135 | truth angle FOV=False | RGB render volume=False | H/V angles=nan/nan deg | truth distance=inf m
[WARN] [1791339422.104987139] [front_tof_monitor]: USV RGB=True | TOF=False | active=front_rgb_only | range=nan m | depth ratio=0.00 | window rates RGB/ToF=0.47/0.10 | frame change=0.0236 | truth angle FOV=False | RGB render volume=False | H/V angles=nan/nan deg | truth distance=inf m
[INFO] [1791339423.005811035] [front_tof_monitor]: USV RGB=True | TOF=True | active=front_tof | range=12.76 m | depth ratio=0.99 | window rates RGB/ToF=0.46/0.06 | frame change=0.0321 | truth angle FOV=False | RGB render volume=False | H/V angles=nan/nan deg | truth distance=inf m
[WARN] [1791339423.305446396] [front_tof_monitor]: USV RGB=True | TOF=False | active=front_rgb_only | range=nan m | depth ratio=0.00 | window rates RGB/ToF=0.47/0.10 | frame change=0.0359 | truth angle FOV=False | RGB render volume=False | H/V angles=nan/nan deg | truth distance=inf m
[INFO] [1791339423.505838661] [front_tof_monitor]: USV RGB=True | TOF=True | active=front_tof | range=12.12 m | depth ratio=0.99 | window rates RGB/ToF=0.47/0.12 | frame change=0.0156 | truth angle FOV=False | RGB render volume=False | H/V angles=nan/nan deg | truth distance=inf m
[WARN] [1791339423.705517614] [front_tof_monitor]: USV RGB=True | TOF=False | active=front_rgb_only | range=nan m | depth ratio=0.00 | window rates RGB/ToF=0.47/0.14 | frame change=0.0035 | truth angle FOV=False | RGB render volume=False | H/V angles=nan/nan deg | truth distance=inf m
[INFO] [1791339424.705277600] [front_tof_monitor]: USV RGB=True | TOF=True | active=front_tof | range=9.07 m | depth ratio=1.00 | window rates RGB/ToF=0.54/0.12 | frame change=0.0206 | truth angle FOV=False | RGB render volume=False | H/V angles=nan/nan deg | truth distance=inf m
[WARN] [1791339424.904851919] [front_tof_monitor]: USV RGB=True | TOF=False | active=front_rgb_only | range=nan m | depth ratio=0.00 | window rates RGB/ToF=0.57/0.14 | frame change=0.0283 | truth angle FOV=False | RGB render volume=False | H/V angles=nan/nan deg | truth distance=inf m
[INFO] [1791339426.105645739] [front_tof_monitor]: USV RGB=True | TOF=True | active=front_tof | range=7.54 m | depth ratio=0.98 | window rates RGB/ToF=0.80/0.16 | frame change=0.0113 | truth angle FOV=False | RGB render volume=False | H/V angles=nan/nan deg | truth distance=inf m
[WARN] [1791339426.304916584] [front_tof_monitor]: USV RGB=True | TOF=False | active=front_rgb_only | range=nan m | depth ratio=0.00 | window rates RGB/ToF=0.86/0.18 | frame change=0.0051 | truth angle FOV=False | RGB render volume=False | H/V angles=nan/nan deg | truth distance=inf m
[INFO] [1791339426.805812495] [front_tof_monitor]: USV RGB=True | TOF=True | active=front_tof | range=6.94 m | depth ratio=1.00 | window rates RGB/ToF=0.96/0.20 | frame change=0.0069 | truth angle FOV=False | RGB render volume=False | H/V angles=nan/nan deg | truth distance=inf m
[WARN] [1791339427.004939354] [front_tof_monitor]: USV RGB=True | TOF=False | active=front_rgb_only | range=nan m | depth ratio=0.00 | window rates RGB/ToF=0.98/0.22 | frame change=0.0108 | truth angle FOV=False | RGB render volume=False | H/V angles=nan/nan deg | truth distance=inf m
[INFO] [1791339427.205885318] [front_tof_monitor]: USV RGB=True | TOF=True | active=front_tof | range=6.93 m | depth ratio=0.99 | window rates RGB/ToF=1.00/0.24 | frame change=0.0093 | truth angle FOV=False | RGB render volume=False | H/V angles=nan/nan deg | truth distance=inf m
[WARN] [1791339427.405195569] [front_tof_monitor]: USV RGB=True | TOF=False | active=front_rgb_only | range=nan m | depth ratio=0.00 | window rates RGB/ToF=1.00/0.26 | frame change=0.0072 | truth angle FOV=False | RGB render volume=False | H/V angles=nan/nan deg | truth distance=inf m
[INFO] [1791339428.505208880] [front_tof_monitor]: USV RGB=True | TOF=True | active=front_tof | range=6.49 m | depth ratio=0.99 | window rates RGB/ToF=1.00/0.20 | frame change=0.0269 | truth angle FOV=False | RGB render volume=False | H/V angles=nan/nan deg | truth distance=inf m
[WARN] [1791339428.704844078] [front_tof_monitor]: USV RGB=True | TOF=False | active=front_rgb_only | range=nan m | depth ratio=0.00 | window rates RGB/ToF=1.00/0.20 | frame change=0.0279 | truth angle FOV=False | RGB render volume=False | H/V angles=nan/nan deg | truth distance=inf m
[INFO] [1791339429.105341452] [front_tof_monitor]: USV RGB=True | TOF=True | active=front_tof | range=4.42 m | depth ratio=0.98 | window rates RGB/ToF=1.00/0.22 | frame change=0.0249 | truth angle FOV=False | RGB render volume=False | H/V angles=nan/nan deg | truth distance=inf m
[WARN] [1791339429.305422772] [front_tof_monitor]: USV RGB=True | TOF=False | active=front_rgb_only | range=nan m | depth ratio=0.00 | window rates RGB/ToF=1.00/0.24 | frame change=0.0189 | truth angle FOV=False | RGB render volume=False | H/V angles=nan/nan deg | truth distance=inf m
[WARN] [1791339429.504894580] [front_tof_monitor]: USV RGB=False | TOF=False | active=none | range=nan m | depth ratio=0.00 | window rates RGB/ToF=0.98/0.24 | frame change=0.0134 | truth angle FOV=False | RGB render volume=False | H/V angles=nan/nan deg | truth distance=inf m
