[INFO] [1791342270.035806502] [front_tof_monitor]: FRONT TOF READY | RGB=/uav/camera/front/image | depth=/camera/front/depth/image_raw | ROS RGB=/camera/front/image_raw | RGB clip=0.1-60.0 m | ToF range=0.1-25.0 m
[INFO] [1791342270.036102943] [front_tof_monitor]: Image diagnostics only; target truth is not subscribed; ToF output is diagnostic only.
[WARN] [1791342270.086817398] [front_tof_monitor]: USV RGB=False | TOF=False | active=none | range=nan m | depth ratio=0.00 | window rates RGB/ToF=0.00/0.00 | frame change=0.0000 | truth angle FOV=False | RGB render volume=False | H/V angles=nan/nan deg | truth distance=inf m
[WARN] [1791342270.287498438] [front_tof_monitor]: USV RGB=True | TOF=False | active=front_rgb_only | range=nan m | depth ratio=0.00 | window rates RGB/ToF=0.33/0.00 | frame change=0.0029 | truth angle FOV=False | RGB render volume=False | H/V angles=nan/nan deg | truth distance=inf m
[INFO] [1791342270.587125361] [front_tof_monitor]: USV RGB=True | TOF=True | active=front_tof | range=6.72 m | depth ratio=0.99 | window rates RGB/ToF=0.67/0.17 | frame change=0.0010 | truth angle FOV=False | RGB render volume=False | H/V angles=nan/nan deg | truth distance=inf m
[WARN] [1791342270.986898450] [front_tof_monitor]: USV RGB=True | TOF=False | active=front_rgb_only | range=nan m | depth ratio=0.00 | window rates RGB/ToF=0.80/0.40 | frame change=0.0000 | truth angle FOV=False | RGB render volume=False | H/V angles=nan/nan deg | truth distance=inf m
[INFO] [1791342271.087681365] [front_tof_monitor]: USV RGB=True | TOF=True | active=front_tof | range=6.71 m | depth ratio=1.00 | window rates RGB/ToF=0.82/0.45 | frame change=0.0000 | truth angle FOV=False | RGB render volume=False | H/V angles=nan/nan deg | truth distance=inf m
[WARN] [1791342271.187434502] [front_tof_monitor]: USV RGB=True | TOF=False | active=front_rgb_only | range=nan m | depth ratio=0.00 | window rates RGB/ToF=0.83/0.42 | frame change=0.0000 | truth angle FOV=False | RGB render volume=False | H/V angles=nan/nan deg | truth distance=inf m
[INFO] [1791342271.287699500] [front_tof_monitor]: USV RGB=True | TOF=True | active=front_tof | range=6.71 m | depth ratio=1.00 | window rates RGB/ToF=0.85/0.46 | frame change=0.0000 | truth angle FOV=False | RGB render volume=False | H/V angles=nan/nan deg | truth distance=inf m
[WARN] [1791342271.387276669] [front_tof_monitor]: USV RGB=True | TOF=False | active=front_rgb_only | range=nan m | depth ratio=0.00 | window rates RGB/ToF=0.86/0.43 | frame change=0.0000 | truth angle FOV=False | RGB render volume=False | H/V angles=nan/nan deg | truth distance=inf m
[INFO] [1791342271.787406919] [front_tof_monitor]: USV RGB=True | TOF=True | active=front_tof | range=6.72 m | depth ratio=0.99 | window rates RGB/ToF=0.89/0.39 | frame change=0.0000 | truth angle FOV=False | RGB render volume=False | H/V angles=nan/nan deg | truth distance=inf m
[WARN] [1791342271.888182242] [front_tof_monitor]: USV RGB=True | TOF=False | active=front_rgb_only | range=nan m | depth ratio=0.00 | window rates RGB/ToF=0.89/0.37 | frame change=0.0000 | truth angle FOV=False | RGB render volume=False | H/V angles=nan/nan deg | truth distance=inf m
[INFO] [1791342272.087673353] [front_tof_monitor]: USV RGB=True | TOF=True | active=front_tof | range=6.72 m | depth ratio=1.00 | window rates RGB/ToF=0.90/0.38 | frame change=0.0000 | truth angle FOV=False | RGB render volume=False | H/V angles=nan/nan deg | truth distance=inf m
[WARN] [1791342273.387029456] [front_tof_monitor]: USV RGB=True | TOF=False | active=front_rgb_only | range=nan m | depth ratio=0.00 | window rates RGB/ToF=0.94/0.59 | frame change=0.0000 | truth angle FOV=False | RGB render volume=False | H/V angles=nan/nan deg | truth distance=inf m
[INFO] [1791342273.887823970] [front_tof_monitor]: USV RGB=True | TOF=True | active=front_tof | range=6.72 m | depth ratio=0.99 | window rates RGB/ToF=0.95/0.54 | frame change=0.0000 | truth angle FOV=False | RGB render volume=False | H/V angles=nan/nan deg | truth distance=inf m
[WARN] [1791342274.987002278] [front_tof_monitor]: USV RGB=True | TOF=False | active=front_rgb_only | range=nan m | depth ratio=0.00 | window rates RGB/ToF=0.96/0.62 | frame change=0.0000 | truth angle FOV=False | RGB render volume=False | H/V angles=nan/nan deg | truth distance=inf m
[INFO] [1791342275.087774494] [front_tof_monitor]: USV RGB=True | TOF=True | active=front_tof | range=6.72 m | depth ratio=0.99 | window rates RGB/ToF=0.98/0.64 | frame change=0.0000 | truth angle FOV=False | RGB render volume=False | H/V angles=nan/nan deg | truth distance=inf m
[WARN] [1791342275.186832673] [front_tof_monitor]: USV RGB=True | TOF=False | active=front_rgb_only | range=nan m | depth ratio=0.00 | window rates RGB/ToF=0.98/0.63 | frame change=0.0000 | truth angle FOV=False | RGB render volume=False | H/V angles=nan/nan deg | truth distance=inf m
[INFO] [1791342275.287693193] [front_tof_monitor]: USV RGB=True | TOF=True | active=front_tof | range=6.72 m | depth ratio=0.98 | window rates RGB/ToF=1.00/0.66 | frame change=0.0000 | truth angle FOV=False | RGB render volume=False | H/V angles=nan/nan deg | truth distance=inf m
[WARN] [1791342275.387007907] [front_tof_monitor]: USV RGB=True | TOF=False | active=front_rgb_only | range=nan m | depth ratio=0.00 | window rates RGB/ToF=1.00/0.65 | frame change=0.0000 | truth angle FOV=False | RGB render volume=False | H/V angles=nan/nan deg | truth distance=inf m
[INFO] [1791342276.187167524] [front_tof_monitor]: USV RGB=True | TOF=True | active=front_tof | range=6.72 m | depth ratio=0.99 | window rates RGB/ToF=1.00/0.58 | frame change=0.0000 | truth angle FOV=False | RGB render volume=False | H/V angles=nan/nan deg | truth distance=inf m
[WARN] [1791342276.687741736] [front_tof_monitor]: USV RGB=True | TOF=False | active=front_rgb_only | range=nan m | depth ratio=0.00 | window rates RGB/ToF=1.00/0.64 | frame change=0.0000 | truth angle FOV=False | RGB render volume=False | H/V angles=nan/nan deg | truth distance=inf m
[INFO] [1791342276.787339946] [front_tof_monitor]: USV RGB=True | TOF=True | active=front_tof | range=6.71 m | depth ratio=0.99 | window rates RGB/ToF=1.00/0.64 | frame change=0.0000 | truth angle FOV=False | RGB render volume=False | H/V angles=nan/nan deg | truth distance=inf m
[WARN] [1791342276.887007343] [front_tof_monitor]: USV RGB=True | TOF=False | active=front_rgb_only | range=nan m | depth ratio=0.00 | window rates RGB/ToF=1.00/0.63 | frame change=0.0000 | truth angle FOV=False | RGB render volume=False | H/V angles=nan/nan deg | truth distance=inf m
[INFO] [1791342277.587749336] [front_tof_monitor]: USV RGB=True | TOF=True | active=front_tof | range=6.72 m | depth ratio=0.99 | window rates RGB/ToF=1.00/0.55 | frame change=0.0000 | truth angle FOV=False | RGB render volume=False | H/V angles=nan/nan deg | truth distance=inf m
[WARN] [1791342277.787238285] [front_tof_monitor]: USV RGB=True | TOF=False | active=front_rgb_only | range=nan m | depth ratio=0.00 | window rates RGB/ToF=1.00/0.53 | frame change=0.0000 | truth angle FOV=False | RGB render volume=False | H/V angles=nan/nan deg | truth distance=inf m
[INFO] [1791342277.889018793] [front_tof_monitor]: USV RGB=True | TOF=True | active=front_tof | range=6.72 m | depth ratio=1.00 | window rates RGB/ToF=1.00/0.52 | frame change=0.0000 | truth angle FOV=False | RGB render volume=False | H/V angles=nan/nan deg | truth distance=inf m
[WARN] [1791342277.986914699] [front_tof_monitor]: USV RGB=True | TOF=False | active=front_rgb_only | range=nan m | depth ratio=0.00 | window rates RGB/ToF=1.00/0.51 | frame change=0.0000 | truth angle FOV=False | RGB render volume=False | H/V angles=nan/nan deg | truth distance=inf m
[INFO] [1791342278.087926302] [front_tof_monitor]: USV RGB=True | TOF=True | active=front_tof | range=6.71 m | depth ratio=0.99 | window rates RGB/ToF=1.00/0.50 | frame change=0.0000 | truth angle FOV=False | RGB render volume=False | H/V angles=nan/nan deg | truth distance=inf m
[WARN] [1791342278.186868579] [front_tof_monitor]: USV RGB=True | TOF=False | active=front_rgb_only | range=nan m | depth ratio=0.00 | window rates RGB/ToF=1.00/0.49 | frame change=0.0000 | truth angle FOV=False | RGB render volume=False | H/V angles=nan/nan deg | truth distance=inf m
[INFO] [1791342278.287211693] [front_tof_monitor]: USV RGB=True | TOF=True | active=front_tof | range=6.72 m | depth ratio=0.99 | window rates RGB/ToF=1.00/0.48 | frame change=0.0000 | truth angle FOV=False | RGB render volume=False | H/V angles=nan/nan deg | truth distance=inf m
[WARN] [1791342278.487136633] [front_tof_monitor]: USV RGB=True | TOF=False | active=front_rgb_only | range=nan m | depth ratio=0.00 | window rates RGB/ToF=1.00/0.50 | frame change=0.0000 | truth angle FOV=False | RGB render volume=False | H/V angles=nan/nan deg | truth distance=inf m
[INFO] [1791342278.587658160] [front_tof_monitor]: USV RGB=True | TOF=True | active=front_tof | range=6.72 m | depth ratio=0.98 | window rates RGB/ToF=1.00/0.52 | frame change=0.0000 | truth angle FOV=False | RGB render volume=False | H/V angles=nan/nan deg | truth distance=inf m
[WARN] [1791342278.687065187] [front_tof_monitor]: USV RGB=True | TOF=False | active=front_rgb_only | range=nan m | depth ratio=0.00 | window rates RGB/ToF=1.00/0.51 | frame change=0.0000 | truth angle FOV=False | RGB render volume=False | H/V angles=nan/nan deg | truth distance=inf m
[INFO] [1791342278.786991431] [front_tof_monitor]: USV RGB=True | TOF=True | active=front_tof | range=6.72 m | depth ratio=0.99 | window rates RGB/ToF=1.00/0.53 | frame change=0.0000 | truth angle FOV=False | RGB render volume=False | H/V angles=nan/nan deg | truth distance=inf m
[WARN] [1791342279.387303637] [front_tof_monitor]: USV RGB=True | TOF=False | active=front_rgb_only | range=nan m | depth ratio=0.00 | window rates RGB/ToF=1.00/0.53 | frame change=0.0000 | truth angle FOV=False | RGB render volume=False | H/V angles=nan/nan deg | truth distance=inf m
[INFO] [1791342279.587126158] [front_tof_monitor]: USV RGB=True | TOF=True | active=front_tof | range=6.71 m | depth ratio=0.99 | window rates RGB/ToF=1.00/0.51 | frame change=0.0000 | truth angle FOV=False | RGB render volume=False | H/V angles=nan/nan deg | truth distance=inf m
[WARN] [1791342279.786816396] [front_tof_monitor]: USV RGB=True | TOF=False | active=front_rgb_only | range=nan m | depth ratio=0.00 | window rates RGB/ToF=1.00/0.49 | frame change=0.0000 | truth angle FOV=False | RGB render volume=False | H/V angles=nan/nan deg | truth distance=inf m
[INFO] [1791342279.887270136] [front_tof_monitor]: USV RGB=True | TOF=True | active=front_tof | range=6.72 m | depth ratio=1.00 | window rates RGB/ToF=1.00/0.48 | frame change=0.0000 | truth angle FOV=False | RGB render volume=False | H/V angles=nan/nan deg | truth distance=inf m
[WARN] [1791342280.087548640] [front_tof_monitor]: USV RGB=True | TOF=False | active=front_rgb_only | range=nan m | depth ratio=0.00 | window rates RGB/ToF=1.00/0.49 | frame change=0.0000 | truth angle FOV=False | RGB render volume=False | H/V angles=nan/nan deg | truth distance=inf m
[INFO] [1791342280.287039634] [front_tof_monitor]: USV RGB=True | TOF=True | active=front_tof | range=6.71 m | depth ratio=0.99 | window rates RGB/ToF=1.00/0.49 | frame change=0.0000 | truth angle FOV=False | RGB render volume=False | H/V angles=nan/nan deg | truth distance=inf m
[WARN] [1791342280.686976170] [front_tof_monitor]: USV RGB=True | TOF=False | active=front_rgb_only | range=nan m | depth ratio=0.00 | window rates RGB/ToF=1.00/0.53 | frame change=0.0000 | truth angle FOV=False | RGB render volume=False | H/V angles=nan/nan deg | truth distance=inf m
[INFO] [1791342280.787211823] [front_tof_monitor]: USV RGB=True | TOF=True | active=front_tof | range=6.71 m | depth ratio=0.99 | window rates RGB/ToF=1.00/0.55 | frame change=0.0000 | truth angle FOV=False | RGB render volume=False | H/V angles=nan/nan deg | truth distance=inf m
[WARN] [1791342281.186778258] [front_tof_monitor]: USV RGB=True | TOF=False | active=front_rgb_only | range=nan m | depth ratio=0.00 | window rates RGB/ToF=1.00/0.61 | frame change=0.0000 | truth angle FOV=False | RGB render volume=False | H/V angles=nan/nan deg | truth distance=inf m
[INFO] [1791342281.487656066] [front_tof_monitor]: USV RGB=True | TOF=True | active=front_tof | range=6.72 m | depth ratio=0.99 | window rates RGB/ToF=1.00/0.57 | frame change=0.0000 | truth angle FOV=False | RGB render volume=False | H/V angles=nan/nan deg | truth distance=inf m
[WARN] [1791342281.586951942] [front_tof_monitor]: USV RGB=True | TOF=False | active=front_rgb_only | range=nan m | depth ratio=0.00 | window rates RGB/ToF=1.00/0.54 | frame change=0.0000 | truth angle FOV=False | RGB render volume=False | H/V angles=nan/nan deg | truth distance=inf m
[INFO] [1791342281.787632680] [front_tof_monitor]: USV RGB=True | TOF=True | active=front_tof | range=6.72 m | depth ratio=0.99 | window rates RGB/ToF=1.00/0.54 | frame change=0.0000 | truth angle FOV=False | RGB render volume=False | H/V angles=nan/nan deg | truth distance=inf m
[WARN] [1791342281.886897675] [front_tof_monitor]: USV RGB=True | TOF=False | active=front_rgb_only | range=nan m | depth ratio=0.00 | window rates RGB/ToF=1.00/0.54 | frame change=0.0000 | truth angle FOV=False | RGB render volume=False | H/V angles=nan/nan deg | truth distance=inf m
[INFO] [1791342282.087686902] [front_tof_monitor]: USV RGB=True | TOF=True | active=front_tof | range=6.72 m | depth ratio=0.99 | window rates RGB/ToF=1.00/0.56 | frame change=0.0000 | truth angle FOV=False | RGB render volume=False | H/V angles=nan/nan deg | truth distance=inf m
[WARN] [1791342282.286816333] [front_tof_monitor]: USV RGB=True | TOF=False | active=front_rgb_only | range=nan m | depth ratio=0.00 | window rates RGB/ToF=1.00/0.58 | frame change=0.0000 | truth angle FOV=False | RGB render volume=False | H/V angles=nan/nan deg | truth distance=inf m
[INFO] [1791342282.387610426] [front_tof_monitor]: USV RGB=True | TOF=True | active=front_tof | range=6.71 m | depth ratio=0.99 | window rates RGB/ToF=1.00/0.60 | frame change=0.0000 | truth angle FOV=False | RGB render volume=False | H/V angles=nan/nan deg | truth distance=inf m
[WARN] [1791342282.487058306] [front_tof_monitor]: USV RGB=True | TOF=False | active=front_rgb_only | range=nan m | depth ratio=0.00 | window rates RGB/ToF=1.00/0.59 | frame change=0.0000 | truth angle FOV=False | RGB render volume=False | H/V angles=nan/nan deg | truth distance=inf m
[INFO] [1791342282.587634669] [front_tof_monitor]: USV RGB=True | TOF=True | active=front_tof | range=6.72 m | depth ratio=0.99 | window rates RGB/ToF=1.00/0.61 | frame change=0.0000 | truth angle FOV=False | RGB render volume=False | H/V angles=nan/nan deg | truth distance=inf m
[WARN] [1791342284.187542904] [front_tof_monitor]: USV RGB=True | TOF=False | active=front_rgb_only | range=nan m | depth ratio=0.00 | window rates RGB/ToF=1.00/0.68 | frame change=0.0053 | truth angle FOV=False | RGB render volume=False | H/V angles=nan/nan deg | truth distance=inf m
[INFO] [1791342284.287780958] [front_tof_monitor]: USV RGB=True | TOF=True | active=front_tof | range=6.77 m | depth ratio=0.93 | window rates RGB/ToF=1.00/0.68 | frame change=0.0053 | truth angle FOV=False | RGB render volume=False | H/V angles=nan/nan deg | truth distance=inf m
[WARN] [1791342284.386908928] [front_tof_monitor]: USV RGB=True | TOF=False | active=front_rgb_only | range=nan m | depth ratio=0.00 | window rates RGB/ToF=1.00/0.68 | frame change=0.0015 | truth angle FOV=False | RGB render volume=False | H/V angles=nan/nan deg | truth distance=inf m
[INFO] [1791342284.487160632] [front_tof_monitor]: USV RGB=True | TOF=True | active=front_tof | range=6.79 m | depth ratio=0.92 | window rates RGB/ToF=1.00/0.70 | frame change=0.0015 | truth angle FOV=False | RGB render volume=False | H/V angles=nan/nan deg | truth distance=inf m
[WARN] [1791342284.887482179] [front_tof_monitor]: USV RGB=True | TOF=False | active=front_rgb_only | range=nan m | depth ratio=0.00 | window rates RGB/ToF=1.00/0.70 | frame change=0.0085 | truth angle FOV=False | RGB render volume=False | H/V angles=nan/nan deg | truth distance=inf m
[INFO] [1791342285.187142016] [front_tof_monitor]: USV RGB=True | TOF=True | active=front_tof | range=6.79 m | depth ratio=0.88 | window rates RGB/ToF=1.00/0.70 | frame change=0.0092 | truth angle FOV=False | RGB render volume=False | H/V angles=nan/nan deg | truth distance=inf m
[WARN] [1791342285.387650182] [front_tof_monitor]: USV RGB=True | TOF=False | active=front_rgb_only | range=nan m | depth ratio=0.00 | window rates RGB/ToF=1.00/0.68 | frame change=0.0090 | truth angle FOV=False | RGB render volume=False | H/V angles=nan/nan deg | truth distance=inf m
[INFO] [1791342285.588044034] [front_tof_monitor]: USV RGB=True | TOF=True | active=front_tof | range=6.75 m | depth ratio=0.61 | window rates RGB/ToF=1.00/0.67 | frame change=0.0055 | truth angle FOV=False | RGB render volume=False | H/V angles=nan/nan deg | truth distance=inf m
[WARN] [1791342285.687063996] [front_tof_monitor]: USV RGB=True | TOF=False | active=front_rgb_only | range=nan m | depth ratio=0.00 | window rates RGB/ToF=1.00/0.66 | frame change=0.0055 | truth angle FOV=False | RGB render volume=False | H/V angles=nan/nan deg | truth distance=inf m
[INFO] [1791342285.787866997] [front_tof_monitor]: USV RGB=True | TOF=True | active=front_tof | range=6.75 m | depth ratio=0.75 | window rates RGB/ToF=1.00/0.66 | frame change=0.0084 | truth angle FOV=False | RGB render volume=False | H/V angles=nan/nan deg | truth distance=inf m
[WARN] [1791342286.187213706] [front_tof_monitor]: USV RGB=True | TOF=False | active=front_rgb_only | range=nan m | depth ratio=0.00 | window rates RGB/ToF=1.00/0.66 | frame change=0.0070 | truth angle FOV=False | RGB render volume=False | H/V angles=nan/nan deg | truth distance=inf m
[INFO] [1791342286.487943189] [front_tof_monitor]: USV RGB=True | TOF=True | active=front_tof | range=6.83 m | depth ratio=0.98 | window rates RGB/ToF=1.00/0.67 | frame change=0.0071 | truth angle FOV=False | RGB render volume=False | H/V angles=nan/nan deg | truth distance=inf m
[WARN] [1791342286.587402309] [front_tof_monitor]: USV RGB=True | TOF=False | active=front_rgb_only | range=nan m | depth ratio=0.00 | window rates RGB/ToF=1.00/0.65 | frame change=0.0296 | truth angle FOV=False | RGB render volume=False | H/V angles=nan/nan deg | truth distance=inf m
[INFO] [1791342286.687921179] [front_tof_monitor]: USV RGB=True | TOF=True | active=front_tof | range=6.83 m | depth ratio=0.98 | window rates RGB/ToF=1.00/0.68 | frame change=0.0296 | truth angle FOV=False | RGB render volume=False | H/V angles=nan/nan deg | truth distance=inf m
[WARN] [1791342287.088076822] [front_tof_monitor]: USV RGB=True | TOF=False | active=front_rgb_only | range=nan m | depth ratio=0.00 | window rates RGB/ToF=1.00/0.71 | frame change=0.0381 | truth angle FOV=False | RGB render volume=False | H/V angles=nan/nan deg | truth distance=inf m
[INFO] [1791342287.288652982] [front_tof_monitor]: USV RGB=True | TOF=True | active=front_tof | range=10.22 m | depth ratio=0.70 | window rates RGB/ToF=1.00/0.70 | frame change=0.0158 | truth angle FOV=False | RGB render volume=False | H/V angles=nan/nan deg | truth distance=inf m
[WARN] [1791342287.687415353] [front_tof_monitor]: USV RGB=True | TOF=False | active=front_rgb_only | range=nan m | depth ratio=0.00 | window rates RGB/ToF=1.00/0.70 | frame change=0.0148 | truth angle FOV=False | RGB render volume=False | H/V angles=nan/nan deg | truth distance=inf m
[INFO] [1791342287.788208465] [front_tof_monitor]: USV RGB=True | TOF=True | active=front_tof | range=7.89 m | depth ratio=0.98 | window rates RGB/ToF=1.00/0.70 | frame change=0.0216 | truth angle FOV=False | RGB render volume=False | H/V angles=nan/nan deg | truth distance=inf m
[WARN] [1791342288.187808495] [front_tof_monitor]: USV RGB=True | TOF=False | active=front_rgb_only | range=nan m | depth ratio=0.00 | window rates RGB/ToF=1.00/0.69 | frame change=0.0164 | truth angle FOV=False | RGB render volume=False | H/V angles=nan/nan deg | truth distance=inf m
[INFO] [1791342288.287859206] [front_tof_monitor]: USV RGB=True | TOF=True | active=front_tof | range=8.53 m | depth ratio=0.99 | window rates RGB/ToF=1.00/0.68 | frame change=0.0155 | truth angle FOV=False | RGB render volume=False | H/V angles=nan/nan deg | truth distance=inf m
[WARN] [1791342288.487056689] [front_tof_monitor]: USV RGB=True | TOF=False | active=front_rgb_only | range=nan m | depth ratio=0.00 | window rates RGB/ToF=1.00/0.67 | frame change=0.0097 | truth angle FOV=False | RGB render volume=False | H/V angles=nan/nan deg | truth distance=inf m
[WARN] [1791342288.687906713] [front_tof_monitor]: USV RGB=False | TOF=False | active=none | range=nan m | depth ratio=0.00 | window rates RGB/ToF=0.98/0.62 | frame change=0.0037 | truth angle FOV=False | RGB render volume=False | H/V angles=nan/nan deg | truth distance=inf m
[WARN] [1791342288.887058395] [front_tof_monitor]: USV RGB=True | TOF=False | active=front_rgb_only | range=nan m | depth ratio=0.00 | window rates RGB/ToF=0.96/0.59 | frame change=0.0097 | truth angle FOV=False | RGB render volume=False | H/V angles=nan/nan deg | truth distance=inf m
[INFO] [1791342289.087141559] [front_tof_monitor]: USV RGB=True | TOF=True | active=front_tof | range=12.05 m | depth ratio=1.00 | window rates RGB/ToF=0.96/0.57 | frame change=0.0128 | truth angle FOV=False | RGB render volume=False | H/V angles=nan/nan deg | truth distance=inf m
[WARN] [1791342289.487360088] [front_tof_monitor]: USV RGB=True | TOF=False | active=front_rgb_only | range=nan m | depth ratio=0.00 | window rates RGB/ToF=0.96/0.59 | frame change=0.0072 | truth angle FOV=False | RGB render volume=False | H/V angles=nan/nan deg | truth distance=inf m
[INFO] [1791342289.587757032] [front_tof_monitor]: USV RGB=True | TOF=True | active=front_tof | range=18.42 m | depth ratio=1.00 | window rates RGB/ToF=0.96/0.59 | frame change=0.0053 | truth angle FOV=False | RGB render volume=False | H/V angles=nan/nan deg | truth distance=inf m
[WARN] [1791342289.787511298] [front_tof_monitor]: USV RGB=True | TOF=False | active=front_rgb_only | range=nan m | depth ratio=0.00 | window rates RGB/ToF=0.96/0.57 | frame change=0.0064 | truth angle FOV=False | RGB render volume=False | H/V angles=nan/nan deg | truth distance=inf m
[INFO] [1791342296.088215040] [front_tof_monitor]: USV RGB=True | TOF=True | active=front_tof | range=22.14 m | depth ratio=0.93 | window rates RGB/ToF=1.00/0.02 | frame change=0.0032 | truth angle FOV=False | RGB render volume=False | H/V angles=nan/nan deg | truth distance=inf m
[WARN] [1791342297.187458995] [front_tof_monitor]: USV RGB=True | TOF=False | active=front_rgb_only | range=nan m | depth ratio=0.00 | window rates RGB/ToF=1.00/0.22 | frame change=0.0085 | truth angle FOV=False | RGB render volume=False | H/V angles=nan/nan deg | truth distance=inf m
[INFO] [1791342297.287123596] [front_tof_monitor]: USV RGB=True | TOF=True | active=front_tof | range=18.44 m | depth ratio=0.98 | window rates RGB/ToF=1.00/0.24 | frame change=0.0085 | truth angle FOV=False | RGB render volume=False | H/V angles=nan/nan deg | truth distance=inf m
[WARN] [1791342297.386887592] [front_tof_monitor]: USV RGB=True | TOF=False | active=front_rgb_only | range=nan m | depth ratio=0.00 | window rates RGB/ToF=1.00/0.24 | frame change=0.0016 | truth angle FOV=False | RGB render volume=False | H/V angles=nan/nan deg | truth distance=inf m
[INFO] [1791342297.587121469] [front_tof_monitor]: USV RGB=True | TOF=True | active=front_tof | range=18.18 m | depth ratio=0.96 | window rates RGB/ToF=1.00/0.25 | frame change=0.0009 | truth angle FOV=False | RGB render volume=False | H/V angles=nan/nan deg | truth distance=inf m
[WARN] [1791342297.787574471] [front_tof_monitor]: USV RGB=True | TOF=False | active=front_rgb_only | range=nan m | depth ratio=0.00 | window rates RGB/ToF=1.00/0.28 | frame change=0.0054 | truth angle FOV=False | RGB render volume=False | H/V angles=nan/nan deg | truth distance=inf m
[INFO] [1791342298.288101020] [front_tof_monitor]: USV RGB=True | TOF=True | active=front_tof | range=15.29 m | depth ratio=0.97 | window rates RGB/ToF=1.00/0.30 | frame change=0.0131 | truth angle FOV=False | RGB render volume=False | H/V angles=nan/nan deg | truth distance=inf m
[WARN] [1791342298.686891703] [front_tof_monitor]: USV RGB=True | TOF=False | active=front_rgb_only | range=nan m | depth ratio=0.00 | window rates RGB/ToF=1.00/0.35 | frame change=0.0083 | truth angle FOV=False | RGB render volume=False | H/V angles=nan/nan deg | truth distance=inf m
[INFO] [1791342298.787043252] [front_tof_monitor]: USV RGB=True | TOF=True | active=front_tof | range=13.40 m | depth ratio=0.96 | window rates RGB/ToF=1.00/0.38 | frame change=0.0197 | truth angle FOV=False | RGB render volume=False | H/V angles=nan/nan deg | truth distance=inf m
[WARN] [1791342299.187749362] [front_tof_monitor]: USV RGB=True | TOF=False | active=front_rgb_only | range=nan m | depth ratio=0.00 | window rates RGB/ToF=1.00/0.44 | frame change=0.0146 | truth angle FOV=False | RGB render volume=False | H/V angles=nan/nan deg | truth distance=inf m
[INFO] [1791342299.287640059] [front_tof_monitor]: USV RGB=True | TOF=True | active=front_tof | range=15.18 m | depth ratio=0.98 | window rates RGB/ToF=1.00/0.46 | frame change=0.0117 | truth angle FOV=False | RGB render volume=False | H/V angles=nan/nan deg | truth distance=inf m
[WARN] [1791342299.686891664] [front_tof_monitor]: USV RGB=True | TOF=False | active=front_rgb_only | range=nan m | depth ratio=0.00 | window rates RGB/ToF=1.00/0.52 | frame change=0.0113 | truth angle FOV=False | RGB render volume=False | H/V angles=nan/nan deg | truth distance=inf m
[INFO] [1791342299.787694720] [front_tof_monitor]: USV RGB=True | TOF=True | active=front_tof | range=10.78 m | depth ratio=0.99 | window rates RGB/ToF=1.00/0.53 | frame change=0.0113 | truth angle FOV=False | RGB render volume=False | H/V angles=nan/nan deg | truth distance=inf m
[WARN] [1791342299.887587444] [front_tof_monitor]: USV RGB=True | TOF=False | active=front_rgb_only | range=nan m | depth ratio=0.00 | window rates RGB/ToF=1.00/0.53 | frame change=0.0069 | truth angle FOV=False | RGB render volume=False | H/V angles=nan/nan deg | truth distance=inf m
[INFO] [1791342299.987894297] [front_tof_monitor]: USV RGB=True | TOF=True | active=front_tof | range=10.38 m | depth ratio=0.98 | window rates RGB/ToF=1.00/0.56 | frame change=0.0069 | truth angle FOV=False | RGB render volume=False | H/V angles=nan/nan deg | truth distance=inf m
[WARN] [1791342300.387789431] [front_tof_monitor]: USV RGB=True | TOF=False | active=front_rgb_only | range=nan m | depth ratio=0.00 | window rates RGB/ToF=1.00/0.62 | frame change=0.0201 | truth angle FOV=False | RGB render volume=False | H/V angles=nan/nan deg | truth distance=inf m
[INFO] [1791342300.487196987] [front_tof_monitor]: USV RGB=True | TOF=True | active=front_tof | range=9.50 m | depth ratio=0.99 | window rates RGB/ToF=1.00/0.63 | frame change=0.0201 | truth angle FOV=False | RGB render volume=False | H/V angles=nan/nan deg | truth distance=inf m
[WARN] [1791342300.587752121] [front_tof_monitor]: USV RGB=True | TOF=False | active=front_rgb_only | range=nan m | depth ratio=0.00 | window rates RGB/ToF=1.00/0.64 | frame change=0.0128 | truth angle FOV=False | RGB render volume=False | H/V angles=nan/nan deg | truth distance=inf m
[INFO] [1791342300.687473760] [front_tof_monitor]: USV RGB=True | TOF=True | active=front_tof | range=9.14 m | depth ratio=0.98 | window rates RGB/ToF=1.00/0.65 | frame change=0.0128 | truth angle FOV=False | RGB render volume=False | H/V angles=nan/nan deg | truth distance=inf m
[WARN] [1791342300.787305438] [front_tof_monitor]: USV RGB=True | TOF=False | active=front_rgb_only | range=nan m | depth ratio=0.00 | window rates RGB/ToF=1.00/0.65 | frame change=0.0090 | truth angle FOV=False | RGB render volume=False | H/V angles=nan/nan deg | truth distance=inf m
[INFO] [1791342300.987893544] [front_tof_monitor]: USV RGB=True | TOF=True | active=front_tof | range=8.66 m | depth ratio=1.00 | window rates RGB/ToF=1.00/0.67 | frame change=0.0050 | truth angle FOV=False | RGB render volume=False | H/V angles=nan/nan deg | truth distance=inf m
[WARN] [1791342302.187009293] [front_tof_monitor]: USV RGB=True | TOF=False | active=front_rgb_only | range=nan m | depth ratio=0.00 | window rates RGB/ToF=1.00/0.67 | frame change=0.0051 | truth angle FOV=False | RGB render volume=False | H/V angles=nan/nan deg | truth distance=inf m
[INFO] [1791342302.386994788] [front_tof_monitor]: USV RGB=True | TOF=True | active=front_tof | range=5.59 m | depth ratio=1.00 | window rates RGB/ToF=1.00/0.67 | frame change=0.0036 | truth angle FOV=False | RGB render volume=False | H/V angles=nan/nan deg | truth distance=inf m
[WARN] [1791342302.486699624] [front_tof_monitor]: USV RGB=True | TOF=False | active=front_rgb_only | range=nan m | depth ratio=0.00 | window rates RGB/ToF=1.00/0.67 | frame change=0.0036 | truth angle FOV=False | RGB render volume=False | H/V angles=nan/nan deg | truth distance=inf m
[INFO] [1791342302.887612794] [front_tof_monitor]: USV RGB=True | TOF=True | active=front_tof | range=4.75 m | depth ratio=0.99 | window rates RGB/ToF=1.00/0.65 | frame change=0.0063 | truth angle FOV=False | RGB render volume=False | H/V angles=nan/nan deg | truth distance=inf m
[WARN] [1791342302.986721808] [front_tof_monitor]: USV RGB=True | TOF=False | active=front_rgb_only | range=nan m | depth ratio=0.00 | window rates RGB/ToF=1.00/0.65 | frame change=0.0063 | truth angle FOV=False | RGB render volume=False | H/V angles=nan/nan deg | truth distance=inf m
[INFO] [1791342303.087601883] [front_tof_monitor]: USV RGB=True | TOF=True | active=front_tof | range=4.36 m | depth ratio=0.98 | window rates RGB/ToF=1.00/0.67 | frame change=0.0057 | truth angle FOV=False | RGB render volume=False | H/V angles=nan/nan deg | truth distance=inf m
[WARN] [1791342303.187538502] [front_tof_monitor]: USV RGB=True | TOF=False | active=front_rgb_only | range=nan m | depth ratio=0.00 | window rates RGB/ToF=1.00/0.67 | frame change=0.0057 | truth angle FOV=False | RGB render volume=False | H/V angles=nan/nan deg | truth distance=inf m
[INFO] [1791342303.287708882] [front_tof_monitor]: USV RGB=True | TOF=True | active=front_tof | range=3.88 m | depth ratio=0.99 | window rates RGB/ToF=1.00/0.69 | frame change=0.0067 | truth angle FOV=False | RGB render volume=False | H/V angles=nan/nan deg | truth distance=inf m
[WARN] [1791342303.687491848] [front_tof_monitor]: USV RGB=True | TOF=False | active=front_rgb_only | range=nan m | depth ratio=0.00 | window rates RGB/ToF=1.00/0.67 | frame change=0.0208 | truth angle FOV=False | RGB render volume=False | H/V angles=nan/nan deg | truth distance=inf m
[INFO] [1791342304.187544508] [front_tof_monitor]: USV RGB=True | TOF=True | active=front_tof | range=2.28 m | depth ratio=0.98 | window rates RGB/ToF=1.00/0.61 | frame change=0.0112 | truth angle FOV=False | RGB render volume=False | H/V angles=nan/nan deg | truth distance=inf m
[WARN] [1791342304.587412438] [front_tof_monitor]: USV RGB=True | TOF=False | active=front_rgb_only | range=nan m | depth ratio=0.00 | window rates RGB/ToF=1.00/0.60 | frame change=0.0060 | truth angle FOV=False | RGB render volume=False | H/V angles=nan/nan deg | truth distance=inf m
[INFO] [1791342304.686944883] [front_tof_monitor]: USV RGB=True | TOF=True | active=front_tof | range=1.75 m | depth ratio=0.99 | window rates RGB/ToF=1.00/0.61 | frame change=0.0060 | truth angle FOV=False | RGB render volume=False | H/V angles=nan/nan deg | truth distance=inf m
[WARN] [1791342305.087370946] [front_tof_monitor]: USV RGB=True | TOF=False | active=front_rgb_only | range=nan m | depth ratio=0.00 | window rates RGB/ToF=1.00/0.63 | frame change=0.0025 | truth angle FOV=False | RGB render volume=False | H/V angles=nan/nan deg | truth distance=inf m
[INFO] [1791342305.686963046] [front_tof_monitor]: USV RGB=True | TOF=True | active=front_tof | range=1.40 m | depth ratio=0.99 | window rates RGB/ToF=1.00/0.57 | frame change=0.0972 | truth angle FOV=False | RGB render volume=False | H/V angles=nan/nan deg | truth distance=inf m
[WARN] [1791342305.787359389] [front_tof_monitor]: USV RGB=True | TOF=False | active=front_rgb_only | range=nan m | depth ratio=0.00 | window rates RGB/ToF=1.00/0.55 | frame change=0.0672 | truth angle FOV=False | RGB render volume=False | H/V angles=nan/nan deg | truth distance=inf m
[INFO] [1791342306.087620420] [front_tof_monitor]: USV RGB=True | TOF=True | active=front_tof | range=0.80 m | depth ratio=0.99 | window rates RGB/ToF=1.00/0.55 | frame change=0.0413 | truth angle FOV=False | RGB render volume=False | H/V angles=nan/nan deg | truth distance=inf m
[WARN] [1791342306.186829408] [front_tof_monitor]: USV RGB=True | TOF=False | active=front_rgb_only | range=nan m | depth ratio=0.00 | window rates RGB/ToF=1.00/0.53 | frame change=0.0413 | truth angle FOV=False | RGB render volume=False | H/V angles=nan/nan deg | truth distance=inf m
[INFO] [1791342306.287203296] [front_tof_monitor]: USV RGB=True | TOF=True | active=front_tof | range=0.52 m | depth ratio=0.99 | window rates RGB/ToF=1.00/0.53 | frame change=0.0643 | truth angle FOV=False | RGB render volume=False | H/V angles=nan/nan deg | truth distance=inf m
[WARN] [1791342306.487312586] [front_tof_monitor]: USV RGB=False | TOF=False | active=none | range=nan m | depth ratio=0.00 | window rates RGB/ToF=0.98/0.51 | frame change=0.1577 | truth angle FOV=False | RGB render volume=False | H/V angles=nan/nan deg | truth distance=inf m
