f2_h1.2_A_rolling.jsonl: 成功
f2_h1.2_A_single.jsonl: 成功
f2_h1.2_B_rolling.jsonl: 成功
f2_h1.2_B_single.jsonl: 成功
f2_h1.2_C_rolling.jsonl: 成功
f2_h1.2_C_single.jsonl: 成功
f2_h1.2_D_rolling.jsonl: 成功
f2_h1.2_D_single.jsonl: 成功
f2_h1.6_A_rolling.jsonl: 成功
f2_h1.6_A_single.jsonl: 成功
f2_h1.6_B_rolling.jsonl: 成功
f2_h1.6_B_single.jsonl: 成功
f2_h1.6_C_rolling.jsonl: 成功
f2_h1.6_C_single.jsonl: 成功
f2_h1.6_D_rolling.jsonl: 成功
f2_h1.6_D_single.jsonl: 成功
f3_h1.2_A_rolling.jsonl: 成功
f3_h1.2_A_single.jsonl: 成功
f3_h1.2_B_rolling.jsonl: 成功
f3_h1.2_B_single.jsonl: 成功
f3_h1.2_C_rolling.jsonl: 成功
f3_h1.2_C_single.jsonl: 成功
f3_h1.2_D_rolling.jsonl: 成功
f3_h1.2_D_single.jsonl: 成功
f3_h1.6_A_rolling.jsonl: 成功
f3_h1.6_A_single.jsonl: 成功
f3_h1.6_B_rolling.jsonl: 成功
f3_h1.6_B_single.jsonl: 成功
f3_h1.6_C_rolling.jsonl: 成功
f3_h1.6_C_single.jsonl: 成功
f3_h1.6_D_rolling.jsonl: 成功
f3_h1.6_D_single.jsonl: 成功
manifest.json: 成功
summary.json: 成功
