f2_h1.2_A_single 118 109
f2_h1.2_B_single 118 85
f2_h1.2_C_single 118 85
f2_h1.2_D_single 118 85
f2_h1.2_A_rolling 106 106
f2_h1.2_B_rolling 106 10
f2_h1.2_C_rolling 106 10
f2_h1.2_D_rolling 106 10
f2_h1.6_A_single 118 109
f2_h1.6_B_single 118 85
f2_h1.6_C_single 118 85
f2_h1.6_D_single 118 85
f2_h1.6_A_rolling 106 106
f2_h1.6_B_rolling 106 10
f2_h1.6_C_rolling 106 10
f2_h1.6_D_rolling 106 10
f3_h1.2_A_single 489 450
f3_h1.2_B_single 489 396
f3_h1.2_C_single 489 368
f3_h1.2_D_single 489 322
f3_h1.2_A_rolling 470 468
f3_h1.2_B_rolling 470 405
f3_h1.2_C_rolling 470 8
f3_h1.2_D_rolling 470 6
f3_h1.6_A_single 489 450
f3_h1.6_B_single 489 398
f3_h1.6_C_single 489 379
f3_h1.6_D_single 489 337
f3_h1.6_A_rolling 470 461
f3_h1.6_B_rolling 470 8
f3_h1.6_C_rolling 470 370
f3_h1.6_D_rolling 470 378
