........................................................................ [  4%]
..........................................................s............. [  9%]
........................................................................ [ 14%]
........................................................................ [ 19%]
........................................................................ [ 24%]
........................................................................ [ 29%]
........................................................................ [ 33%]
........................................................................ [ 38%]
........................................................................ [ 43%]
........................................................................ [ 48%]
........................................................................ [ 53%]
........................................................................ [ 58%]
........................................................................ [ 63%]
........................................................................ [ 67%]
........................................................................ [ 72%]
........................................................................ [ 77%]
........................................................................ [ 82%]
........................................................................ [ 87%]
........................................................................ [ 92%]
........................................................................ [ 96%]
.............................................                            [100%]
=============================== warnings summary ===============================
src/uav_control/test/test_flake8.py::test_flake8
src/uav_control/test/test_flake8.py::test_flake8
  Warning: SelectableGroups dict interface is deprecated. Use select.

src/uav_control/test/test_p45_isolation.py::test_default_launch_resolves_log_directory_before_planner
  Warning: Loggers have been already configured to output to log files below /tmp/pytest-of-qin/pytest-103/camera_launch_logs0/2026-10-10-15-04-52-808439-qin-GLO-FX6-39. Proceed at your own risk.

-- Docs: https://docs.pytest.org/en/stable/warnings.html
1484 passed, 1 skipped, 3 warnings in 15.77s
