config/baseline.yaml: 成功
config/visual_geometry_diagnostics.yaml: 成功
evidence/terminal_cruise_build.log: 成功
evidence/terminal_cruise_code_fingerprint.json: 成功
evidence/terminal_cruise_feedback_red.log: 成功
evidence/terminal_cruise_feedback_tests.log: 成功
evidence/terminal_cruise_flake8.log: 成功
evidence/terminal_cruise_full_tests.log: 成功
evidence/terminal_cruise_repeat_1.log: 成功
evidence/terminal_cruise_repeat_1_freeze.json: 成功
evidence/terminal_cruise_repeat_1_freeze.log: 成功
evidence/terminal_cruise_repeat_1_speed_audit.json: 成功
evidence/terminal_cruise_repeat_1_speed_audit.log: 成功
evidence/terminal_cruise_repeat_1_speed_audit.png: 成功
evidence/terminal_cruise_repeat_2.log: 成功
evidence/terminal_cruise_repeat_2_cleanup.json: 成功
evidence/terminal_cruise_repeat_2_freeze.json: 成功
evidence/terminal_cruise_repeat_2_freeze.log: 成功
evidence/terminal_cruise_repeat_2_speed_audit.json: 成功
evidence/terminal_cruise_repeat_2_speed_audit.log: 成功
evidence/terminal_cruise_repeat_2_speed_audit.png: 成功
evidence/terminal_cruise_repeat_2_truth_subscribers.log: 成功
evidence/terminal_cruise_repeat_validation.json: 成功
evidence/terminal_cruise_user_phase_1.log: 成功
evidence/terminal_cruise_user_phase_1_freeze.json: 成功
evidence/terminal_cruise_user_phase_1_freeze.log: 成功
evidence/terminal_cruise_user_phase_1_speed_audit.json: 成功
evidence/terminal_cruise_user_phase_1_speed_audit.log: 成功
evidence/terminal_cruise_user_phase_1_speed_audit.png: 成功
evidence/terminal_cruise_validation_20261006.md: 成功
modular_intercept_20261006_093918_367847_mission_1.csv: 成功
modular_intercept_20261006_093918_367847_mission_1_config.yaml: 成功
modular_intercept_20261006_093918_367847_mission_1_summary.json: 成功
modular_intercept_20261006_093918_367847_mission_1_vision.csv: 成功
modular_intercept_20261006_095151_101120_mission_1.csv: 成功
modular_intercept_20261006_095151_101120_mission_1_config.yaml: 成功
modular_intercept_20261006_095151_101120_mission_1_summary.json: 成功
modular_intercept_20261006_095151_101120_mission_1_vision.csv: 成功
modular_intercept_20261006_095428_701507_mission_1.csv: 成功
modular_intercept_20261006_095428_701507_mission_1_config.yaml: 成功
modular_intercept_20261006_095428_701507_mission_1_summary.json: 成功
modular_intercept_20261006_095428_701507_mission_1_vision.csv: 成功
modular_intercept_20261006_095732_501270_mission_1.csv: 成功
modular_intercept_20261006_095732_501270_mission_1_config.yaml: 成功
modular_intercept_20261006_095732_501270_mission_1_summary.json: 成功
modular_intercept_20261006_095732_501270_mission_1_vision.csv: 成功
