[INFO] [1791342514.435472449] [dual_tof_selector]: DUAL TOF SELECTOR READY | front preferred | loss=3 frames | front recovery=10 frames | down fallback=False
[WARN] [1791342514.514428824] [dual_tof_selector]: ACTIVE CAMERA=none | front RGB/ToF=False/False | down RGB/ToF=False/False
[INFO] [1791342515.814343839] [dual_tof_selector]: ACTIVE CAMERA=front_tof | front RGB/ToF=True/True | down RGB/ToF=False/False
[INFO] [1791342515.914464253] [dual_tof_selector]: ACTIVE CAMERA=front_rgb_only | front RGB/ToF=True/False | down RGB/ToF=False/False
[INFO] [1791342516.014527583] [dual_tof_selector]: ACTIVE CAMERA=front_tof | front RGB/ToF=True/True | down RGB/ToF=False/False
[INFO] [1791342516.414403620] [dual_tof_selector]: ACTIVE CAMERA=front_rgb_only | front RGB/ToF=True/False | down RGB/ToF=False/False
[INFO] [1791342516.614453810] [dual_tof_selector]: ACTIVE CAMERA=front_tof | front RGB/ToF=True/True | down RGB/ToF=False/False
[INFO] [1791342516.814767915] [dual_tof_selector]: ACTIVE CAMERA=front_rgb_only | front RGB/ToF=True/False | down RGB/ToF=False/False
[INFO] [1791342516.915148789] [dual_tof_selector]: ACTIVE CAMERA=front_tof | front RGB/ToF=True/True | down RGB/ToF=False/False
[INFO] [1791342517.014386432] [dual_tof_selector]: ACTIVE CAMERA=front_rgb_only | front RGB/ToF=True/False | down RGB/ToF=False/False
[INFO] [1791342517.114513335] [dual_tof_selector]: ACTIVE CAMERA=front_tof | front RGB/ToF=True/True | down RGB/ToF=False/False
[INFO] [1791342517.214575643] [dual_tof_selector]: ACTIVE CAMERA=front_rgb_only | front RGB/ToF=True/False | down RGB/ToF=False/False
[INFO] [1791342517.314430110] [dual_tof_selector]: ACTIVE CAMERA=front_tof | front RGB/ToF=True/True | down RGB/ToF=False/False
[INFO] [1791342517.514521747] [dual_tof_selector]: ACTIVE CAMERA=front_rgb_only | front RGB/ToF=True/False | down RGB/ToF=False/False
[INFO] [1791342517.814296063] [dual_tof_selector]: ACTIVE CAMERA=front_tof | front RGB/ToF=True/True | down RGB/ToF=False/False
[INFO] [1791342518.013997231] [dual_tof_selector]: ACTIVE CAMERA=front_rgb_only | front RGB/ToF=True/False | down RGB/ToF=False/False
[INFO] [1791342518.114335573] [dual_tof_selector]: ACTIVE CAMERA=front_tof | front RGB/ToF=True/True | down RGB/ToF=False/False
[INFO] [1791342518.214340570] [dual_tof_selector]: ACTIVE CAMERA=front_rgb_only | front RGB/ToF=True/False | down RGB/ToF=False/False
[INFO] [1791342518.314508540] [dual_tof_selector]: ACTIVE CAMERA=front_tof | front RGB/ToF=True/True | down RGB/ToF=False/False
[INFO] [1791342518.413967815] [dual_tof_selector]: ACTIVE CAMERA=front_rgb_only | front RGB/ToF=True/False | down RGB/ToF=False/False
[INFO] [1791342518.514206275] [dual_tof_selector]: ACTIVE CAMERA=front_tof | front RGB/ToF=True/True | down RGB/ToF=False/False
[INFO] [1791342519.414283771] [dual_tof_selector]: ACTIVE CAMERA=front_rgb_only | front RGB/ToF=True/False | down RGB/ToF=False/False
[INFO] [1791342519.614317970] [dual_tof_selector]: ACTIVE CAMERA=front_tof | front RGB/ToF=True/True | down RGB/ToF=False/False
[INFO] [1791342519.814235155] [dual_tof_selector]: ACTIVE CAMERA=front_rgb_only | front RGB/ToF=True/False | down RGB/ToF=False/False
[INFO] [1791342520.213971785] [dual_tof_selector]: ACTIVE CAMERA=front_tof | front RGB/ToF=True/True | down RGB/ToF=False/False
[INFO] [1791342520.414491722] [dual_tof_selector]: ACTIVE CAMERA=front_rgb_only | front RGB/ToF=True/False | down RGB/ToF=False/False
[INFO] [1791342520.514689484] [dual_tof_selector]: ACTIVE CAMERA=front_tof | front RGB/ToF=True/True | down RGB/ToF=False/False
[INFO] [1791342520.614537332] [dual_tof_selector]: ACTIVE CAMERA=front_rgb_only | front RGB/ToF=True/False | down RGB/ToF=False/False
[INFO] [1791342520.815008556] [dual_tof_selector]: ACTIVE CAMERA=front_tof | front RGB/ToF=True/True | down RGB/ToF=False/False
[INFO] [1791342521.115202377] [dual_tof_selector]: ACTIVE CAMERA=front_rgb_only | front RGB/ToF=True/False | down RGB/ToF=False/False
[INFO] [1791342521.314186322] [dual_tof_selector]: ACTIVE CAMERA=front_tof | front RGB/ToF=True/True | down RGB/ToF=False/False
[INFO] [1791342521.814277942] [dual_tof_selector]: ACTIVE CAMERA=front_rgb_only | front RGB/ToF=True/False | down RGB/ToF=False/False
[INFO] [1791342522.015047268] [dual_tof_selector]: ACTIVE CAMERA=front_tof | front RGB/ToF=True/True | down RGB/ToF=False/False
[INFO] [1791342522.214868737] [dual_tof_selector]: ACTIVE CAMERA=front_rgb_only | front RGB/ToF=True/False | down RGB/ToF=False/False
[INFO] [1791342522.314077044] [dual_tof_selector]: ACTIVE CAMERA=front_tof | front RGB/ToF=True/True | down RGB/ToF=False/False
[INFO] [1791342522.415303989] [dual_tof_selector]: ACTIVE CAMERA=front_rgb_only | front RGB/ToF=True/False | down RGB/ToF=False/False
[INFO] [1791342522.514377897] [dual_tof_selector]: ACTIVE CAMERA=front_tof | front RGB/ToF=True/True | down RGB/ToF=False/False
[INFO] [1791342522.715829210] [dual_tof_selector]: ACTIVE CAMERA=front_rgb_only | front RGB/ToF=True/False | down RGB/ToF=False/False
[INFO] [1791342522.915397225] [dual_tof_selector]: ACTIVE CAMERA=front_tof | front RGB/ToF=True/True | down RGB/ToF=False/False
[INFO] [1791342523.115499091] [dual_tof_selector]: ACTIVE CAMERA=front_rgb_only | front RGB/ToF=True/False | down RGB/ToF=False/False
[INFO] [1791342523.214521808] [dual_tof_selector]: ACTIVE CAMERA=front_tof | front RGB/ToF=True/True | down RGB/ToF=False/False
[INFO] [1791342523.314739285] [dual_tof_selector]: ACTIVE CAMERA=front_rgb_only | front RGB/ToF=True/False | down RGB/ToF=False/False
[INFO] [1791342523.514398418] [dual_tof_selector]: ACTIVE CAMERA=front_tof | front RGB/ToF=True/True | down RGB/ToF=False/False
[INFO] [1791342523.715433973] [dual_tof_selector]: ACTIVE CAMERA=front_rgb_only | front RGB/ToF=True/False | down RGB/ToF=False/False
[INFO] [1791342523.815593924] [dual_tof_selector]: ACTIVE CAMERA=front_tof | front RGB/ToF=True/True | down RGB/ToF=False/False
[INFO] [1791342524.015725247] [dual_tof_selector]: ACTIVE CAMERA=front_rgb_only | front RGB/ToF=True/False | down RGB/ToF=False/False
[INFO] [1791342524.414123692] [dual_tof_selector]: ACTIVE CAMERA=front_tof | front RGB/ToF=True/True | down RGB/ToF=False/False
[INFO] [1791342524.514015995] [dual_tof_selector]: ACTIVE CAMERA=front_rgb_only | front RGB/ToF=True/False | down RGB/ToF=False/False
[INFO] [1791342524.614143169] [dual_tof_selector]: ACTIVE CAMERA=front_tof | front RGB/ToF=True/True | down RGB/ToF=False/False
[INFO] [1791342525.015010253] [dual_tof_selector]: ACTIVE CAMERA=front_rgb_only | front RGB/ToF=True/False | down RGB/ToF=False/False
[INFO] [1791342525.114791324] [dual_tof_selector]: ACTIVE CAMERA=front_tof | front RGB/ToF=True/True | down RGB/ToF=False/False
[INFO] [1791342525.214550452] [dual_tof_selector]: ACTIVE CAMERA=front_rgb_only | front RGB/ToF=True/False | down RGB/ToF=False/False
[INFO] [1791342525.314845390] [dual_tof_selector]: ACTIVE CAMERA=front_tof | front RGB/ToF=True/True | down RGB/ToF=False/False
[INFO] [1791342525.714756765] [dual_tof_selector]: ACTIVE CAMERA=front_rgb_only | front RGB/ToF=True/False | down RGB/ToF=False/False
[INFO] [1791342525.814832003] [dual_tof_selector]: ACTIVE CAMERA=front_tof | front RGB/ToF=True/True | down RGB/ToF=False/False
[INFO] [1791342526.215512564] [dual_tof_selector]: ACTIVE CAMERA=front_rgb_only | front RGB/ToF=True/False | down RGB/ToF=False/False
[INFO] [1791342526.314477326] [dual_tof_selector]: ACTIVE CAMERA=front_tof | front RGB/ToF=True/True | down RGB/ToF=False/False
[INFO] [1791342526.415600253] [dual_tof_selector]: ACTIVE CAMERA=front_rgb_only | front RGB/ToF=True/False | down RGB/ToF=False/False
[INFO] [1791342526.514668481] [dual_tof_selector]: ACTIVE CAMERA=front_tof | front RGB/ToF=True/True | down RGB/ToF=False/False
[INFO] [1791342526.914772366] [dual_tof_selector]: ACTIVE CAMERA=front_rgb_only | front RGB/ToF=True/False | down RGB/ToF=False/False
[INFO] [1791342527.014679990] [dual_tof_selector]: ACTIVE CAMERA=front_tof | front RGB/ToF=True/True | down RGB/ToF=False/False
[INFO] [1791342527.414706257] [dual_tof_selector]: ACTIVE CAMERA=front_rgb_only | front RGB/ToF=True/False | down RGB/ToF=False/False
[INFO] [1791342527.714459518] [dual_tof_selector]: ACTIVE CAMERA=front_tof | front RGB/ToF=True/True | down RGB/ToF=False/False
[INFO] [1791342528.314087335] [dual_tof_selector]: ACTIVE CAMERA=front_rgb_only | front RGB/ToF=True/False | down RGB/ToF=False/False
[INFO] [1791342528.414825852] [dual_tof_selector]: ACTIVE CAMERA=front_tof | front RGB/ToF=True/True | down RGB/ToF=False/False
[INFO] [1791342529.513929105] [dual_tof_selector]: ACTIVE CAMERA=front_rgb_only | front RGB/ToF=True/False | down RGB/ToF=False/False
[INFO] [1791342529.614728704] [dual_tof_selector]: ACTIVE CAMERA=front_tof | front RGB/ToF=True/True | down RGB/ToF=False/False
[INFO] [1791342529.814488062] [dual_tof_selector]: ACTIVE CAMERA=front_rgb_only | front RGB/ToF=True/False | down RGB/ToF=False/False
[INFO] [1791342529.914489106] [dual_tof_selector]: ACTIVE CAMERA=front_tof | front RGB/ToF=True/True | down RGB/ToF=False/False
[INFO] [1791342530.514132055] [dual_tof_selector]: ACTIVE CAMERA=front_rgb_only | front RGB/ToF=True/False | down RGB/ToF=False/False
[INFO] [1791342531.614170917] [dual_tof_selector]: ACTIVE CAMERA=front_tof | front RGB/ToF=True/True | down RGB/ToF=False/False
[WARN] [1791342532.113974556] [dual_tof_selector]: ACTIVE CAMERA=none | front RGB/ToF=False/False | down RGB/ToF=False/False
[INFO] [1791342533.614311063] [dual_tof_selector]: ACTIVE CAMERA=front_tof | front RGB/ToF=True/True | down RGB/ToF=False/False
[INFO] [1791342533.714313873] [dual_tof_selector]: ACTIVE CAMERA=front_rgb_only | front RGB/ToF=True/False | down RGB/ToF=False/False
[INFO] [1791342534.114269202] [dual_tof_selector]: ACTIVE CAMERA=front_tof | front RGB/ToF=True/True | down RGB/ToF=False/False
[INFO] [1791342534.914294341] [dual_tof_selector]: ACTIVE CAMERA=front_rgb_only | front RGB/ToF=True/False | down RGB/ToF=False/False
[INFO] [1791342540.914450898] [dual_tof_selector]: ACTIVE CAMERA=front_tof | front RGB/ToF=True/True | down RGB/ToF=False/False
[INFO] [1791342541.013838909] [dual_tof_selector]: ACTIVE CAMERA=front_rgb_only | front RGB/ToF=True/False | down RGB/ToF=False/False
[INFO] [1791342541.114967601] [dual_tof_selector]: ACTIVE CAMERA=front_tof | front RGB/ToF=True/True | down RGB/ToF=False/False
[INFO] [1791342541.314889709] [dual_tof_selector]: ACTIVE CAMERA=front_rgb_only | front RGB/ToF=True/False | down RGB/ToF=False/False
[INFO] [1791342541.414385745] [dual_tof_selector]: ACTIVE CAMERA=front_tof | front RGB/ToF=True/True | down RGB/ToF=False/False
[INFO] [1791342541.514330318] [dual_tof_selector]: ACTIVE CAMERA=front_rgb_only | front RGB/ToF=True/False | down RGB/ToF=False/False
[INFO] [1791342542.213980441] [dual_tof_selector]: ACTIVE CAMERA=front_tof | front RGB/ToF=True/True | down RGB/ToF=False/False
[INFO] [1791342542.414502840] [dual_tof_selector]: ACTIVE CAMERA=front_rgb_only | front RGB/ToF=True/False | down RGB/ToF=False/False
[INFO] [1791342543.214576897] [dual_tof_selector]: ACTIVE CAMERA=front_tof | front RGB/ToF=True/True | down RGB/ToF=False/False
[INFO] [1791342543.615200783] [dual_tof_selector]: ACTIVE CAMERA=front_rgb_only | front RGB/ToF=True/False | down RGB/ToF=False/False
[INFO] [1791342543.814449206] [dual_tof_selector]: ACTIVE CAMERA=front_tof | front RGB/ToF=True/True | down RGB/ToF=False/False
[INFO] [1791342544.014801416] [dual_tof_selector]: ACTIVE CAMERA=front_rgb_only | front RGB/ToF=True/False | down RGB/ToF=False/False
[INFO] [1791342544.114681926] [dual_tof_selector]: ACTIVE CAMERA=front_tof | front RGB/ToF=True/True | down RGB/ToF=False/False
[INFO] [1791342544.714260925] [dual_tof_selector]: ACTIVE CAMERA=front_rgb_only | front RGB/ToF=True/False | down RGB/ToF=False/False
[INFO] [1791342545.013946308] [dual_tof_selector]: ACTIVE CAMERA=front_tof | front RGB/ToF=True/True | down RGB/ToF=False/False
[INFO] [1791342545.114133433] [dual_tof_selector]: ACTIVE CAMERA=front_rgb_only | front RGB/ToF=True/False | down RGB/ToF=False/False
[INFO] [1791342545.214537174] [dual_tof_selector]: ACTIVE CAMERA=front_tof | front RGB/ToF=True/True | down RGB/ToF=False/False
[INFO] [1791342545.314729774] [dual_tof_selector]: ACTIVE CAMERA=front_rgb_only | front RGB/ToF=True/False | down RGB/ToF=False/False
[INFO] [1791342545.414790870] [dual_tof_selector]: ACTIVE CAMERA=front_tof | front RGB/ToF=True/True | down RGB/ToF=False/False
[INFO] [1791342545.614477187] [dual_tof_selector]: ACTIVE CAMERA=front_rgb_only | front RGB/ToF=True/False | down RGB/ToF=False/False
[INFO] [1791342546.014199403] [dual_tof_selector]: ACTIVE CAMERA=front_tof | front RGB/ToF=True/True | down RGB/ToF=False/False
[INFO] [1791342546.214389146] [dual_tof_selector]: ACTIVE CAMERA=front_rgb_only | front RGB/ToF=True/False | down RGB/ToF=False/False
[INFO] [1791342546.314427713] [dual_tof_selector]: ACTIVE CAMERA=front_tof | front RGB/ToF=True/True | down RGB/ToF=False/False
[INFO] [1791342547.214304403] [dual_tof_selector]: ACTIVE CAMERA=front_rgb_only | front RGB/ToF=True/False | down RGB/ToF=False/False
[INFO] [1791342547.314382840] [dual_tof_selector]: ACTIVE CAMERA=front_tof | front RGB/ToF=True/True | down RGB/ToF=False/False
[INFO] [1791342547.515143139] [dual_tof_selector]: ACTIVE CAMERA=front_rgb_only | front RGB/ToF=True/False | down RGB/ToF=False/False
[INFO] [1791342547.714575796] [dual_tof_selector]: ACTIVE CAMERA=front_tof | front RGB/ToF=True/True | down RGB/ToF=False/False
[INFO] [1791342548.115035277] [dual_tof_selector]: ACTIVE CAMERA=front_rgb_only | front RGB/ToF=True/False | down RGB/ToF=False/False
[INFO] [1791342548.213971111] [dual_tof_selector]: ACTIVE CAMERA=front_tof | front RGB/ToF=True/True | down RGB/ToF=False/False
[INFO] [1791342548.414233026] [dual_tof_selector]: ACTIVE CAMERA=front_rgb_only | front RGB/ToF=True/False | down RGB/ToF=False/False
[INFO] [1791342548.515173567] [dual_tof_selector]: ACTIVE CAMERA=front_tof | front RGB/ToF=True/True | down RGB/ToF=False/False
[INFO] [1791342548.614333836] [dual_tof_selector]: ACTIVE CAMERA=front_rgb_only | front RGB/ToF=True/False | down RGB/ToF=False/False
[INFO] [1791342548.714584222] [dual_tof_selector]: ACTIVE CAMERA=front_tof | front RGB/ToF=True/True | down RGB/ToF=False/False
[INFO] [1791342548.914309942] [dual_tof_selector]: ACTIVE CAMERA=front_rgb_only | front RGB/ToF=True/False | down RGB/ToF=False/False
[INFO] [1791342549.114772764] [dual_tof_selector]: ACTIVE CAMERA=front_tof | front RGB/ToF=True/True | down RGB/ToF=False/False
[INFO] [1791342549.314361187] [dual_tof_selector]: ACTIVE CAMERA=front_rgb_only | front RGB/ToF=True/False | down RGB/ToF=False/False
[INFO] [1791342549.514596369] [dual_tof_selector]: ACTIVE CAMERA=front_tof | front RGB/ToF=True/True | down RGB/ToF=False/False
[INFO] [1791342549.913916115] [dual_tof_selector]: ACTIVE CAMERA=front_rgb_only | front RGB/ToF=True/False | down RGB/ToF=False/False
[INFO] [1791342550.013947904] [dual_tof_selector]: ACTIVE CAMERA=front_tof | front RGB/ToF=True/True | down RGB/ToF=False/False
[INFO] [1791342550.214341277] [dual_tof_selector]: ACTIVE CAMERA=front_rgb_only | front RGB/ToF=True/False | down RGB/ToF=False/False
[INFO] [1791342550.414360806] [dual_tof_selector]: ACTIVE CAMERA=front_tof | front RGB/ToF=True/True | down RGB/ToF=False/False
[INFO] [1791342550.814807069] [dual_tof_selector]: ACTIVE CAMERA=front_rgb_only | front RGB/ToF=True/False | down RGB/ToF=False/False
[INFO] [1791342550.914132681] [dual_tof_selector]: ACTIVE CAMERA=front_tof | front RGB/ToF=True/True | down RGB/ToF=False/False
[INFO] [1791342551.014491401] [dual_tof_selector]: ACTIVE CAMERA=front_rgb_only | front RGB/ToF=True/False | down RGB/ToF=False/False
[INFO] [1791342551.214042996] [dual_tof_selector]: ACTIVE CAMERA=front_tof | front RGB/ToF=True/True | down RGB/ToF=False/False
[INFO] [1791342551.314063427] [dual_tof_selector]: ACTIVE CAMERA=front_rgb_only | front RGB/ToF=True/False | down RGB/ToF=False/False
[INFO] [1791342551.414713207] [dual_tof_selector]: ACTIVE CAMERA=front_tof | front RGB/ToF=True/True | down RGB/ToF=False/False
[INFO] [1791342552.014679453] [dual_tof_selector]: ACTIVE CAMERA=front_rgb_only | front RGB/ToF=True/False | down RGB/ToF=False/False
[INFO] [1791342552.114450203] [dual_tof_selector]: ACTIVE CAMERA=front_tof | front RGB/ToF=True/True | down RGB/ToF=False/False
[INFO] [1791342552.215504795] [dual_tof_selector]: ACTIVE CAMERA=front_rgb_only | front RGB/ToF=True/False | down RGB/ToF=False/False
[INFO] [1791342552.314610294] [dual_tof_selector]: ACTIVE CAMERA=front_tof | front RGB/ToF=True/True | down RGB/ToF=False/False
[INFO] [1791342552.514515721] [dual_tof_selector]: ACTIVE CAMERA=front_rgb_only | front RGB/ToF=True/False | down RGB/ToF=False/False
[INFO] [1791342552.615989405] [dual_tof_selector]: ACTIVE CAMERA=front_tof | front RGB/ToF=True/True | down RGB/ToF=False/False
[INFO] [1791342552.714049541] [dual_tof_selector]: ACTIVE CAMERA=front_rgb_only | front RGB/ToF=True/False | down RGB/ToF=False/False
[INFO] [1791342552.915947710] [dual_tof_selector]: ACTIVE CAMERA=front_tof | front RGB/ToF=True/True | down RGB/ToF=False/False
[INFO] [1791342553.416529156] [dual_tof_selector]: ACTIVE CAMERA=front_rgb_only | front RGB/ToF=True/False | down RGB/ToF=False/False
[INFO] [1791342553.716049278] [dual_tof_selector]: ACTIVE CAMERA=front_tof | front RGB/ToF=True/True | down RGB/ToF=False/False
[INFO] [1791342553.914135120] [dual_tof_selector]: ACTIVE CAMERA=front_rgb_only | front RGB/ToF=True/False | down RGB/ToF=False/False
[INFO] [1791342554.114331039] [dual_tof_selector]: ACTIVE CAMERA=front_tof | front RGB/ToF=True/True | down RGB/ToF=False/False
[INFO] [1791342554.314639204] [dual_tof_selector]: ACTIVE CAMERA=front_rgb_only | front RGB/ToF=True/False | down RGB/ToF=False/False
[INFO] [1791342554.413954989] [dual_tof_selector]: ACTIVE CAMERA=front_tof | front RGB/ToF=True/True | down RGB/ToF=False/False
[INFO] [1791342554.514237232] [dual_tof_selector]: ACTIVE CAMERA=front_rgb_only | front RGB/ToF=True/False | down RGB/ToF=False/False
[INFO] [1791342554.614135965] [dual_tof_selector]: ACTIVE CAMERA=front_tof | front RGB/ToF=True/True | down RGB/ToF=False/False
[INFO] [1791342555.014484996] [dual_tof_selector]: ACTIVE CAMERA=front_rgb_only | front RGB/ToF=True/False | down RGB/ToF=False/False
[INFO] [1791342555.314380695] [dual_tof_selector]: ACTIVE CAMERA=front_tof | front RGB/ToF=True/True | down RGB/ToF=False/False
[INFO] [1791342555.414340048] [dual_tof_selector]: ACTIVE CAMERA=front_rgb_only | front RGB/ToF=True/False | down RGB/ToF=False/False
[INFO] [1791342555.614355871] [dual_tof_selector]: ACTIVE CAMERA=front_tof | front RGB/ToF=True/True | down RGB/ToF=False/False
[INFO] [1791342556.014016580] [dual_tof_selector]: ACTIVE CAMERA=front_rgb_only | front RGB/ToF=True/False | down RGB/ToF=False/False
[INFO] [1791342556.114880827] [dual_tof_selector]: ACTIVE CAMERA=front_tof | front RGB/ToF=True/True | down RGB/ToF=False/False
[INFO] [1791342556.214822621] [dual_tof_selector]: ACTIVE CAMERA=front_rgb_only | front RGB/ToF=True/False | down RGB/ToF=False/False
[INFO] [1791342556.315326996] [dual_tof_selector]: ACTIVE CAMERA=front_tof | front RGB/ToF=True/True | down RGB/ToF=False/False
[INFO] [1791342556.414298145] [dual_tof_selector]: ACTIVE CAMERA=front_rgb_only | front RGB/ToF=True/False | down RGB/ToF=False/False
[INFO] [1791342556.514416594] [dual_tof_selector]: ACTIVE CAMERA=front_tof | front RGB/ToF=True/True | down RGB/ToF=False/False
[INFO] [1791342557.614409530] [dual_tof_selector]: ACTIVE CAMERA=front_rgb_only | front RGB/ToF=True/False | down RGB/ToF=False/False
[INFO] [1791342557.714453368] [dual_tof_selector]: ACTIVE CAMERA=front_tof | front RGB/ToF=True/True | down RGB/ToF=False/False
[INFO] [1791342557.914226479] [dual_tof_selector]: ACTIVE CAMERA=front_rgb_only | front RGB/ToF=True/False | down RGB/ToF=False/False
[INFO] [1791342558.114731596] [dual_tof_selector]: ACTIVE CAMERA=front_tof | front RGB/ToF=True/True | down RGB/ToF=False/False
[INFO] [1791342558.214491327] [dual_tof_selector]: ACTIVE CAMERA=front_rgb_only | front RGB/ToF=True/False | down RGB/ToF=False/False
[INFO] [1791342558.314400122] [dual_tof_selector]: ACTIVE CAMERA=front_tof | front RGB/ToF=True/True | down RGB/ToF=False/False
[INFO] [1791342558.414385793] [dual_tof_selector]: ACTIVE CAMERA=front_rgb_only | front RGB/ToF=True/False | down RGB/ToF=False/False
[INFO] [1791342558.514421423] [dual_tof_selector]: ACTIVE CAMERA=front_tof | front RGB/ToF=True/True | down RGB/ToF=False/False
[INFO] [1791342558.614448783] [dual_tof_selector]: ACTIVE CAMERA=front_rgb_only | front RGB/ToF=True/False | down RGB/ToF=False/False
[INFO] [1791342558.814350990] [dual_tof_selector]: ACTIVE CAMERA=front_tof | front RGB/ToF=True/True | down RGB/ToF=False/False
[INFO] [1791342559.214661372] [dual_tof_selector]: ACTIVE CAMERA=front_rgb_only | front RGB/ToF=True/False | down RGB/ToF=False/False
[INFO] [1791342559.414531799] [dual_tof_selector]: ACTIVE CAMERA=front_tof | front RGB/ToF=True/True | down RGB/ToF=False/False
[INFO] [1791342559.614506855] [dual_tof_selector]: ACTIVE CAMERA=front_rgb_only | front RGB/ToF=True/False | down RGB/ToF=False/False
[INFO] [1791342559.714392077] [dual_tof_selector]: ACTIVE CAMERA=front_tof | front RGB/ToF=True/True | down RGB/ToF=False/False
[INFO] [1791342559.814517055] [dual_tof_selector]: ACTIVE CAMERA=front_rgb_only | front RGB/ToF=True/False | down RGB/ToF=False/False
[INFO] [1791342560.014379964] [dual_tof_selector]: ACTIVE CAMERA=front_tof | front RGB/ToF=True/True | down RGB/ToF=False/False
[INFO] [1791342560.214469157] [dual_tof_selector]: ACTIVE CAMERA=front_rgb_only | front RGB/ToF=True/False | down RGB/ToF=False/False
[INFO] [1791342560.614470668] [dual_tof_selector]: ACTIVE CAMERA=front_tof | front RGB/ToF=True/True | down RGB/ToF=False/False
[INFO] [1791342560.814493862] [dual_tof_selector]: ACTIVE CAMERA=front_rgb_only | front RGB/ToF=True/False | down RGB/ToF=False/False
[INFO] [1791342560.914124314] [dual_tof_selector]: ACTIVE CAMERA=front_tof | front RGB/ToF=True/True | down RGB/ToF=False/False
[INFO] [1791342561.314148277] [dual_tof_selector]: ACTIVE CAMERA=front_rgb_only | front RGB/ToF=True/False | down RGB/ToF=False/False
[INFO] [1791342561.414344204] [dual_tof_selector]: ACTIVE CAMERA=front_tof | front RGB/ToF=True/True | down RGB/ToF=False/False
[INFO] [1791342562.014289653] [dual_tof_selector]: ACTIVE CAMERA=front_rgb_only | front RGB/ToF=True/False | down RGB/ToF=False/False
[INFO] [1791342562.114158157] [dual_tof_selector]: ACTIVE CAMERA=front_tof | front RGB/ToF=True/True | down RGB/ToF=False/False
[INFO] [1791342562.314343249] [dual_tof_selector]: ACTIVE CAMERA=front_rgb_only | front RGB/ToF=True/False | down RGB/ToF=False/False
[INFO] [1791342562.814112307] [dual_tof_selector]: ACTIVE CAMERA=front_tof | front RGB/ToF=True/True | down RGB/ToF=False/False
[INFO] [1791342563.014221776] [dual_tof_selector]: ACTIVE CAMERA=front_rgb_only | front RGB/ToF=True/False | down RGB/ToF=False/False
[INFO] [1791342563.114079998] [dual_tof_selector]: ACTIVE CAMERA=front_tof | front RGB/ToF=True/True | down RGB/ToF=False/False
[INFO] [1791342563.914443522] [dual_tof_selector]: ACTIVE CAMERA=front_rgb_only | front RGB/ToF=True/False | down RGB/ToF=False/False
[INFO] [1791342564.014026442] [dual_tof_selector]: ACTIVE CAMERA=front_tof | front RGB/ToF=True/True | down RGB/ToF=False/False
[INFO] [1791342564.114467171] [dual_tof_selector]: ACTIVE CAMERA=front_rgb_only | front RGB/ToF=True/False | down RGB/ToF=False/False
[INFO] [1791342564.214330342] [dual_tof_selector]: ACTIVE CAMERA=front_tof | front RGB/ToF=True/True | down RGB/ToF=False/False
[INFO] [1791342564.314660303] [dual_tof_selector]: ACTIVE CAMERA=front_rgb_only | front RGB/ToF=True/False | down RGB/ToF=False/False
[INFO] [1791342564.414850771] [dual_tof_selector]: ACTIVE CAMERA=front_tof | front RGB/ToF=True/True | down RGB/ToF=False/False
[INFO] [1791342565.514445751] [dual_tof_selector]: ACTIVE CAMERA=front_rgb_only | front RGB/ToF=True/False | down RGB/ToF=False/False
[INFO] [1791342565.714496555] [dual_tof_selector]: ACTIVE CAMERA=front_tof | front RGB/ToF=True/True | down RGB/ToF=False/False
[INFO] [1791342565.814602589] [dual_tof_selector]: ACTIVE CAMERA=front_rgb_only | front RGB/ToF=True/False | down RGB/ToF=False/False
[INFO] [1791342566.214622738] [dual_tof_selector]: ACTIVE CAMERA=front_tof | front RGB/ToF=True/True | down RGB/ToF=False/False
[INFO] [1791342566.314378163] [dual_tof_selector]: ACTIVE CAMERA=front_rgb_only | front RGB/ToF=True/False | down RGB/ToF=False/False
[INFO] [1791342567.214411495] [dual_tof_selector]: ACTIVE CAMERA=front_tof | front RGB/ToF=True/True | down RGB/ToF=False/False
[INFO] [1791342567.314415034] [dual_tof_selector]: ACTIVE CAMERA=front_rgb_only | front RGB/ToF=True/False | down RGB/ToF=False/False
[INFO] [1791342567.414480943] [dual_tof_selector]: ACTIVE CAMERA=front_tof | front RGB/ToF=True/True | down RGB/ToF=False/False
[INFO] [1791342568.814453245] [dual_tof_selector]: ACTIVE CAMERA=front_rgb_only | front RGB/ToF=True/False | down RGB/ToF=False/False
[INFO] [1791342569.014360551] [dual_tof_selector]: ACTIVE CAMERA=front_tof | front RGB/ToF=True/True | down RGB/ToF=False/False
[INFO] [1791342569.414057523] [dual_tof_selector]: ACTIVE CAMERA=front_rgb_only | front RGB/ToF=True/False | down RGB/ToF=False/False
[INFO] [1791342569.514549170] [dual_tof_selector]: ACTIVE CAMERA=front_tof | front RGB/ToF=True/True | down RGB/ToF=False/False
[INFO] [1791342569.614646145] [dual_tof_selector]: ACTIVE CAMERA=front_rgb_only | front RGB/ToF=True/False | down RGB/ToF=False/False
[INFO] [1791342569.714861778] [dual_tof_selector]: ACTIVE CAMERA=front_tof | front RGB/ToF=True/True | down RGB/ToF=False/False
[INFO] [1791342569.914388192] [dual_tof_selector]: ACTIVE CAMERA=front_rgb_only | front RGB/ToF=True/False | down RGB/ToF=False/False
[INFO] [1791342570.014710411] [dual_tof_selector]: ACTIVE CAMERA=front_tof | front RGB/ToF=True/True | down RGB/ToF=False/False
[INFO] [1791342570.114672206] [dual_tof_selector]: ACTIVE CAMERA=front_rgb_only | front RGB/ToF=True/False | down RGB/ToF=False/False
[INFO] [1791342570.314466594] [dual_tof_selector]: ACTIVE CAMERA=front_tof | front RGB/ToF=True/True | down RGB/ToF=False/False
[INFO] [1791342570.615924838] [dual_tof_selector]: ACTIVE CAMERA=front_rgb_only | front RGB/ToF=True/False | down RGB/ToF=False/False
[INFO] [1791342570.814910618] [dual_tof_selector]: ACTIVE CAMERA=front_tof | front RGB/ToF=True/True | down RGB/ToF=False/False
[INFO] [1791342570.914245846] [dual_tof_selector]: ACTIVE CAMERA=front_rgb_only | front RGB/ToF=True/False | down RGB/ToF=False/False
[INFO] [1791342571.014342033] [dual_tof_selector]: ACTIVE CAMERA=front_tof | front RGB/ToF=True/True | down RGB/ToF=False/False
[INFO] [1791342571.114505660] [dual_tof_selector]: ACTIVE CAMERA=front_rgb_only | front RGB/ToF=True/False | down RGB/ToF=False/False
[INFO] [1791342571.314291467] [dual_tof_selector]: ACTIVE CAMERA=front_tof | front RGB/ToF=True/True | down RGB/ToF=False/False
[INFO] [1791342571.514452490] [dual_tof_selector]: ACTIVE CAMERA=front_rgb_only | front RGB/ToF=True/False | down RGB/ToF=False/False
[INFO] [1791342571.715310536] [dual_tof_selector]: ACTIVE CAMERA=front_tof | front RGB/ToF=True/True | down RGB/ToF=False/False
[INFO] [1791342571.814463508] [dual_tof_selector]: ACTIVE CAMERA=front_rgb_only | front RGB/ToF=True/False | down RGB/ToF=False/False
[INFO] [1791342572.214064090] [dual_tof_selector]: ACTIVE CAMERA=front_tof | front RGB/ToF=True/True | down RGB/ToF=False/False
[INFO] [1791342572.315146268] [dual_tof_selector]: ACTIVE CAMERA=front_rgb_only | front RGB/ToF=True/False | down RGB/ToF=False/False
[INFO] [1791342572.514302236] [dual_tof_selector]: ACTIVE CAMERA=front_tof | front RGB/ToF=True/True | down RGB/ToF=False/False
[INFO] [1791342572.714514254] [dual_tof_selector]: ACTIVE CAMERA=front_rgb_only | front RGB/ToF=True/False | down RGB/ToF=False/False
[INFO] [1791342572.814638844] [dual_tof_selector]: ACTIVE CAMERA=front_tof | front RGB/ToF=True/True | down RGB/ToF=False/False
[WARN] [1791342573.014852231] [dual_tof_selector]: ACTIVE CAMERA=none | front RGB/ToF=False/False | down RGB/ToF=False/False
[INFO] [1791342573.314398951] [dual_tof_selector]: ACTIVE CAMERA=front_tof | front RGB/ToF=True/True | down RGB/ToF=False/False
[INFO] [1791342573.714983269] [dual_tof_selector]: ACTIVE CAMERA=front_rgb_only | front RGB/ToF=True/False | down RGB/ToF=False/False
[INFO] [1791342573.815287132] [dual_tof_selector]: ACTIVE CAMERA=front_tof | front RGB/ToF=True/True | down RGB/ToF=False/False
[INFO] [1791342574.614954707] [dual_tof_selector]: ACTIVE CAMERA=front_rgb_only | front RGB/ToF=True/False | down RGB/ToF=False/False
[INFO] [1791342574.714605582] [dual_tof_selector]: ACTIVE CAMERA=front_tof | front RGB/ToF=True/True | down RGB/ToF=False/False
[INFO] [1791342574.913984329] [dual_tof_selector]: ACTIVE CAMERA=front_rgb_only | front RGB/ToF=True/False | down RGB/ToF=False/False
[INFO] [1791342575.114645252] [dual_tof_selector]: ACTIVE CAMERA=front_tof | front RGB/ToF=True/True | down RGB/ToF=False/False
[INFO] [1791342575.514525998] [dual_tof_selector]: ACTIVE CAMERA=front_rgb_only | front RGB/ToF=True/False | down RGB/ToF=False/False
[INFO] [1791342575.617069928] [dual_tof_selector]: ACTIVE CAMERA=front_tof | front RGB/ToF=True/True | down RGB/ToF=False/False
[INFO] [1791342576.214417286] [dual_tof_selector]: ACTIVE CAMERA=front_rgb_only | front RGB/ToF=True/False | down RGB/ToF=False/False
[INFO] [1791342576.314279134] [dual_tof_selector]: ACTIVE CAMERA=front_tof | front RGB/ToF=True/True | down RGB/ToF=False/False
[INFO] [1791342576.715089037] [dual_tof_selector]: ACTIVE CAMERA=front_rgb_only | front RGB/ToF=True/False | down RGB/ToF=False/False
[INFO] [1791342576.814675187] [dual_tof_selector]: ACTIVE CAMERA=front_tof | front RGB/ToF=True/True | down RGB/ToF=False/False
[INFO] [1791342576.913896091] [dual_tof_selector]: ACTIVE CAMERA=front_rgb_only | front RGB/ToF=True/False | down RGB/ToF=False/False
[INFO] [1791342577.114816534] [dual_tof_selector]: ACTIVE CAMERA=front_tof | front RGB/ToF=True/True | down RGB/ToF=False/False
[INFO] [1791342577.214075708] [dual_tof_selector]: ACTIVE CAMERA=front_rgb_only | front RGB/ToF=True/False | down RGB/ToF=False/False
[INFO] [1791342577.314870300] [dual_tof_selector]: ACTIVE CAMERA=front_tof | front RGB/ToF=True/True | down RGB/ToF=False/False
[INFO] [1791342577.514520806] [dual_tof_selector]: ACTIVE CAMERA=front_rgb_only | front RGB/ToF=True/False | down RGB/ToF=False/False
[INFO] [1791342577.614923624] [dual_tof_selector]: ACTIVE CAMERA=front_tof | front RGB/ToF=True/True | down RGB/ToF=False/False
[INFO] [1791342577.714436054] [dual_tof_selector]: ACTIVE CAMERA=front_rgb_only | front RGB/ToF=True/False | down RGB/ToF=False/False
[INFO] [1791342577.815480201] [dual_tof_selector]: ACTIVE CAMERA=front_tof | front RGB/ToF=True/True | down RGB/ToF=False/False
[INFO] [1791342578.215028545] [dual_tof_selector]: ACTIVE CAMERA=front_rgb_only | front RGB/ToF=True/False | down RGB/ToF=False/False
[INFO] [1791342578.414841159] [dual_tof_selector]: ACTIVE CAMERA=front_tof | front RGB/ToF=True/True | down RGB/ToF=False/False
[INFO] [1791342578.914635091] [dual_tof_selector]: ACTIVE CAMERA=front_rgb_only | front RGB/ToF=True/False | down RGB/ToF=False/False
[INFO] [1791342579.115061647] [dual_tof_selector]: ACTIVE CAMERA=front_tof | front RGB/ToF=True/True | down RGB/ToF=False/False
[INFO] [1791342579.514215542] [dual_tof_selector]: ACTIVE CAMERA=front_rgb_only | front RGB/ToF=True/False | down RGB/ToF=False/False
[INFO] [1791342579.614401170] [dual_tof_selector]: ACTIVE CAMERA=front_tof | front RGB/ToF=True/True | down RGB/ToF=False/False
[INFO] [1791342579.714865362] [dual_tof_selector]: ACTIVE CAMERA=front_rgb_only | front RGB/ToF=True/False | down RGB/ToF=False/False
[WARN] [1791342580.015128751] [dual_tof_selector]: ACTIVE CAMERA=none | front RGB/ToF=False/False | down RGB/ToF=False/False
[INFO] [1791342580.915006039] [dual_tof_selector]: ACTIVE CAMERA=front_rgb_only | front RGB/ToF=True/False | down RGB/ToF=False/False
[INFO] [1791342581.215742202] [dual_tof_selector]: ACTIVE CAMERA=front_tof | front RGB/ToF=True/True | down RGB/ToF=False/False
[INFO] [1791342581.414221383] [dual_tof_selector]: ACTIVE CAMERA=front_rgb_only | front RGB/ToF=True/False | down RGB/ToF=False/False
[INFO] [1791342581.515184995] [dual_tof_selector]: ACTIVE CAMERA=front_tof | front RGB/ToF=True/True | down RGB/ToF=False/False
[INFO] [1791342581.615167430] [dual_tof_selector]: ACTIVE CAMERA=front_rgb_only | front RGB/ToF=True/False | down RGB/ToF=False/False
[INFO] [1791342581.814710200] [dual_tof_selector]: ACTIVE CAMERA=front_tof | front RGB/ToF=True/True | down RGB/ToF=False/False
[INFO] [1791342582.015213143] [dual_tof_selector]: ACTIVE CAMERA=front_rgb_only | front RGB/ToF=True/False | down RGB/ToF=False/False
[INFO] [1791342582.115444049] [dual_tof_selector]: ACTIVE CAMERA=front_tof | front RGB/ToF=True/True | down RGB/ToF=False/False
[INFO] [1791342582.514613285] [dual_tof_selector]: ACTIVE CAMERA=front_rgb_only | front RGB/ToF=True/False | down RGB/ToF=False/False
[INFO] [1791342582.615268320] [dual_tof_selector]: ACTIVE CAMERA=front_tof | front RGB/ToF=True/True | down RGB/ToF=False/False
[INFO] [1791342582.715133172] [dual_tof_selector]: ACTIVE CAMERA=front_rgb_only | front RGB/ToF=True/False | down RGB/ToF=False/False
[INFO] [1791342583.015648064] [dual_tof_selector]: ACTIVE CAMERA=front_tof | front RGB/ToF=True/True | down RGB/ToF=False/False
[INFO] [1791342583.914242573] [dual_tof_selector]: ACTIVE CAMERA=front_rgb_only | front RGB/ToF=True/False | down RGB/ToF=False/False
[INFO] [1791342584.115313373] [dual_tof_selector]: ACTIVE CAMERA=front_tof | front RGB/ToF=True/True | down RGB/ToF=False/False
[INFO] [1791342584.315096561] [dual_tof_selector]: ACTIVE CAMERA=front_rgb_only | front RGB/ToF=True/False | down RGB/ToF=False/False
[INFO] [1791342584.415475659] [dual_tof_selector]: ACTIVE CAMERA=front_tof | front RGB/ToF=True/True | down RGB/ToF=False/False
[INFO] [1791342585.014519743] [dual_tof_selector]: ACTIVE CAMERA=front_rgb_only | front RGB/ToF=True/False | down RGB/ToF=False/False
[INFO] [1791342585.114613682] [dual_tof_selector]: ACTIVE CAMERA=front_tof | front RGB/ToF=True/True | down RGB/ToF=False/False
[INFO] [1791342585.514739796] [dual_tof_selector]: ACTIVE CAMERA=front_rgb_only | front RGB/ToF=True/False | down RGB/ToF=False/False
[INFO] [1791342585.614062764] [dual_tof_selector]: ACTIVE CAMERA=front_tof | front RGB/ToF=True/True | down RGB/ToF=False/False
[INFO] [1791342585.714101324] [dual_tof_selector]: ACTIVE CAMERA=front_rgb_only | front RGB/ToF=True/False | down RGB/ToF=False/False
[INFO] [1791342586.214268255] [dual_tof_selector]: ACTIVE CAMERA=front_tof | front RGB/ToF=True/True | down RGB/ToF=False/False
[INFO] [1791342586.315495135] [dual_tof_selector]: ACTIVE CAMERA=front_rgb_only | front RGB/ToF=True/False | down RGB/ToF=False/False
[INFO] [1791342586.415092281] [dual_tof_selector]: ACTIVE CAMERA=front_tof | front RGB/ToF=True/True | down RGB/ToF=False/False
[INFO] [1791342587.014226963] [dual_tof_selector]: ACTIVE CAMERA=front_rgb_only | front RGB/ToF=True/False | down RGB/ToF=False/False
[INFO] [1791342587.114746773] [dual_tof_selector]: ACTIVE CAMERA=front_tof | front RGB/ToF=True/True | down RGB/ToF=False/False
[INFO] [1791342587.514404633] [dual_tof_selector]: ACTIVE CAMERA=front_rgb_only | front RGB/ToF=True/False | down RGB/ToF=False/False
[INFO] [1791342587.615340197] [dual_tof_selector]: ACTIVE CAMERA=front_tof | front RGB/ToF=True/True | down RGB/ToF=False/False
[INFO] [1791342588.015466097] [dual_tof_selector]: ACTIVE CAMERA=front_rgb_only | front RGB/ToF=True/False | down RGB/ToF=False/False
[INFO] [1791342588.414846589] [dual_tof_selector]: ACTIVE CAMERA=front_tof | front RGB/ToF=True/True | down RGB/ToF=False/False
[INFO] [1791342588.513973979] [dual_tof_selector]: ACTIVE CAMERA=front_rgb_only | front RGB/ToF=True/False | down RGB/ToF=False/False
[INFO] [1791342588.614111354] [dual_tof_selector]: ACTIVE CAMERA=front_tof | front RGB/ToF=True/True | down RGB/ToF=False/False
[INFO] [1791342589.514830964] [dual_tof_selector]: ACTIVE CAMERA=front_rgb_only | front RGB/ToF=True/False | down RGB/ToF=False/False
[INFO] [1791342589.715380372] [dual_tof_selector]: ACTIVE CAMERA=front_tof | front RGB/ToF=True/True | down RGB/ToF=False/False
[INFO] [1791342590.614139998] [dual_tof_selector]: ACTIVE CAMERA=front_rgb_only | front RGB/ToF=True/False | down RGB/ToF=False/False
[INFO] [1791342590.715470526] [dual_tof_selector]: ACTIVE CAMERA=front_tof | front RGB/ToF=True/True | down RGB/ToF=False/False
[INFO] [1791342591.814376841] [dual_tof_selector]: ACTIVE CAMERA=front_rgb_only | front RGB/ToF=True/False | down RGB/ToF=False/False
[INFO] [1791342592.314751731] [dual_tof_selector]: ACTIVE CAMERA=front_tof | front RGB/ToF=True/True | down RGB/ToF=False/False
[INFO] [1791342592.415149718] [dual_tof_selector]: ACTIVE CAMERA=front_rgb_only | front RGB/ToF=True/False | down RGB/ToF=False/False
[INFO] [1791342592.515609144] [dual_tof_selector]: ACTIVE CAMERA=front_tof | front RGB/ToF=True/True | down RGB/ToF=False/False
[INFO] [1791342592.614411718] [dual_tof_selector]: ACTIVE CAMERA=front_rgb_only | front RGB/ToF=True/False | down RGB/ToF=False/False
[INFO] [1791342592.714287250] [dual_tof_selector]: ACTIVE CAMERA=front_tof | front RGB/ToF=True/True | down RGB/ToF=False/False
[INFO] [1791342593.115134456] [dual_tof_selector]: ACTIVE CAMERA=front_rgb_only | front RGB/ToF=True/False | down RGB/ToF=False/False
[INFO] [1791342593.214824846] [dual_tof_selector]: ACTIVE CAMERA=front_tof | front RGB/ToF=True/True | down RGB/ToF=False/False
[INFO] [1791342593.314640944] [dual_tof_selector]: ACTIVE CAMERA=front_rgb_only | front RGB/ToF=True/False | down RGB/ToF=False/False
[INFO] [1791342593.414546500] [dual_tof_selector]: ACTIVE CAMERA=front_tof | front RGB/ToF=True/True | down RGB/ToF=False/False
[INFO] [1791342593.814593516] [dual_tof_selector]: ACTIVE CAMERA=front_rgb_only | front RGB/ToF=True/False | down RGB/ToF=False/False
[INFO] [1791342593.914786911] [dual_tof_selector]: ACTIVE CAMERA=front_tof | front RGB/ToF=True/True | down RGB/ToF=False/False
[INFO] [1791342594.314351321] [dual_tof_selector]: ACTIVE CAMERA=front_rgb_only | front RGB/ToF=True/False | down RGB/ToF=False/False
[INFO] [1791342594.614791870] [dual_tof_selector]: ACTIVE CAMERA=front_tof | front RGB/ToF=True/True | down RGB/ToF=False/False
[INFO] [1791342594.714817828] [dual_tof_selector]: ACTIVE CAMERA=front_rgb_only | front RGB/ToF=True/False | down RGB/ToF=False/False
[INFO] [1791342594.814351748] [dual_tof_selector]: ACTIVE CAMERA=front_tof | front RGB/ToF=True/True | down RGB/ToF=False/False
[INFO] [1791342594.914774540] [dual_tof_selector]: ACTIVE CAMERA=front_rgb_only | front RGB/ToF=True/False | down RGB/ToF=False/False
[INFO] [1791342595.015407804] [dual_tof_selector]: ACTIVE CAMERA=front_tof | front RGB/ToF=True/True | down RGB/ToF=False/False
[INFO] [1791342595.114484537] [dual_tof_selector]: ACTIVE CAMERA=front_rgb_only | front RGB/ToF=True/False | down RGB/ToF=False/False
[INFO] [1791342595.514070345] [dual_tof_selector]: ACTIVE CAMERA=front_tof | front RGB/ToF=True/True | down RGB/ToF=False/False
[INFO] [1791342595.614578882] [dual_tof_selector]: ACTIVE CAMERA=front_rgb_only | front RGB/ToF=True/False | down RGB/ToF=False/False
[INFO] [1791342595.714783902] [dual_tof_selector]: ACTIVE CAMERA=front_tof | front RGB/ToF=True/True | down RGB/ToF=False/False
[INFO] [1791342596.114891510] [dual_tof_selector]: ACTIVE CAMERA=front_rgb_only | front RGB/ToF=True/False | down RGB/ToF=False/False
[INFO] [1791342596.714030369] [dual_tof_selector]: ACTIVE CAMERA=front_tof | front RGB/ToF=True/True | down RGB/ToF=False/False
[INFO] [1791342596.814270997] [dual_tof_selector]: ACTIVE CAMERA=front_rgb_only | front RGB/ToF=True/False | down RGB/ToF=False/False
[INFO] [1791342597.114349512] [dual_tof_selector]: ACTIVE CAMERA=front_tof | front RGB/ToF=True/True | down RGB/ToF=False/False
[INFO] [1791342597.214310213] [dual_tof_selector]: ACTIVE CAMERA=front_rgb_only | front RGB/ToF=True/False | down RGB/ToF=False/False
[INFO] [1791342597.315042887] [dual_tof_selector]: ACTIVE CAMERA=front_tof | front RGB/ToF=True/True | down RGB/ToF=False/False
[INFO] [1791342597.914159632] [dual_tof_selector]: ACTIVE CAMERA=front_rgb_only | front RGB/ToF=True/False | down RGB/ToF=False/False
[INFO] [1791342598.114439655] [dual_tof_selector]: ACTIVE CAMERA=front_tof | front RGB/ToF=True/True | down RGB/ToF=False/False
[INFO] [1791342598.314596198] [dual_tof_selector]: ACTIVE CAMERA=front_rgb_only | front RGB/ToF=True/False | down RGB/ToF=False/False
[INFO] [1791342598.814593793] [dual_tof_selector]: ACTIVE CAMERA=front_tof | front RGB/ToF=True/True | down RGB/ToF=False/False
[INFO] [1791342599.214678360] [dual_tof_selector]: ACTIVE CAMERA=front_rgb_only | front RGB/ToF=True/False | down RGB/ToF=False/False
[INFO] [1791342599.314617028] [dual_tof_selector]: ACTIVE CAMERA=front_tof | front RGB/ToF=True/True | down RGB/ToF=False/False
[INFO] [1791342599.914491199] [dual_tof_selector]: ACTIVE CAMERA=front_rgb_only | front RGB/ToF=True/False | down RGB/ToF=False/False
[INFO] [1791342600.214428157] [dual_tof_selector]: ACTIVE CAMERA=front_tof | front RGB/ToF=True/True | down RGB/ToF=False/False
[INFO] [1791342600.914453738] [dual_tof_selector]: ACTIVE CAMERA=front_rgb_only | front RGB/ToF=True/False | down RGB/ToF=False/False
[INFO] [1791342601.414067009] [dual_tof_selector]: ACTIVE CAMERA=front_tof | front RGB/ToF=True/True | down RGB/ToF=False/False
[INFO] [1791342601.514632917] [dual_tof_selector]: ACTIVE CAMERA=front_rgb_only | front RGB/ToF=True/False | down RGB/ToF=False/False
[INFO] [1791342601.615105833] [dual_tof_selector]: ACTIVE CAMERA=front_tof | front RGB/ToF=True/True | down RGB/ToF=False/False
[INFO] [1791342601.714134963] [dual_tof_selector]: ACTIVE CAMERA=front_rgb_only | front RGB/ToF=True/False | down RGB/ToF=False/False
[INFO] [1791342601.814127155] [dual_tof_selector]: ACTIVE CAMERA=front_tof | front RGB/ToF=True/True | down RGB/ToF=False/False
[INFO] [1791342602.214345273] [dual_tof_selector]: ACTIVE CAMERA=front_rgb_only | front RGB/ToF=True/False | down RGB/ToF=False/False
[INFO] [1791342602.314035734] [dual_tof_selector]: ACTIVE CAMERA=front_tof | front RGB/ToF=True/True | down RGB/ToF=False/False
[INFO] [1791342602.415230679] [dual_tof_selector]: ACTIVE CAMERA=front_rgb_only | front RGB/ToF=True/False | down RGB/ToF=False/False
[INFO] [1791342602.515397519] [dual_tof_selector]: ACTIVE CAMERA=front_tof | front RGB/ToF=True/True | down RGB/ToF=False/False
[INFO] [1791342603.114975717] [dual_tof_selector]: ACTIVE CAMERA=front_rgb_only | front RGB/ToF=True/False | down RGB/ToF=False/False
[INFO] [1791342603.214814287] [dual_tof_selector]: ACTIVE CAMERA=front_tof | front RGB/ToF=True/True | down RGB/ToF=False/False
[WARN] [1791342603.314591255] [dual_tof_selector]: ACTIVE CAMERA=none | front RGB/ToF=False/False | down RGB/ToF=False/False
[INFO] [1791342604.114751524] [dual_tof_selector]: ACTIVE CAMERA=front_rgb_only | front RGB/ToF=True/False | down RGB/ToF=False/False
[INFO] [1791342604.214419004] [dual_tof_selector]: ACTIVE CAMERA=front_tof | front RGB/ToF=True/True | down RGB/ToF=False/False
[INFO] [1791342604.315166510] [dual_tof_selector]: ACTIVE CAMERA=front_rgb_only | front RGB/ToF=True/False | down RGB/ToF=False/False
[INFO] [1791342604.514044403] [dual_tof_selector]: ACTIVE CAMERA=front_tof | front RGB/ToF=True/True | down RGB/ToF=False/False
[INFO] [1791342605.814234069] [dual_tof_selector]: ACTIVE CAMERA=front_rgb_only | front RGB/ToF=True/False | down RGB/ToF=False/False
[INFO] [1791342605.914231854] [dual_tof_selector]: ACTIVE CAMERA=front_tof | front RGB/ToF=True/True | down RGB/ToF=False/False
[INFO] [1791342606.614557100] [dual_tof_selector]: ACTIVE CAMERA=front_rgb_only | front RGB/ToF=True/False | down RGB/ToF=False/False
[INFO] [1791342606.814467949] [dual_tof_selector]: ACTIVE CAMERA=front_tof | front RGB/ToF=True/True | down RGB/ToF=False/False
[INFO] [1791342607.714360506] [dual_tof_selector]: ACTIVE CAMERA=front_rgb_only | front RGB/ToF=True/False | down RGB/ToF=False/False
[INFO] [1791342607.814875431] [dual_tof_selector]: ACTIVE CAMERA=front_tof | front RGB/ToF=True/True | down RGB/ToF=False/False
[INFO] [1791342607.914517734] [dual_tof_selector]: ACTIVE CAMERA=front_rgb_only | front RGB/ToF=True/False | down RGB/ToF=False/False
[INFO] [1791342608.114972033] [dual_tof_selector]: ACTIVE CAMERA=front_tof | front RGB/ToF=True/True | down RGB/ToF=False/False
[INFO] [1791342609.015783540] [dual_tof_selector]: ACTIVE CAMERA=front_rgb_only | front RGB/ToF=True/False | down RGB/ToF=False/False
[INFO] [1791342609.114532129] [dual_tof_selector]: ACTIVE CAMERA=front_tof | front RGB/ToF=True/True | down RGB/ToF=False/False
[INFO] [1791342609.314319343] [dual_tof_selector]: ACTIVE CAMERA=front_rgb_only | front RGB/ToF=True/False | down RGB/ToF=False/False
[INFO] [1791342609.614145154] [dual_tof_selector]: ACTIVE CAMERA=front_tof | front RGB/ToF=True/True | down RGB/ToF=False/False
[INFO] [1791342609.714440043] [dual_tof_selector]: ACTIVE CAMERA=front_rgb_only | front RGB/ToF=True/False | down RGB/ToF=False/False
[INFO] [1791342609.814753349] [dual_tof_selector]: ACTIVE CAMERA=front_tof | front RGB/ToF=True/True | down RGB/ToF=False/False
[INFO] [1791342610.215004089] [dual_tof_selector]: ACTIVE CAMERA=front_rgb_only | front RGB/ToF=True/False | down RGB/ToF=False/False
[INFO] [1791342610.314296192] [dual_tof_selector]: ACTIVE CAMERA=front_tof | front RGB/ToF=True/True | down RGB/ToF=False/False
[INFO] [1791342610.714156384] [dual_tof_selector]: ACTIVE CAMERA=front_rgb_only | front RGB/ToF=True/False | down RGB/ToF=False/False
[INFO] [1791342610.814270058] [dual_tof_selector]: ACTIVE CAMERA=front_tof | front RGB/ToF=True/True | down RGB/ToF=False/False
[WARN] [1791342611.215958382] [dual_tof_selector]: ACTIVE CAMERA=none | front RGB/ToF=False/False | down RGB/ToF=False/False
[INFO] [1791342612.114817940] [dual_tof_selector]: ACTIVE CAMERA=front_rgb_only | front RGB/ToF=True/False | down RGB/ToF=False/False
[INFO] [1791342612.214486165] [dual_tof_selector]: ACTIVE CAMERA=front_tof | front RGB/ToF=True/True | down RGB/ToF=False/False
[INFO] [1791342612.414793698] [dual_tof_selector]: ACTIVE CAMERA=front_rgb_only | front RGB/ToF=True/False | down RGB/ToF=False/False
[INFO] [1791342612.615276811] [dual_tof_selector]: ACTIVE CAMERA=front_tof | front RGB/ToF=True/True | down RGB/ToF=False/False
[INFO] [1791342612.814623843] [dual_tof_selector]: ACTIVE CAMERA=front_rgb_only | front RGB/ToF=True/False | down RGB/ToF=False/False
[INFO] [1791342612.914764094] [dual_tof_selector]: ACTIVE CAMERA=front_tof | front RGB/ToF=True/True | down RGB/ToF=False/False
[INFO] [1791342613.014647124] [dual_tof_selector]: ACTIVE CAMERA=front_rgb_only | front RGB/ToF=True/False | down RGB/ToF=False/False
[INFO] [1791342613.114701326] [dual_tof_selector]: ACTIVE CAMERA=front_tof | front RGB/ToF=True/True | down RGB/ToF=False/False
[INFO] [1791342613.217050286] [dual_tof_selector]: ACTIVE CAMERA=front_rgb_only | front RGB/ToF=True/False | down RGB/ToF=False/False
[INFO] [1791342613.914525106] [dual_tof_selector]: ACTIVE CAMERA=front_tof | front RGB/ToF=True/True | down RGB/ToF=False/False
[INFO] [1791342614.014440930] [dual_tof_selector]: ACTIVE CAMERA=front_rgb_only | front RGB/ToF=True/False | down RGB/ToF=False/False
[INFO] [1791342614.114314464] [dual_tof_selector]: ACTIVE CAMERA=front_tof | front RGB/ToF=True/True | down RGB/ToF=False/False
[INFO] [1791342614.214323652] [dual_tof_selector]: ACTIVE CAMERA=front_rgb_only | front RGB/ToF=True/False | down RGB/ToF=False/False
[INFO] [1791342614.315633123] [dual_tof_selector]: ACTIVE CAMERA=front_tof | front RGB/ToF=True/True | down RGB/ToF=False/False
[INFO] [1791342614.415054276] [dual_tof_selector]: ACTIVE CAMERA=front_rgb_only | front RGB/ToF=True/False | down RGB/ToF=False/False
[INFO] [1791342614.614491054] [dual_tof_selector]: ACTIVE CAMERA=front_tof | front RGB/ToF=True/True | down RGB/ToF=False/False
[INFO] [1791342614.815103080] [dual_tof_selector]: ACTIVE CAMERA=front_rgb_only | front RGB/ToF=True/False | down RGB/ToF=False/False
[INFO] [1791342614.914920270] [dual_tof_selector]: ACTIVE CAMERA=front_tof | front RGB/ToF=True/True | down RGB/ToF=False/False
[INFO] [1791342615.314449772] [dual_tof_selector]: ACTIVE CAMERA=front_rgb_only | front RGB/ToF=True/False | down RGB/ToF=False/False
[INFO] [1791342615.413978900] [dual_tof_selector]: ACTIVE CAMERA=front_tof | front RGB/ToF=True/True | down RGB/ToF=False/False
[INFO] [1791342615.514907540] [dual_tof_selector]: ACTIVE CAMERA=front_rgb_only | front RGB/ToF=True/False | down RGB/ToF=False/False
[INFO] [1791342615.814915583] [dual_tof_selector]: ACTIVE CAMERA=front_tof | front RGB/ToF=True/True | down RGB/ToF=False/False
[INFO] [1791342616.014370302] [dual_tof_selector]: ACTIVE CAMERA=front_rgb_only | front RGB/ToF=True/False | down RGB/ToF=False/False
[INFO] [1791342616.215320117] [dual_tof_selector]: ACTIVE CAMERA=front_tof | front RGB/ToF=True/True | down RGB/ToF=False/False
[INFO] [1791342616.314862254] [dual_tof_selector]: ACTIVE CAMERA=front_rgb_only | front RGB/ToF=True/False | down RGB/ToF=False/False
[INFO] [1791342616.714190832] [dual_tof_selector]: ACTIVE CAMERA=front_tof | front RGB/ToF=True/True | down RGB/ToF=False/False
[INFO] [1791342616.815097649] [dual_tof_selector]: ACTIVE CAMERA=front_rgb_only | front RGB/ToF=True/False | down RGB/ToF=False/False
[INFO] [1791342617.115118507] [dual_tof_selector]: ACTIVE CAMERA=front_tof | front RGB/ToF=True/True | down RGB/ToF=False/False
[INFO] [1791342617.314994624] [dual_tof_selector]: ACTIVE CAMERA=front_rgb_only | front RGB/ToF=True/False | down RGB/ToF=False/False
[INFO] [1791342617.414944318] [dual_tof_selector]: ACTIVE CAMERA=front_tof | front RGB/ToF=True/True | down RGB/ToF=False/False
[INFO] [1791342617.614470533] [dual_tof_selector]: ACTIVE CAMERA=front_rgb_only | front RGB/ToF=True/False | down RGB/ToF=False/False
[INFO] [1791342617.913978462] [dual_tof_selector]: ACTIVE CAMERA=front_tof | front RGB/ToF=True/True | down RGB/ToF=False/False
[INFO] [1791342618.015623429] [dual_tof_selector]: ACTIVE CAMERA=front_rgb_only | front RGB/ToF=True/False | down RGB/ToF=False/False
[INFO] [1791342618.114731291] [dual_tof_selector]: ACTIVE CAMERA=front_tof | front RGB/ToF=True/True | down RGB/ToF=False/False
[INFO] [1791342618.514623893] [dual_tof_selector]: ACTIVE CAMERA=front_rgb_only | front RGB/ToF=True/False | down RGB/ToF=False/False
[INFO] [1791342618.615104779] [dual_tof_selector]: ACTIVE CAMERA=front_tof | front RGB/ToF=True/True | down RGB/ToF=False/False
[INFO] [1791342618.714782556] [dual_tof_selector]: ACTIVE CAMERA=front_rgb_only | front RGB/ToF=True/False | down RGB/ToF=False/False
[INFO] [1791342618.815018654] [dual_tof_selector]: ACTIVE CAMERA=front_tof | front RGB/ToF=True/True | down RGB/ToF=False/False
[INFO] [1791342619.214468429] [dual_tof_selector]: ACTIVE CAMERA=front_rgb_only | front RGB/ToF=True/False | down RGB/ToF=False/False
[INFO] [1791342619.414610920] [dual_tof_selector]: ACTIVE CAMERA=front_tof | front RGB/ToF=True/True | down RGB/ToF=False/False
[INFO] [1791342620.214417091] [dual_tof_selector]: ACTIVE CAMERA=front_rgb_only | front RGB/ToF=True/False | down RGB/ToF=False/False
[INFO] [1791342620.414954471] [dual_tof_selector]: ACTIVE CAMERA=front_tof | front RGB/ToF=True/True | down RGB/ToF=False/False
[INFO] [1791342620.814540083] [dual_tof_selector]: ACTIVE CAMERA=front_rgb_only | front RGB/ToF=True/False | down RGB/ToF=False/False
[INFO] [1791342620.914418297] [dual_tof_selector]: ACTIVE CAMERA=front_tof | front RGB/ToF=True/True | down RGB/ToF=False/False
[INFO] [1791342621.015404762] [dual_tof_selector]: ACTIVE CAMERA=front_rgb_only | front RGB/ToF=True/False | down RGB/ToF=False/False
[INFO] [1791342621.114634880] [dual_tof_selector]: ACTIVE CAMERA=front_tof | front RGB/ToF=True/True | down RGB/ToF=False/False
[INFO] [1791342622.014398283] [dual_tof_selector]: ACTIVE CAMERA=front_rgb_only | front RGB/ToF=True/False | down RGB/ToF=False/False
[INFO] [1791342622.114094003] [dual_tof_selector]: ACTIVE CAMERA=front_tof | front RGB/ToF=True/True | down RGB/ToF=False/False
[INFO] [1791342622.515133390] [dual_tof_selector]: ACTIVE CAMERA=front_rgb_only | front RGB/ToF=True/False | down RGB/ToF=False/False
[INFO] [1791342623.014515484] [dual_tof_selector]: ACTIVE CAMERA=front_tof | front RGB/ToF=True/True | down RGB/ToF=False/False
[INFO] [1791342623.214666858] [dual_tof_selector]: ACTIVE CAMERA=front_rgb_only | front RGB/ToF=True/False | down RGB/ToF=False/False
[INFO] [1791342623.315272973] [dual_tof_selector]: ACTIVE CAMERA=front_tof | front RGB/ToF=True/True | down RGB/ToF=False/False
[WARN] [1791342623.514976199] [dual_tof_selector]: ACTIVE CAMERA=none | front RGB/ToF=False/False | down RGB/ToF=False/False
[INFO] [1791342624.215686009] [dual_tof_selector]: ACTIVE CAMERA=front_rgb_only | front RGB/ToF=True/False | down RGB/ToF=False/False
[INFO] [1791342624.714598964] [dual_tof_selector]: ACTIVE CAMERA=front_tof | front RGB/ToF=True/True | down RGB/ToF=False/False
[INFO] [1791342624.914828191] [dual_tof_selector]: ACTIVE CAMERA=front_rgb_only | front RGB/ToF=True/False | down RGB/ToF=False/False
[INFO] [1791342625.114438491] [dual_tof_selector]: ACTIVE CAMERA=front_tof | front RGB/ToF=True/True | down RGB/ToF=False/False
[INFO] [1791342625.314685928] [dual_tof_selector]: ACTIVE CAMERA=front_rgb_only | front RGB/ToF=True/False | down RGB/ToF=False/False
[INFO] [1791342625.414447022] [dual_tof_selector]: ACTIVE CAMERA=front_tof | front RGB/ToF=True/True | down RGB/ToF=False/False
[INFO] [1791342625.615175454] [dual_tof_selector]: ACTIVE CAMERA=front_rgb_only | front RGB/ToF=True/False | down RGB/ToF=False/False
[INFO] [1791342626.315112113] [dual_tof_selector]: ACTIVE CAMERA=front_tof | front RGB/ToF=True/True | down RGB/ToF=False/False
[INFO] [1791342626.414142577] [dual_tof_selector]: ACTIVE CAMERA=front_rgb_only | front RGB/ToF=True/False | down RGB/ToF=False/False
[INFO] [1791342626.814617779] [dual_tof_selector]: ACTIVE CAMERA=front_tof | front RGB/ToF=True/True | down RGB/ToF=False/False
[INFO] [1791342627.713918760] [dual_tof_selector]: ACTIVE CAMERA=front_rgb_only | front RGB/ToF=True/False | down RGB/ToF=False/False
[INFO] [1791342627.813995924] [dual_tof_selector]: ACTIVE CAMERA=front_tof | front RGB/ToF=True/True | down RGB/ToF=False/False
[INFO] [1791342627.914016432] [dual_tof_selector]: ACTIVE CAMERA=front_rgb_only | front RGB/ToF=True/False | down RGB/ToF=False/False
[INFO] [1791342628.215034798] [dual_tof_selector]: ACTIVE CAMERA=front_tof | front RGB/ToF=True/True | down RGB/ToF=False/False
[INFO] [1791342628.415498637] [dual_tof_selector]: ACTIVE CAMERA=front_rgb_only | front RGB/ToF=True/False | down RGB/ToF=False/False
[INFO] [1791342628.514408496] [dual_tof_selector]: ACTIVE CAMERA=front_tof | front RGB/ToF=True/True | down RGB/ToF=False/False
[INFO] [1791342628.613980845] [dual_tof_selector]: ACTIVE CAMERA=front_rgb_only | front RGB/ToF=True/False | down RGB/ToF=False/False
[INFO] [1791342628.714529590] [dual_tof_selector]: ACTIVE CAMERA=front_tof | front RGB/ToF=True/True | down RGB/ToF=False/False
[INFO] [1791342628.814422383] [dual_tof_selector]: ACTIVE CAMERA=front_rgb_only | front RGB/ToF=True/False | down RGB/ToF=False/False
[INFO] [1791342629.614632687] [dual_tof_selector]: ACTIVE CAMERA=front_tof | front RGB/ToF=True/True | down RGB/ToF=False/False
[INFO] [1791342629.714235463] [dual_tof_selector]: ACTIVE CAMERA=front_rgb_only | front RGB/ToF=True/False | down RGB/ToF=False/False
[INFO] [1791342630.213944868] [dual_tof_selector]: ACTIVE CAMERA=front_tof | front RGB/ToF=True/True | down RGB/ToF=False/False
[INFO] [1791342630.614155409] [dual_tof_selector]: ACTIVE CAMERA=front_rgb_only | front RGB/ToF=True/False | down RGB/ToF=False/False
[INFO] [1791342630.715196624] [dual_tof_selector]: ACTIVE CAMERA=front_tof | front RGB/ToF=True/True | down RGB/ToF=False/False
[INFO] [1791342630.814793993] [dual_tof_selector]: ACTIVE CAMERA=front_rgb_only | front RGB/ToF=True/False | down RGB/ToF=False/False
[INFO] [1791342631.215850711] [dual_tof_selector]: ACTIVE CAMERA=front_tof | front RGB/ToF=True/True | down RGB/ToF=False/False
[INFO] [1791342631.814673736] [dual_tof_selector]: ACTIVE CAMERA=front_rgb_only | front RGB/ToF=True/False | down RGB/ToF=False/False
[INFO] [1791342632.115200178] [dual_tof_selector]: ACTIVE CAMERA=front_tof | front RGB/ToF=True/True | down RGB/ToF=False/False
[INFO] [1791342632.214706972] [dual_tof_selector]: ACTIVE CAMERA=front_rgb_only | front RGB/ToF=True/False | down RGB/ToF=False/False
[INFO] [1791342632.314456592] [dual_tof_selector]: ACTIVE CAMERA=front_tof | front RGB/ToF=True/True | down RGB/ToF=False/False
[INFO] [1791342632.715445539] [dual_tof_selector]: ACTIVE CAMERA=front_rgb_only | front RGB/ToF=True/False | down RGB/ToF=False/False
[INFO] [1791342633.214730642] [dual_tof_selector]: ACTIVE CAMERA=front_tof | front RGB/ToF=True/True | down RGB/ToF=False/False
[INFO] [1791342633.314714387] [dual_tof_selector]: ACTIVE CAMERA=front_rgb_only | front RGB/ToF=True/False | down RGB/ToF=False/False
[INFO] [1791342633.414888719] [dual_tof_selector]: ACTIVE CAMERA=front_tof | front RGB/ToF=True/True | down RGB/ToF=False/False
[INFO] [1791342633.514648421] [dual_tof_selector]: ACTIVE CAMERA=front_rgb_only | front RGB/ToF=True/False | down RGB/ToF=False/False
[INFO] [1791342633.614905194] [dual_tof_selector]: ACTIVE CAMERA=front_tof | front RGB/ToF=True/True | down RGB/ToF=False/False
[INFO] [1791342633.814401841] [dual_tof_selector]: ACTIVE CAMERA=front_rgb_only | front RGB/ToF=True/False | down RGB/ToF=False/False
[INFO] [1791342633.914277851] [dual_tof_selector]: ACTIVE CAMERA=front_tof | front RGB/ToF=True/True | down RGB/ToF=False/False
[INFO] [1791342634.014328515] [dual_tof_selector]: ACTIVE CAMERA=front_rgb_only | front RGB/ToF=True/False | down RGB/ToF=False/False
[INFO] [1791342634.114465078] [dual_tof_selector]: ACTIVE CAMERA=front_tof | front RGB/ToF=True/True | down RGB/ToF=False/False
[INFO] [1791342634.214170336] [dual_tof_selector]: ACTIVE CAMERA=front_rgb_only | front RGB/ToF=True/False | down RGB/ToF=False/False
[INFO] [1791342634.714331363] [dual_tof_selector]: ACTIVE CAMERA=front_tof | front RGB/ToF=True/True | down RGB/ToF=False/False
[INFO] [1791342634.814592928] [dual_tof_selector]: ACTIVE CAMERA=front_rgb_only | front RGB/ToF=True/False | down RGB/ToF=False/False
[INFO] [1791342635.313994338] [dual_tof_selector]: ACTIVE CAMERA=front_tof | front RGB/ToF=True/True | down RGB/ToF=False/False
[INFO] [1791342635.513901079] [dual_tof_selector]: ACTIVE CAMERA=front_rgb_only | front RGB/ToF=True/False | down RGB/ToF=False/False
[INFO] [1791342636.413836994] [dual_tof_selector]: ACTIVE CAMERA=front_tof | front RGB/ToF=True/True | down RGB/ToF=False/False
[INFO] [1791342636.614202420] [dual_tof_selector]: ACTIVE CAMERA=front_rgb_only | front RGB/ToF=True/False | down RGB/ToF=False/False
[INFO] [1791342636.714035691] [dual_tof_selector]: ACTIVE CAMERA=front_tof | front RGB/ToF=True/True | down RGB/ToF=False/False
[WARN] [1791342636.814288576] [dual_tof_selector]: ACTIVE CAMERA=none | front RGB/ToF=False/False | down RGB/ToF=False/False
[INFO] [1791342637.114671518] [dual_tof_selector]: ACTIVE CAMERA=front_rgb_only | front RGB/ToF=True/False | down RGB/ToF=False/False
[INFO] [1791342637.314399479] [dual_tof_selector]: ACTIVE CAMERA=front_tof | front RGB/ToF=True/True | down RGB/ToF=False/False
[INFO] [1791342637.514017526] [dual_tof_selector]: ACTIVE CAMERA=front_rgb_only | front RGB/ToF=True/False | down RGB/ToF=False/False
[INFO] [1791342637.614801619] [dual_tof_selector]: ACTIVE CAMERA=front_tof | front RGB/ToF=True/True | down RGB/ToF=False/False
[INFO] [1791342638.014343093] [dual_tof_selector]: ACTIVE CAMERA=front_rgb_only | front RGB/ToF=True/False | down RGB/ToF=False/False
[WARN] [1791342638.215595587] [dual_tof_selector]: ACTIVE CAMERA=none | front RGB/ToF=False/False | down RGB/ToF=False/False
[INFO] [1791342638.613845303] [dual_tof_selector]: ACTIVE CAMERA=front_tof | front RGB/ToF=True/True | down RGB/ToF=False/False
[INFO] [1791342639.314048545] [dual_tof_selector]: ACTIVE CAMERA=front_rgb_only | front RGB/ToF=True/False | down RGB/ToF=False/False
[WARN] [1791342639.514342296] [dual_tof_selector]: ACTIVE CAMERA=none | front RGB/ToF=False/False | down RGB/ToF=False/False
[INFO] [1791342639.714156565] [dual_tof_selector]: ACTIVE CAMERA=front_rgb_only | front RGB/ToF=True/False | down RGB/ToF=False/False
[INFO] [1791342639.915921208] [dual_tof_selector]: ACTIVE CAMERA=front_tof | front RGB/ToF=True/True | down RGB/ToF=False/False
[INFO] [1791342640.114596368] [dual_tof_selector]: ACTIVE CAMERA=front_rgb_only | front RGB/ToF=True/False | down RGB/ToF=False/False
