PHASE INIT
PHASE GROUND_HOLD
SEND X
PHASE TAKEOFF
PHASE FOLLOW
SEND Y
PHASE FAR_GUIDANCE
PHASE REACQUIRE
PHASE TARGET_LOCK
PHASE FAR_GUIDANCE
PHASE SAFE_RECOVERY
PHASE TARGET_LOCK
PHASE FAR_GUIDANCE
PHASE MINCO_READY
PHASE MINCO_TRACKING
PHASE TERMINAL_MINCO
PHASE SAFE_RECOVERY
PHASE TARGET_LOCK
PHASE FAR_GUIDANCE
PHASE MINCO_READY
PHASE MINCO_TRACKING
PHASE TERMINAL_MINCO
PHASE SAFE_RECOVERY
PHASE TARGET_LOCK
PHASE FAR_GUIDANCE
RESULT OrderedDict([('stamp', OrderedDict([('sec', 1791342569), ('nanosec', 841092348)])), ('mission_id', 1), ('success', False), ('outcome', 'FAILURE'), ('reason', 'TIMEOUT'), ('detail', 'determined by simulation truth in evaluator only'), ('elapsed_time', 30.04724931716919), ('capture_radius', 0.5), ('minimum_distance', 1.5630278060562042), ('horizontal_distance', 1.7612823808752422), ('vertical_error', 1.0510192114886134), ('relative_speed', 0.9467280130835474), ('closing_speed', 0.6322321619785426), ('max_horizontal_speed', 6.381519183494973), ('max_vertical_speed', 2.765270626199943), ('max_horizontal_acceleration', 8.3057687252866), ('max_vertical_acceleration', 5.517458015346304)])
PHASE TERMINAL_MINCO
PHASE SAFE_RECOVERY
PHASE TARGET_LOCK
PHASE FAR_GUIDANCE
