[INFO] [1791463218.323761075] [moving_target]: Moving target node ready; waiting for X to start motion.
[INFO] [1791463218.324289549] [moving_target]: USV figure-eight trajectory enabled | speed=0.00->4.00 m/s | acceleration<=1.00 m/s^2 | turn rate<=0.48 rad/s | lateral acceleration<=1.92 m/s^2 | X=[8.0, 88.0] m | Y=[-20.0, 20.0] m
[INFO] [1791463218.528522099] [moving_target]: Gazebo red USV target sphere is visible.
[WARN] [1791463219.050738126] [moving_target]: Gazebo red target sphere not ready: Gazebo pose update failed: /world/default/set_pose
[WARN] [1791463229.274144727] [moving_target]: Gazebo red target sphere not ready: Gazebo pose update failed: /world/default/set_pose
[WARN] [1791463236.220285331] [moving_target]: Gazebo red target sphere not ready: Gazebo pose update failed: /world/default/set_pose
[WARN] [1791463245.021324403] [moving_target]: Gazebo red target sphere not ready: Gazebo pose update failed: /world/default/set_pose
[WARN] [1791463259.171285317] [moving_target]: Gazebo red target sphere not ready: Gazebo pose update failed: /world/default/set_pose
[WARN] [1791463265.020564779] [moving_target]: Gazebo red target sphere not ready: Gazebo pose update failed: /world/default/set_pose
[WARN] [1791463276.072179267] [moving_target]: Gazebo red target sphere not ready: Gazebo pose update failed: /world/default/set_pose
[WARN] [1791463285.071076577] [moving_target]: Gazebo red target sphere not ready: Gazebo pose update failed: /world/default/set_pose
[WARN] [1791463302.021299107] [moving_target]: Gazebo red target sphere not ready: Gazebo pose update failed: /world/default/set_pose
[WARN] [1791463326.720664686] [moving_target]: Gazebo red target sphere not ready: Gazebo pose update failed: /world/default/set_pose
[WARN] [1791463360.171820719] [moving_target]: Gazebo red target sphere not ready: Gazebo pose update failed: /world/default/set_pose
[WARN] [1791463366.821043196] [moving_target]: Gazebo red target sphere not ready: Gazebo pose update failed: /world/default/set_pose
[INFO] [1791463500.856753284] [moving_target]: X received. Moving target motion started.
[WARN] [1791463507.070356501] [moving_target]: Gazebo red target sphere not ready: Gazebo pose update failed: /world/default/set_pose
[WARN] [1791463525.370622537] [moving_target]: Gazebo red target sphere not ready: Gazebo pose update failed: /world/default/set_pose
[WARN] [1791463531.219959997] [moving_target]: Gazebo red target sphere not ready: Gazebo pose update failed: /world/default/set_pose
[WARN] [1791463540.120701151] [moving_target]: Gazebo red target sphere not ready: Gazebo pose update failed: /world/default/set_pose
[WARN] [1791463558.920765866] [moving_target]: Gazebo red target sphere not ready: Gazebo pose update failed: /world/default/set_pose
[WARN] [1791463604.270530742] [moving_target]: Gazebo red target sphere not ready: Gazebo pose update failed: /world/default/set_pose
[WARN] [1791463613.972339354] [moving_target]: Gazebo red target sphere not ready: Gazebo pose update failed: /world/default/set_pose
[WARN] [1791463686.170626227] [moving_target]: Gazebo red target sphere not ready: Gazebo pose update failed: /world/default/set_pose
[WARN] [1791463693.570681721] [moving_target]: Gazebo red target sphere not ready: Gazebo pose update failed: /world/default/set_pose
[WARN] [1791463707.370547521] [moving_target]: Gazebo red target sphere not ready: Gazebo pose update failed: /world/default/set_pose
[WARN] [1791463716.874679095] [moving_target]: Gazebo red target sphere not ready: Gazebo pose update failed: /world/default/set_pose
[WARN] [1791463722.370763008] [moving_target]: Gazebo red target sphere not ready: Gazebo pose update failed: /world/default/set_pose
[WARN] [1791463731.073330026] [moving_target]: Gazebo red target sphere not ready: Gazebo pose update failed: /world/default/set_pose
