[INFO] [1791469483.656470471] [dual_tof_selector]: DUAL TOF SELECTOR READY | front preferred | loss=3 frames | front recovery=10 frames | down fallback=False
[WARN] [1791469483.743828200] [dual_tof_selector]: ACTIVE CAMERA=none | front RGB/ToF=False/False | down RGB/ToF=False/False
[INFO] [1791469484.643561954] [dual_tof_selector]: ACTIVE CAMERA=front_tof | front RGB/ToF=True/True | down RGB/ToF=False/False
[INFO] [1791469484.843291892] [dual_tof_selector]: ACTIVE CAMERA=front_rgb_only | front RGB/ToF=True/False | down RGB/ToF=False/False
[INFO] [1791469484.943157535] [dual_tof_selector]: ACTIVE CAMERA=front_tof | front RGB/ToF=True/True | down RGB/ToF=False/False
[INFO] [1791469485.043215707] [dual_tof_selector]: ACTIVE CAMERA=front_rgb_only | front RGB/ToF=True/False | down RGB/ToF=False/False
[INFO] [1791469485.143454551] [dual_tof_selector]: ACTIVE CAMERA=front_tof | front RGB/ToF=True/True | down RGB/ToF=False/False
[INFO] [1791469485.243669282] [dual_tof_selector]: ACTIVE CAMERA=front_rgb_only | front RGB/ToF=True/False | down RGB/ToF=False/False
[INFO] [1791469485.343294042] [dual_tof_selector]: ACTIVE CAMERA=front_tof | front RGB/ToF=True/True | down RGB/ToF=False/False
[INFO] [1791469485.943233557] [dual_tof_selector]: ACTIVE CAMERA=front_rgb_only | front RGB/ToF=True/False | down RGB/ToF=False/False
[INFO] [1791469486.043558287] [dual_tof_selector]: ACTIVE CAMERA=front_tof | front RGB/ToF=True/True | down RGB/ToF=False/False
[INFO] [1791469498.843139647] [dual_tof_selector]: ACTIVE CAMERA=front_rgb_only | front RGB/ToF=True/False | down RGB/ToF=False/False
[INFO] [1791469498.943114057] [dual_tof_selector]: ACTIVE CAMERA=front_tof | front RGB/ToF=True/True | down RGB/ToF=False/False
[INFO] [1791469499.043517818] [dual_tof_selector]: ACTIVE CAMERA=front_rgb_only | front RGB/ToF=True/False | down RGB/ToF=False/False
[INFO] [1791469499.143531145] [dual_tof_selector]: ACTIVE CAMERA=front_tof | front RGB/ToF=True/True | down RGB/ToF=False/False
[INFO] [1791469499.243111704] [dual_tof_selector]: ACTIVE CAMERA=front_rgb_only | front RGB/ToF=True/False | down RGB/ToF=False/False
[INFO] [1791469499.343125970] [dual_tof_selector]: ACTIVE CAMERA=front_tof | front RGB/ToF=True/True | down RGB/ToF=False/False
[INFO] [1791469499.443119351] [dual_tof_selector]: ACTIVE CAMERA=front_rgb_only | front RGB/ToF=True/False | down RGB/ToF=False/False
[INFO] [1791469499.543589067] [dual_tof_selector]: ACTIVE CAMERA=front_tof | front RGB/ToF=True/True | down RGB/ToF=False/False
[INFO] [1791469500.143232100] [dual_tof_selector]: ACTIVE CAMERA=front_rgb_only | front RGB/ToF=True/False | down RGB/ToF=False/False
[INFO] [1791469500.243113226] [dual_tof_selector]: ACTIVE CAMERA=front_tof | front RGB/ToF=True/True | down RGB/ToF=False/False
[INFO] [1791469502.243103569] [dual_tof_selector]: ACTIVE CAMERA=front_rgb_only | front RGB/ToF=True/False | down RGB/ToF=False/False
[INFO] [1791469502.343124471] [dual_tof_selector]: ACTIVE CAMERA=front_tof | front RGB/ToF=True/True | down RGB/ToF=False/False
[INFO] [1791469502.443104953] [dual_tof_selector]: ACTIVE CAMERA=front_rgb_only | front RGB/ToF=True/False | down RGB/ToF=False/False
[INFO] [1791469502.543117686] [dual_tof_selector]: ACTIVE CAMERA=front_tof | front RGB/ToF=True/True | down RGB/ToF=False/False
[INFO] [1791469502.643119151] [dual_tof_selector]: ACTIVE CAMERA=front_rgb_only | front RGB/ToF=True/False | down RGB/ToF=False/False
[INFO] [1791469502.743144038] [dual_tof_selector]: ACTIVE CAMERA=front_tof | front RGB/ToF=True/True | down RGB/ToF=False/False
[INFO] [1791469503.143539227] [dual_tof_selector]: ACTIVE CAMERA=front_rgb_only | front RGB/ToF=True/False | down RGB/ToF=False/False
[INFO] [1791469503.243136451] [dual_tof_selector]: ACTIVE CAMERA=front_tof | front RGB/ToF=True/True | down RGB/ToF=False/False
[INFO] [1791469503.343509446] [dual_tof_selector]: ACTIVE CAMERA=front_rgb_only | front RGB/ToF=True/False | down RGB/ToF=False/False
[INFO] [1791469503.443227418] [dual_tof_selector]: ACTIVE CAMERA=front_tof | front RGB/ToF=True/True | down RGB/ToF=False/False
[INFO] [1791469503.543152773] [dual_tof_selector]: ACTIVE CAMERA=front_rgb_only | front RGB/ToF=True/False | down RGB/ToF=False/False
[INFO] [1791469503.643185553] [dual_tof_selector]: ACTIVE CAMERA=front_tof | front RGB/ToF=True/True | down RGB/ToF=False/False
[INFO] [1791469507.243562975] [dual_tof_selector]: ACTIVE CAMERA=front_rgb_only | front RGB/ToF=True/False | down RGB/ToF=False/False
[INFO] [1791469507.343626479] [dual_tof_selector]: ACTIVE CAMERA=front_tof | front RGB/ToF=True/True | down RGB/ToF=False/False
[INFO] [1791469507.443292141] [dual_tof_selector]: ACTIVE CAMERA=front_rgb_only | front RGB/ToF=True/False | down RGB/ToF=False/False
[INFO] [1791469507.543621657] [dual_tof_selector]: ACTIVE CAMERA=front_tof | front RGB/ToF=True/True | down RGB/ToF=False/False
[INFO] [1791469507.643651131] [dual_tof_selector]: ACTIVE CAMERA=front_rgb_only | front RGB/ToF=True/False | down RGB/ToF=False/False
[INFO] [1791469507.743660746] [dual_tof_selector]: ACTIVE CAMERA=front_tof | front RGB/ToF=True/True | down RGB/ToF=False/False
[INFO] [1791469507.843719943] [dual_tof_selector]: ACTIVE CAMERA=front_rgb_only | front RGB/ToF=True/False | down RGB/ToF=False/False
[INFO] [1791469508.343288496] [dual_tof_selector]: ACTIVE CAMERA=front_tof | front RGB/ToF=True/True | down RGB/ToF=False/False
[INFO] [1791469508.443213796] [dual_tof_selector]: ACTIVE CAMERA=front_rgb_only | front RGB/ToF=True/False | down RGB/ToF=False/False
[INFO] [1791469508.543605647] [dual_tof_selector]: ACTIVE CAMERA=front_tof | front RGB/ToF=True/True | down RGB/ToF=False/False
[INFO] [1791469508.643641289] [dual_tof_selector]: ACTIVE CAMERA=front_rgb_only | front RGB/ToF=True/False | down RGB/ToF=False/False
[INFO] [1791469508.743615916] [dual_tof_selector]: ACTIVE CAMERA=front_tof | front RGB/ToF=True/True | down RGB/ToF=False/False
[INFO] [1791469509.143709591] [dual_tof_selector]: ACTIVE CAMERA=front_rgb_only | front RGB/ToF=True/False | down RGB/ToF=False/False
[INFO] [1791469509.243281691] [dual_tof_selector]: ACTIVE CAMERA=front_tof | front RGB/ToF=True/True | down RGB/ToF=False/False
[INFO] [1791469509.343585557] [dual_tof_selector]: ACTIVE CAMERA=front_rgb_only | front RGB/ToF=True/False | down RGB/ToF=False/False
[INFO] [1791469509.843230041] [dual_tof_selector]: ACTIVE CAMERA=front_tof | front RGB/ToF=True/True | down RGB/ToF=False/False
[INFO] [1791469509.943475826] [dual_tof_selector]: ACTIVE CAMERA=front_rgb_only | front RGB/ToF=True/False | down RGB/ToF=False/False
[INFO] [1791469510.043636865] [dual_tof_selector]: ACTIVE CAMERA=front_tof | front RGB/ToF=True/True | down RGB/ToF=False/False
[INFO] [1791469510.143234799] [dual_tof_selector]: ACTIVE CAMERA=front_rgb_only | front RGB/ToF=True/False | down RGB/ToF=False/False
[INFO] [1791469510.643619577] [dual_tof_selector]: ACTIVE CAMERA=front_tof | front RGB/ToF=True/True | down RGB/ToF=False/False
[INFO] [1791469510.743228141] [dual_tof_selector]: ACTIVE CAMERA=front_rgb_only | front RGB/ToF=True/False | down RGB/ToF=False/False
[INFO] [1791469510.843242979] [dual_tof_selector]: ACTIVE CAMERA=front_tof | front RGB/ToF=True/True | down RGB/ToF=False/False
[INFO] [1791469510.943226461] [dual_tof_selector]: ACTIVE CAMERA=front_rgb_only | front RGB/ToF=True/False | down RGB/ToF=False/False
[INFO] [1791469511.043261819] [dual_tof_selector]: ACTIVE CAMERA=front_tof | front RGB/ToF=True/True | down RGB/ToF=False/False
[INFO] [1791469511.243613959] [dual_tof_selector]: ACTIVE CAMERA=front_rgb_only | front RGB/ToF=True/False | down RGB/ToF=False/False
[INFO] [1791469511.343391651] [dual_tof_selector]: ACTIVE CAMERA=front_tof | front RGB/ToF=True/True | down RGB/ToF=False/False
[INFO] [1791469511.443407917] [dual_tof_selector]: ACTIVE CAMERA=front_rgb_only | front RGB/ToF=True/False | down RGB/ToF=False/False
[INFO] [1791469512.544042013] [dual_tof_selector]: ACTIVE CAMERA=front_tof | front RGB/ToF=True/True | down RGB/ToF=False/False
[INFO] [1791469512.643427200] [dual_tof_selector]: ACTIVE CAMERA=front_rgb_only | front RGB/ToF=True/False | down RGB/ToF=False/False
[INFO] [1791469512.743286620] [dual_tof_selector]: ACTIVE CAMERA=front_tof | front RGB/ToF=True/True | down RGB/ToF=False/False
[INFO] [1791469512.843809009] [dual_tof_selector]: ACTIVE CAMERA=front_rgb_only | front RGB/ToF=True/False | down RGB/ToF=False/False
[INFO] [1791469513.243249505] [dual_tof_selector]: ACTIVE CAMERA=front_tof | front RGB/ToF=True/True | down RGB/ToF=False/False
[INFO] [1791469513.343239559] [dual_tof_selector]: ACTIVE CAMERA=front_rgb_only | front RGB/ToF=True/False | down RGB/ToF=False/False
[INFO] [1791469513.444063736] [dual_tof_selector]: ACTIVE CAMERA=front_tof | front RGB/ToF=True/True | down RGB/ToF=False/False
[INFO] [1791469513.543471368] [dual_tof_selector]: ACTIVE CAMERA=front_rgb_only | front RGB/ToF=True/False | down RGB/ToF=False/False
[INFO] [1791469513.643223735] [dual_tof_selector]: ACTIVE CAMERA=front_tof | front RGB/ToF=True/True | down RGB/ToF=False/False
[INFO] [1791469513.843240914] [dual_tof_selector]: ACTIVE CAMERA=front_rgb_only | front RGB/ToF=True/False | down RGB/ToF=False/False
[INFO] [1791469513.943629752] [dual_tof_selector]: ACTIVE CAMERA=front_tof | front RGB/ToF=True/True | down RGB/ToF=False/False
[INFO] [1791469514.043425667] [dual_tof_selector]: ACTIVE CAMERA=front_rgb_only | front RGB/ToF=True/False | down RGB/ToF=False/False
[INFO] [1791469514.143732690] [dual_tof_selector]: ACTIVE CAMERA=front_tof | front RGB/ToF=True/True | down RGB/ToF=False/False
[INFO] [1791469514.243743600] [dual_tof_selector]: ACTIVE CAMERA=front_rgb_only | front RGB/ToF=True/False | down RGB/ToF=False/False
[INFO] [1791469514.343614827] [dual_tof_selector]: ACTIVE CAMERA=front_tof | front RGB/ToF=True/True | down RGB/ToF=False/False
[INFO] [1791469514.943235662] [dual_tof_selector]: ACTIVE CAMERA=front_rgb_only | front RGB/ToF=True/False | down RGB/ToF=False/False
[INFO] [1791469515.043373543] [dual_tof_selector]: ACTIVE CAMERA=front_tof | front RGB/ToF=True/True | down RGB/ToF=False/False
[INFO] [1791469515.143255753] [dual_tof_selector]: ACTIVE CAMERA=front_rgb_only | front RGB/ToF=True/False | down RGB/ToF=False/False
[INFO] [1791469515.243221750] [dual_tof_selector]: ACTIVE CAMERA=front_tof | front RGB/ToF=True/True | down RGB/ToF=False/False
[INFO] [1791469517.544211540] [dual_tof_selector]: ACTIVE CAMERA=front_rgb_only | front RGB/ToF=True/False | down RGB/ToF=False/False
[INFO] [1791469517.844694839] [dual_tof_selector]: ACTIVE CAMERA=front_tof | front RGB/ToF=True/True | down RGB/ToF=False/False
[INFO] [1791469518.044190899] [dual_tof_selector]: ACTIVE CAMERA=front_rgb_only | front RGB/ToF=True/False | down RGB/ToF=False/False
[INFO] [1791469518.143616544] [dual_tof_selector]: ACTIVE CAMERA=front_tof | front RGB/ToF=True/True | down RGB/ToF=False/False
[INFO] [1791469518.243748057] [dual_tof_selector]: ACTIVE CAMERA=front_rgb_only | front RGB/ToF=True/False | down RGB/ToF=False/False
[INFO] [1791469518.343273001] [dual_tof_selector]: ACTIVE CAMERA=front_tof | front RGB/ToF=True/True | down RGB/ToF=False/False
[INFO] [1791469518.444266621] [dual_tof_selector]: ACTIVE CAMERA=front_rgb_only | front RGB/ToF=True/False | down RGB/ToF=False/False
[INFO] [1791469518.544764550] [dual_tof_selector]: ACTIVE CAMERA=front_tof | front RGB/ToF=True/True | down RGB/ToF=False/False
[INFO] [1791469518.743667792] [dual_tof_selector]: ACTIVE CAMERA=front_rgb_only | front RGB/ToF=True/False | down RGB/ToF=False/False
[INFO] [1791469518.843356810] [dual_tof_selector]: ACTIVE CAMERA=front_tof | front RGB/ToF=True/True | down RGB/ToF=False/False
[INFO] [1791469518.943591964] [dual_tof_selector]: ACTIVE CAMERA=front_rgb_only | front RGB/ToF=True/False | down RGB/ToF=False/False
[INFO] [1791469519.243862686] [dual_tof_selector]: ACTIVE CAMERA=front_tof | front RGB/ToF=True/True | down RGB/ToF=False/False
[INFO] [1791469519.644037155] [dual_tof_selector]: ACTIVE CAMERA=front_rgb_only | front RGB/ToF=True/False | down RGB/ToF=False/False
[INFO] [1791469519.743406398] [dual_tof_selector]: ACTIVE CAMERA=front_tof | front RGB/ToF=True/True | down RGB/ToF=False/False
[INFO] [1791469519.844630813] [dual_tof_selector]: ACTIVE CAMERA=front_rgb_only | front RGB/ToF=True/False | down RGB/ToF=False/False
[INFO] [1791469519.943625671] [dual_tof_selector]: ACTIVE CAMERA=front_tof | front RGB/ToF=True/True | down RGB/ToF=False/False
[INFO] [1791469521.744605503] [dual_tof_selector]: ACTIVE CAMERA=front_rgb_only | front RGB/ToF=True/False | down RGB/ToF=False/False
[INFO] [1791469521.843653217] [dual_tof_selector]: ACTIVE CAMERA=front_tof | front RGB/ToF=True/True | down RGB/ToF=False/False
[INFO] [1791469523.143801107] [dual_tof_selector]: ACTIVE CAMERA=front_rgb_only | front RGB/ToF=True/False | down RGB/ToF=False/False
[INFO] [1791469523.244247168] [dual_tof_selector]: ACTIVE CAMERA=front_tof | front RGB/ToF=True/True | down RGB/ToF=False/False
[INFO] [1791469523.343903726] [dual_tof_selector]: ACTIVE CAMERA=front_rgb_only | front RGB/ToF=True/False | down RGB/ToF=False/False
[INFO] [1791469523.443858595] [dual_tof_selector]: ACTIVE CAMERA=front_tof | front RGB/ToF=True/True | down RGB/ToF=False/False
[INFO] [1791469525.443250256] [dual_tof_selector]: ACTIVE CAMERA=front_rgb_only | front RGB/ToF=True/False | down RGB/ToF=False/False
[INFO] [1791469525.543233163] [dual_tof_selector]: ACTIVE CAMERA=front_tof | front RGB/ToF=True/True | down RGB/ToF=False/False
[INFO] [1791469526.143563842] [dual_tof_selector]: ACTIVE CAMERA=front_rgb_only | front RGB/ToF=True/False | down RGB/ToF=False/False
[INFO] [1791469526.243665853] [dual_tof_selector]: ACTIVE CAMERA=front_tof | front RGB/ToF=True/True | down RGB/ToF=False/False
[INFO] [1791469531.343639968] [dual_tof_selector]: ACTIVE CAMERA=front_rgb_only | front RGB/ToF=True/False | down RGB/ToF=False/False
[INFO] [1791469531.443227855] [dual_tof_selector]: ACTIVE CAMERA=front_tof | front RGB/ToF=True/True | down RGB/ToF=False/False
[INFO] [1791469534.043623814] [dual_tof_selector]: ACTIVE CAMERA=front_rgb_only | front RGB/ToF=True/False | down RGB/ToF=False/False
[INFO] [1791469534.143677453] [dual_tof_selector]: ACTIVE CAMERA=front_tof | front RGB/ToF=True/True | down RGB/ToF=False/False
[INFO] [1791469534.243607984] [dual_tof_selector]: ACTIVE CAMERA=front_rgb_only | front RGB/ToF=True/False | down RGB/ToF=False/False
[INFO] [1791469534.343328170] [dual_tof_selector]: ACTIVE CAMERA=front_tof | front RGB/ToF=True/True | down RGB/ToF=False/False
[INFO] [1791469536.043757799] [dual_tof_selector]: ACTIVE CAMERA=front_rgb_only | front RGB/ToF=True/False | down RGB/ToF=False/False
[INFO] [1791469536.343716777] [dual_tof_selector]: ACTIVE CAMERA=front_tof | front RGB/ToF=True/True | down RGB/ToF=False/False
[INFO] [1791469536.943631203] [dual_tof_selector]: ACTIVE CAMERA=front_rgb_only | front RGB/ToF=True/False | down RGB/ToF=False/False
[INFO] [1791469537.043274101] [dual_tof_selector]: ACTIVE CAMERA=front_tof | front RGB/ToF=True/True | down RGB/ToF=False/False
[INFO] [1791469537.143221131] [dual_tof_selector]: ACTIVE CAMERA=front_rgb_only | front RGB/ToF=True/False | down RGB/ToF=False/False
[INFO] [1791469537.243242146] [dual_tof_selector]: ACTIVE CAMERA=front_tof | front RGB/ToF=True/True | down RGB/ToF=False/False
[INFO] [1791469537.343435990] [dual_tof_selector]: ACTIVE CAMERA=front_rgb_only | front RGB/ToF=True/False | down RGB/ToF=False/False
[INFO] [1791469537.443664039] [dual_tof_selector]: ACTIVE CAMERA=front_tof | front RGB/ToF=True/True | down RGB/ToF=False/False
[INFO] [1791469537.843232977] [dual_tof_selector]: ACTIVE CAMERA=front_rgb_only | front RGB/ToF=True/False | down RGB/ToF=False/False
[INFO] [1791469538.143232464] [dual_tof_selector]: ACTIVE CAMERA=front_tof | front RGB/ToF=True/True | down RGB/ToF=False/False
[INFO] [1791469542.243327155] [dual_tof_selector]: ACTIVE CAMERA=front_rgb_only | front RGB/ToF=True/False | down RGB/ToF=False/False
[INFO] [1791469542.343230461] [dual_tof_selector]: ACTIVE CAMERA=front_tof | front RGB/ToF=True/True | down RGB/ToF=False/False
[INFO] [1791469542.443465568] [dual_tof_selector]: ACTIVE CAMERA=front_rgb_only | front RGB/ToF=True/False | down RGB/ToF=False/False
[INFO] [1791469542.543246561] [dual_tof_selector]: ACTIVE CAMERA=front_tof | front RGB/ToF=True/True | down RGB/ToF=False/False
[INFO] [1791469542.643592115] [dual_tof_selector]: ACTIVE CAMERA=front_rgb_only | front RGB/ToF=True/False | down RGB/ToF=False/False
[INFO] [1791469542.743898946] [dual_tof_selector]: ACTIVE CAMERA=front_tof | front RGB/ToF=True/True | down RGB/ToF=False/False
[INFO] [1791469542.843236691] [dual_tof_selector]: ACTIVE CAMERA=front_rgb_only | front RGB/ToF=True/False | down RGB/ToF=False/False
[INFO] [1791469542.943144129] [dual_tof_selector]: ACTIVE CAMERA=front_tof | front RGB/ToF=True/True | down RGB/ToF=False/False
[INFO] [1791469543.344031060] [dual_tof_selector]: ACTIVE CAMERA=front_rgb_only | front RGB/ToF=True/False | down RGB/ToF=False/False
[INFO] [1791469543.443468934] [dual_tof_selector]: ACTIVE CAMERA=front_tof | front RGB/ToF=True/True | down RGB/ToF=False/False
[INFO] [1791469543.544468389] [dual_tof_selector]: ACTIVE CAMERA=front_rgb_only | front RGB/ToF=True/False | down RGB/ToF=False/False
[INFO] [1791469543.643719772] [dual_tof_selector]: ACTIVE CAMERA=front_tof | front RGB/ToF=True/True | down RGB/ToF=False/False
[INFO] [1791469544.043451771] [dual_tof_selector]: ACTIVE CAMERA=front_rgb_only | front RGB/ToF=True/False | down RGB/ToF=False/False
[INFO] [1791469544.143931409] [dual_tof_selector]: ACTIVE CAMERA=front_tof | front RGB/ToF=True/True | down RGB/ToF=False/False
[INFO] [1791469544.243751824] [dual_tof_selector]: ACTIVE CAMERA=front_rgb_only | front RGB/ToF=True/False | down RGB/ToF=False/False
[INFO] [1791469544.344479682] [dual_tof_selector]: ACTIVE CAMERA=front_tof | front RGB/ToF=True/True | down RGB/ToF=False/False
[INFO] [1791469544.443447164] [dual_tof_selector]: ACTIVE CAMERA=front_rgb_only | front RGB/ToF=True/False | down RGB/ToF=False/False
[INFO] [1791469544.543816152] [dual_tof_selector]: ACTIVE CAMERA=front_tof | front RGB/ToF=True/True | down RGB/ToF=False/False
[INFO] [1791469544.644289298] [dual_tof_selector]: ACTIVE CAMERA=front_rgb_only | front RGB/ToF=True/False | down RGB/ToF=False/False
[INFO] [1791469545.043235799] [dual_tof_selector]: ACTIVE CAMERA=front_tof | front RGB/ToF=True/True | down RGB/ToF=False/False
[INFO] [1791469545.143808936] [dual_tof_selector]: ACTIVE CAMERA=front_rgb_only | front RGB/ToF=True/False | down RGB/ToF=False/False
[INFO] [1791469545.543951455] [dual_tof_selector]: ACTIVE CAMERA=front_tof | front RGB/ToF=True/True | down RGB/ToF=False/False
[INFO] [1791469545.743649824] [dual_tof_selector]: ACTIVE CAMERA=front_rgb_only | front RGB/ToF=True/False | down RGB/ToF=False/False
[INFO] [1791469545.843372676] [dual_tof_selector]: ACTIVE CAMERA=front_tof | front RGB/ToF=True/True | down RGB/ToF=False/False
[INFO] [1791469545.943220314] [dual_tof_selector]: ACTIVE CAMERA=front_rgb_only | front RGB/ToF=True/False | down RGB/ToF=False/False
[INFO] [1791469546.043473880] [dual_tof_selector]: ACTIVE CAMERA=front_tof | front RGB/ToF=True/True | down RGB/ToF=False/False
[INFO] [1791469546.143695147] [dual_tof_selector]: ACTIVE CAMERA=front_rgb_only | front RGB/ToF=True/False | down RGB/ToF=False/False
[INFO] [1791469546.243718340] [dual_tof_selector]: ACTIVE CAMERA=front_tof | front RGB/ToF=True/True | down RGB/ToF=False/False
[WARN] [1791469550.943373967] [dual_tof_selector]: ACTIVE CAMERA=none | front RGB/ToF=False/False | down RGB/ToF=False/False
[INFO] [1791469551.843384828] [dual_tof_selector]: ACTIVE CAMERA=front_tof | front RGB/ToF=True/True | down RGB/ToF=False/False
[INFO] [1791469552.243312998] [dual_tof_selector]: ACTIVE CAMERA=front_rgb_only | front RGB/ToF=True/False | down RGB/ToF=False/False
[INFO] [1791469552.343292583] [dual_tof_selector]: ACTIVE CAMERA=front_tof | front RGB/ToF=True/True | down RGB/ToF=False/False
[INFO] [1791469552.443632915] [dual_tof_selector]: ACTIVE CAMERA=front_rgb_only | front RGB/ToF=True/False | down RGB/ToF=False/False
[INFO] [1791469553.443473744] [dual_tof_selector]: ACTIVE CAMERA=front_tof | front RGB/ToF=True/True | down RGB/ToF=False/False
[INFO] [1791469553.643951441] [dual_tof_selector]: ACTIVE CAMERA=front_rgb_only | front RGB/ToF=True/False | down RGB/ToF=False/False
[INFO] [1791469556.243143191] [dual_tof_selector]: ACTIVE CAMERA=front_tof | front RGB/ToF=True/True | down RGB/ToF=False/False
[INFO] [1791469559.543563306] [dual_tof_selector]: ACTIVE CAMERA=front_rgb_only | front RGB/ToF=True/False | down RGB/ToF=False/False
[INFO] [1791469559.643516126] [dual_tof_selector]: ACTIVE CAMERA=front_tof | front RGB/ToF=True/True | down RGB/ToF=False/False
[INFO] [1791469559.743647668] [dual_tof_selector]: ACTIVE CAMERA=front_rgb_only | front RGB/ToF=True/False | down RGB/ToF=False/False
[INFO] [1791469559.843499052] [dual_tof_selector]: ACTIVE CAMERA=front_tof | front RGB/ToF=True/True | down RGB/ToF=False/False
[INFO] [1791469559.943518949] [dual_tof_selector]: ACTIVE CAMERA=front_rgb_only | front RGB/ToF=True/False | down RGB/ToF=False/False
[INFO] [1791469560.143156873] [dual_tof_selector]: ACTIVE CAMERA=front_tof | front RGB/ToF=True/True | down RGB/ToF=False/False
[INFO] [1791469560.343376517] [dual_tof_selector]: ACTIVE CAMERA=front_rgb_only | front RGB/ToF=True/False | down RGB/ToF=False/False
[INFO] [1791469560.443562080] [dual_tof_selector]: ACTIVE CAMERA=front_tof | front RGB/ToF=True/True | down RGB/ToF=False/False
[INFO] [1791469560.543572473] [dual_tof_selector]: ACTIVE CAMERA=front_rgb_only | front RGB/ToF=True/False | down RGB/ToF=False/False
[INFO] [1791469560.643558476] [dual_tof_selector]: ACTIVE CAMERA=front_tof | front RGB/ToF=True/True | down RGB/ToF=False/False
[INFO] [1791469567.044599712] [dual_tof_selector]: ACTIVE CAMERA=front_rgb_only | front RGB/ToF=True/False | down RGB/ToF=False/False
[INFO] [1791469567.143330006] [dual_tof_selector]: ACTIVE CAMERA=front_tof | front RGB/ToF=True/True | down RGB/ToF=False/False
[INFO] [1791469567.243307227] [dual_tof_selector]: ACTIVE CAMERA=front_rgb_only | front RGB/ToF=True/False | down RGB/ToF=False/False
[INFO] [1791469567.643451966] [dual_tof_selector]: ACTIVE CAMERA=front_tof | front RGB/ToF=True/True | down RGB/ToF=False/False
[INFO] [1791469567.743295053] [dual_tof_selector]: ACTIVE CAMERA=front_rgb_only | front RGB/ToF=True/False | down RGB/ToF=False/False
[INFO] [1791469567.843289896] [dual_tof_selector]: ACTIVE CAMERA=front_tof | front RGB/ToF=True/True | down RGB/ToF=False/False
[INFO] [1791469568.243701635] [dual_tof_selector]: ACTIVE CAMERA=front_rgb_only | front RGB/ToF=True/False | down RGB/ToF=False/False
[INFO] [1791469568.343825659] [dual_tof_selector]: ACTIVE CAMERA=front_tof | front RGB/ToF=True/True | down RGB/ToF=False/False
[INFO] [1791469568.443709270] [dual_tof_selector]: ACTIVE CAMERA=front_rgb_only | front RGB/ToF=True/False | down RGB/ToF=False/False
[INFO] [1791469568.543278871] [dual_tof_selector]: ACTIVE CAMERA=front_tof | front RGB/ToF=True/True | down RGB/ToF=False/False
[INFO] [1791469571.843775815] [dual_tof_selector]: ACTIVE CAMERA=front_rgb_only | front RGB/ToF=True/False | down RGB/ToF=False/False
[INFO] [1791469571.943736588] [dual_tof_selector]: ACTIVE CAMERA=front_tof | front RGB/ToF=True/True | down RGB/ToF=False/False
[INFO] [1791469573.043243096] [dual_tof_selector]: ACTIVE CAMERA=front_rgb_only | front RGB/ToF=True/False | down RGB/ToF=False/False
[INFO] [1791469573.143743955] [dual_tof_selector]: ACTIVE CAMERA=front_tof | front RGB/ToF=True/True | down RGB/ToF=False/False
[INFO] [1791469573.243731050] [dual_tof_selector]: ACTIVE CAMERA=front_rgb_only | front RGB/ToF=True/False | down RGB/ToF=False/False
[INFO] [1791469573.344442713] [dual_tof_selector]: ACTIVE CAMERA=front_tof | front RGB/ToF=True/True | down RGB/ToF=False/False
[INFO] [1791469573.743331699] [dual_tof_selector]: ACTIVE CAMERA=front_rgb_only | front RGB/ToF=True/False | down RGB/ToF=False/False
[INFO] [1791469573.843361330] [dual_tof_selector]: ACTIVE CAMERA=front_tof | front RGB/ToF=True/True | down RGB/ToF=False/False
[INFO] [1791469573.943321787] [dual_tof_selector]: ACTIVE CAMERA=front_rgb_only | front RGB/ToF=True/False | down RGB/ToF=False/False
[INFO] [1791469574.144068307] [dual_tof_selector]: ACTIVE CAMERA=front_tof | front RGB/ToF=True/True | down RGB/ToF=False/False
[INFO] [1791469574.243747107] [dual_tof_selector]: ACTIVE CAMERA=front_rgb_only | front RGB/ToF=True/False | down RGB/ToF=False/False
[INFO] [1791469574.343277747] [dual_tof_selector]: ACTIVE CAMERA=front_tof | front RGB/ToF=True/True | down RGB/ToF=False/False
[INFO] [1791469574.543729561] [dual_tof_selector]: ACTIVE CAMERA=front_rgb_only | front RGB/ToF=True/False | down RGB/ToF=False/False
[INFO] [1791469575.043302088] [dual_tof_selector]: ACTIVE CAMERA=front_tof | front RGB/ToF=True/True | down RGB/ToF=False/False
[INFO] [1791469575.143355392] [dual_tof_selector]: ACTIVE CAMERA=front_rgb_only | front RGB/ToF=True/False | down RGB/ToF=False/False
[INFO] [1791469575.243739365] [dual_tof_selector]: ACTIVE CAMERA=front_tof | front RGB/ToF=True/True | down RGB/ToF=False/False
[INFO] [1791469575.343743057] [dual_tof_selector]: ACTIVE CAMERA=front_rgb_only | front RGB/ToF=True/False | down RGB/ToF=False/False
[INFO] [1791469575.843432183] [dual_tof_selector]: ACTIVE CAMERA=front_tof | front RGB/ToF=True/True | down RGB/ToF=False/False
[INFO] [1791469575.943991900] [dual_tof_selector]: ACTIVE CAMERA=front_rgb_only | front RGB/ToF=True/False | down RGB/ToF=False/False
[INFO] [1791469576.043977686] [dual_tof_selector]: ACTIVE CAMERA=front_tof | front RGB/ToF=True/True | down RGB/ToF=False/False
[INFO] [1791469576.644064612] [dual_tof_selector]: ACTIVE CAMERA=front_rgb_only | front RGB/ToF=True/False | down RGB/ToF=False/False
[INFO] [1791469576.743753163] [dual_tof_selector]: ACTIVE CAMERA=front_tof | front RGB/ToF=True/True | down RGB/ToF=False/False
[INFO] [1791469581.643456050] [dual_tof_selector]: ACTIVE CAMERA=front_rgb_only | front RGB/ToF=True/False | down RGB/ToF=False/False
[INFO] [1791469581.743733792] [dual_tof_selector]: ACTIVE CAMERA=front_tof | front RGB/ToF=True/True | down RGB/ToF=False/False
[INFO] [1791469582.343947189] [dual_tof_selector]: ACTIVE CAMERA=front_rgb_only | front RGB/ToF=True/False | down RGB/ToF=False/False
[INFO] [1791469582.443476331] [dual_tof_selector]: ACTIVE CAMERA=front_tof | front RGB/ToF=True/True | down RGB/ToF=False/False
[INFO] [1791469582.543622239] [dual_tof_selector]: ACTIVE CAMERA=front_rgb_only | front RGB/ToF=True/False | down RGB/ToF=False/False
[INFO] [1791469582.743768889] [dual_tof_selector]: ACTIVE CAMERA=front_tof | front RGB/ToF=True/True | down RGB/ToF=False/False
[INFO] [1791469583.143334619] [dual_tof_selector]: ACTIVE CAMERA=front_rgb_only | front RGB/ToF=True/False | down RGB/ToF=False/False
[INFO] [1791469583.243302989] [dual_tof_selector]: ACTIVE CAMERA=front_tof | front RGB/ToF=True/True | down RGB/ToF=False/False
[INFO] [1791469584.243320748] [dual_tof_selector]: ACTIVE CAMERA=front_rgb_only | front RGB/ToF=True/False | down RGB/ToF=False/False
[INFO] [1791469584.343330931] [dual_tof_selector]: ACTIVE CAMERA=front_tof | front RGB/ToF=True/True | down RGB/ToF=False/False
[INFO] [1791469585.143283499] [dual_tof_selector]: ACTIVE CAMERA=front_rgb_only | front RGB/ToF=True/False | down RGB/ToF=False/False
[INFO] [1791469585.243581738] [dual_tof_selector]: ACTIVE CAMERA=front_tof | front RGB/ToF=True/True | down RGB/ToF=False/False
[INFO] [1791469585.343813254] [dual_tof_selector]: ACTIVE CAMERA=front_rgb_only | front RGB/ToF=True/False | down RGB/ToF=False/False
[INFO] [1791469585.443823495] [dual_tof_selector]: ACTIVE CAMERA=front_tof | front RGB/ToF=True/True | down RGB/ToF=False/False
[INFO] [1791469585.843716636] [dual_tof_selector]: ACTIVE CAMERA=front_rgb_only | front RGB/ToF=True/False | down RGB/ToF=False/False
[INFO] [1791469585.943502184] [dual_tof_selector]: ACTIVE CAMERA=front_tof | front RGB/ToF=True/True | down RGB/ToF=False/False
[INFO] [1791469586.043618041] [dual_tof_selector]: ACTIVE CAMERA=front_rgb_only | front RGB/ToF=True/False | down RGB/ToF=False/False
[INFO] [1791469586.143713075] [dual_tof_selector]: ACTIVE CAMERA=front_tof | front RGB/ToF=True/True | down RGB/ToF=False/False
[INFO] [1791469586.243260321] [dual_tof_selector]: ACTIVE CAMERA=front_rgb_only | front RGB/ToF=True/False | down RGB/ToF=False/False
[INFO] [1791469586.343287308] [dual_tof_selector]: ACTIVE CAMERA=front_tof | front RGB/ToF=True/True | down RGB/ToF=False/False
[INFO] [1791469586.443760893] [dual_tof_selector]: ACTIVE CAMERA=front_rgb_only | front RGB/ToF=True/False | down RGB/ToF=False/False
[INFO] [1791469586.843819826] [dual_tof_selector]: ACTIVE CAMERA=front_tof | front RGB/ToF=True/True | down RGB/ToF=False/False
[INFO] [1791469586.943934552] [dual_tof_selector]: ACTIVE CAMERA=front_rgb_only | front RGB/ToF=True/False | down RGB/ToF=False/False
[INFO] [1791469587.043923722] [dual_tof_selector]: ACTIVE CAMERA=front_tof | front RGB/ToF=True/True | down RGB/ToF=False/False
[INFO] [1791469587.243932094] [dual_tof_selector]: ACTIVE CAMERA=front_rgb_only | front RGB/ToF=True/False | down RGB/ToF=False/False
[INFO] [1791469587.443947923] [dual_tof_selector]: ACTIVE CAMERA=front_tof | front RGB/ToF=True/True | down RGB/ToF=False/False
[INFO] [1791469587.544149718] [dual_tof_selector]: ACTIVE CAMERA=front_rgb_only | front RGB/ToF=True/False | down RGB/ToF=False/False
[INFO] [1791469587.843893977] [dual_tof_selector]: ACTIVE CAMERA=front_tof | front RGB/ToF=True/True | down RGB/ToF=False/False
[INFO] [1791469588.043695619] [dual_tof_selector]: ACTIVE CAMERA=front_rgb_only | front RGB/ToF=True/False | down RGB/ToF=False/False
[INFO] [1791469588.143362791] [dual_tof_selector]: ACTIVE CAMERA=front_tof | front RGB/ToF=True/True | down RGB/ToF=False/False
[INFO] [1791469595.843269309] [dual_tof_selector]: ACTIVE CAMERA=front_rgb_only | front RGB/ToF=True/False | down RGB/ToF=False/False
[INFO] [1791469595.943625949] [dual_tof_selector]: ACTIVE CAMERA=front_tof | front RGB/ToF=True/True | down RGB/ToF=False/False
[INFO] [1791469596.543288965] [dual_tof_selector]: ACTIVE CAMERA=front_rgb_only | front RGB/ToF=True/False | down RGB/ToF=False/False
[INFO] [1791469596.643209661] [dual_tof_selector]: ACTIVE CAMERA=front_tof | front RGB/ToF=True/True | down RGB/ToF=False/False
[INFO] [1791469598.143300343] [dual_tof_selector]: ACTIVE CAMERA=front_rgb_only | front RGB/ToF=True/False | down RGB/ToF=False/False
[INFO] [1791469598.243466261] [dual_tof_selector]: ACTIVE CAMERA=front_tof | front RGB/ToF=True/True | down RGB/ToF=False/False
[INFO] [1791469598.343287397] [dual_tof_selector]: ACTIVE CAMERA=front_rgb_only | front RGB/ToF=True/False | down RGB/ToF=False/False
[INFO] [1791469598.443248010] [dual_tof_selector]: ACTIVE CAMERA=front_tof | front RGB/ToF=True/True | down RGB/ToF=False/False
[INFO] [1791469599.043460670] [dual_tof_selector]: ACTIVE CAMERA=front_rgb_only | front RGB/ToF=True/False | down RGB/ToF=False/False
[INFO] [1791469599.143692442] [dual_tof_selector]: ACTIVE CAMERA=front_tof | front RGB/ToF=True/True | down RGB/ToF=False/False
[INFO] [1791469599.243740297] [dual_tof_selector]: ACTIVE CAMERA=front_rgb_only | front RGB/ToF=True/False | down RGB/ToF=False/False
[INFO] [1791469599.343428986] [dual_tof_selector]: ACTIVE CAMERA=front_tof | front RGB/ToF=True/True | down RGB/ToF=False/False
[INFO] [1791469599.444459518] [dual_tof_selector]: ACTIVE CAMERA=front_rgb_only | front RGB/ToF=True/False | down RGB/ToF=False/False
[INFO] [1791469599.843261897] [dual_tof_selector]: ACTIVE CAMERA=front_tof | front RGB/ToF=True/True | down RGB/ToF=False/False
[INFO] [1791469599.943651237] [dual_tof_selector]: ACTIVE CAMERA=front_rgb_only | front RGB/ToF=True/False | down RGB/ToF=False/False
[INFO] [1791469600.446672233] [dual_tof_selector]: ACTIVE CAMERA=front_tof | front RGB/ToF=True/True | down RGB/ToF=False/False
[INFO] [1791469600.543274587] [dual_tof_selector]: ACTIVE CAMERA=front_rgb_only | front RGB/ToF=True/False | down RGB/ToF=False/False
[INFO] [1791469600.643706397] [dual_tof_selector]: ACTIVE CAMERA=front_tof | front RGB/ToF=True/True | down RGB/ToF=False/False
[INFO] [1791469601.043779921] [dual_tof_selector]: ACTIVE CAMERA=front_rgb_only | front RGB/ToF=True/False | down RGB/ToF=False/False
[INFO] [1791469601.143951340] [dual_tof_selector]: ACTIVE CAMERA=front_tof | front RGB/ToF=True/True | down RGB/ToF=False/False
[INFO] [1791469601.243705754] [dual_tof_selector]: ACTIVE CAMERA=front_rgb_only | front RGB/ToF=True/False | down RGB/ToF=False/False
[INFO] [1791469601.344090296] [dual_tof_selector]: ACTIVE CAMERA=front_tof | front RGB/ToF=True/True | down RGB/ToF=False/False
[INFO] [1791469601.943805035] [dual_tof_selector]: ACTIVE CAMERA=front_rgb_only | front RGB/ToF=True/False | down RGB/ToF=False/False
[INFO] [1791469602.043678176] [dual_tof_selector]: ACTIVE CAMERA=front_tof | front RGB/ToF=True/True | down RGB/ToF=False/False
[INFO] [1791469602.143370572] [dual_tof_selector]: ACTIVE CAMERA=front_rgb_only | front RGB/ToF=True/False | down RGB/ToF=False/False
[INFO] [1791469602.243646260] [dual_tof_selector]: ACTIVE CAMERA=front_tof | front RGB/ToF=True/True | down RGB/ToF=False/False
[INFO] [1791469603.543380934] [dual_tof_selector]: ACTIVE CAMERA=front_rgb_only | front RGB/ToF=True/False | down RGB/ToF=False/False
[INFO] [1791469603.643741001] [dual_tof_selector]: ACTIVE CAMERA=front_tof | front RGB/ToF=True/True | down RGB/ToF=False/False
[INFO] [1791469609.543416746] [dual_tof_selector]: ACTIVE CAMERA=front_rgb_only | front RGB/ToF=True/False | down RGB/ToF=False/False
[INFO] [1791469609.643319809] [dual_tof_selector]: ACTIVE CAMERA=front_tof | front RGB/ToF=True/True | down RGB/ToF=False/False
[INFO] [1791469610.043929842] [dual_tof_selector]: ACTIVE CAMERA=front_rgb_only | front RGB/ToF=True/False | down RGB/ToF=False/False
[INFO] [1791469610.143837492] [dual_tof_selector]: ACTIVE CAMERA=front_tof | front RGB/ToF=True/True | down RGB/ToF=False/False
[INFO] [1791469610.243896014] [dual_tof_selector]: ACTIVE CAMERA=front_rgb_only | front RGB/ToF=True/False | down RGB/ToF=False/False
[INFO] [1791469610.344758711] [dual_tof_selector]: ACTIVE CAMERA=front_tof | front RGB/ToF=True/True | down RGB/ToF=False/False
[INFO] [1791469610.443749342] [dual_tof_selector]: ACTIVE CAMERA=front_rgb_only | front RGB/ToF=True/False | down RGB/ToF=False/False
[INFO] [1791469610.643765241] [dual_tof_selector]: ACTIVE CAMERA=front_tof | front RGB/ToF=True/True | down RGB/ToF=False/False
[INFO] [1791469611.244448548] [dual_tof_selector]: ACTIVE CAMERA=front_rgb_only | front RGB/ToF=True/False | down RGB/ToF=False/False
[INFO] [1791469611.443884283] [dual_tof_selector]: ACTIVE CAMERA=front_tof | front RGB/ToF=True/True | down RGB/ToF=False/False
[INFO] [1791469611.543652509] [dual_tof_selector]: ACTIVE CAMERA=front_rgb_only | front RGB/ToF=True/False | down RGB/ToF=False/False
[INFO] [1791469611.843938785] [dual_tof_selector]: ACTIVE CAMERA=front_tof | front RGB/ToF=True/True | down RGB/ToF=False/False
[INFO] [1791469612.043339660] [dual_tof_selector]: ACTIVE CAMERA=front_rgb_only | front RGB/ToF=True/False | down RGB/ToF=False/False
[INFO] [1791469612.143277598] [dual_tof_selector]: ACTIVE CAMERA=front_tof | front RGB/ToF=True/True | down RGB/ToF=False/False
[INFO] [1791469612.243889227] [dual_tof_selector]: ACTIVE CAMERA=front_rgb_only | front RGB/ToF=True/False | down RGB/ToF=False/False
[INFO] [1791469612.343353241] [dual_tof_selector]: ACTIVE CAMERA=front_tof | front RGB/ToF=True/True | down RGB/ToF=False/False
[INFO] [1791469612.443280747] [dual_tof_selector]: ACTIVE CAMERA=front_rgb_only | front RGB/ToF=True/False | down RGB/ToF=False/False
[INFO] [1791469612.543267164] [dual_tof_selector]: ACTIVE CAMERA=front_tof | front RGB/ToF=True/True | down RGB/ToF=False/False
[INFO] [1791469615.643874836] [dual_tof_selector]: ACTIVE CAMERA=front_rgb_only | front RGB/ToF=True/False | down RGB/ToF=False/False
[INFO] [1791469615.743964856] [dual_tof_selector]: ACTIVE CAMERA=front_tof | front RGB/ToF=True/True | down RGB/ToF=False/False
[INFO] [1791469615.844004685] [dual_tof_selector]: ACTIVE CAMERA=front_rgb_only | front RGB/ToF=True/False | down RGB/ToF=False/False
[INFO] [1791469615.943542709] [dual_tof_selector]: ACTIVE CAMERA=front_tof | front RGB/ToF=True/True | down RGB/ToF=False/False
[INFO] [1791469616.343744822] [dual_tof_selector]: ACTIVE CAMERA=front_rgb_only | front RGB/ToF=True/False | down RGB/ToF=False/False
[INFO] [1791469616.443250631] [dual_tof_selector]: ACTIVE CAMERA=front_tof | front RGB/ToF=True/True | down RGB/ToF=False/False
[INFO] [1791469616.543321171] [dual_tof_selector]: ACTIVE CAMERA=front_rgb_only | front RGB/ToF=True/False | down RGB/ToF=False/False
[INFO] [1791469616.643721734] [dual_tof_selector]: ACTIVE CAMERA=front_tof | front RGB/ToF=True/True | down RGB/ToF=False/False
[INFO] [1791469617.043773067] [dual_tof_selector]: ACTIVE CAMERA=front_rgb_only | front RGB/ToF=True/False | down RGB/ToF=False/False
[INFO] [1791469617.143726842] [dual_tof_selector]: ACTIVE CAMERA=front_tof | front RGB/ToF=True/True | down RGB/ToF=False/False
[INFO] [1791469617.243711537] [dual_tof_selector]: ACTIVE CAMERA=front_rgb_only | front RGB/ToF=True/False | down RGB/ToF=False/False
[INFO] [1791469617.443304590] [dual_tof_selector]: ACTIVE CAMERA=front_tof | front RGB/ToF=True/True | down RGB/ToF=False/False
[INFO] [1791469617.643364072] [dual_tof_selector]: ACTIVE CAMERA=front_rgb_only | front RGB/ToF=True/False | down RGB/ToF=False/False
[INFO] [1791469617.743251612] [dual_tof_selector]: ACTIVE CAMERA=front_tof | front RGB/ToF=True/True | down RGB/ToF=False/False
[INFO] [1791469617.843385897] [dual_tof_selector]: ACTIVE CAMERA=front_rgb_only | front RGB/ToF=True/False | down RGB/ToF=False/False
[INFO] [1791469617.943236403] [dual_tof_selector]: ACTIVE CAMERA=front_tof | front RGB/ToF=True/True | down RGB/ToF=False/False
[INFO] [1791469619.843323417] [dual_tof_selector]: ACTIVE CAMERA=front_rgb_only | front RGB/ToF=True/False | down RGB/ToF=False/False
[INFO] [1791469619.943302487] [dual_tof_selector]: ACTIVE CAMERA=front_tof | front RGB/ToF=True/True | down RGB/ToF=False/False
[INFO] [1791469621.643694764] [dual_tof_selector]: ACTIVE CAMERA=front_rgb_only | front RGB/ToF=True/False | down RGB/ToF=False/False
[INFO] [1791469621.744367006] [dual_tof_selector]: ACTIVE CAMERA=front_tof | front RGB/ToF=True/True | down RGB/ToF=False/False
[INFO] [1791469621.843422088] [dual_tof_selector]: ACTIVE CAMERA=front_rgb_only | front RGB/ToF=True/False | down RGB/ToF=False/False
[INFO] [1791469621.943594026] [dual_tof_selector]: ACTIVE CAMERA=front_tof | front RGB/ToF=True/True | down RGB/ToF=False/False
[INFO] [1791469623.444058770] [dual_tof_selector]: ACTIVE CAMERA=front_rgb_only | front RGB/ToF=True/False | down RGB/ToF=False/False
[INFO] [1791469623.543704695] [dual_tof_selector]: ACTIVE CAMERA=front_tof | front RGB/ToF=True/True | down RGB/ToF=False/False
[INFO] [1791469624.843780456] [dual_tof_selector]: ACTIVE CAMERA=front_rgb_only | front RGB/ToF=True/False | down RGB/ToF=False/False
[INFO] [1791469624.943867287] [dual_tof_selector]: ACTIVE CAMERA=front_tof | front RGB/ToF=True/True | down RGB/ToF=False/False
[INFO] [1791469626.643473741] [dual_tof_selector]: ACTIVE CAMERA=front_rgb_only | front RGB/ToF=True/False | down RGB/ToF=False/False
[INFO] [1791469626.743826113] [dual_tof_selector]: ACTIVE CAMERA=front_tof | front RGB/ToF=True/True | down RGB/ToF=False/False
[INFO] [1791469631.744142223] [dual_tof_selector]: ACTIVE CAMERA=front_rgb_only | front RGB/ToF=True/False | down RGB/ToF=False/False
[INFO] [1791469631.843892275] [dual_tof_selector]: ACTIVE CAMERA=front_tof | front RGB/ToF=True/True | down RGB/ToF=False/False
[INFO] [1791469631.943757378] [dual_tof_selector]: ACTIVE CAMERA=front_rgb_only | front RGB/ToF=True/False | down RGB/ToF=False/False
[INFO] [1791469632.043398849] [dual_tof_selector]: ACTIVE CAMERA=front_tof | front RGB/ToF=True/True | down RGB/ToF=False/False
[INFO] [1791469632.443342341] [dual_tof_selector]: ACTIVE CAMERA=front_rgb_only | front RGB/ToF=True/False | down RGB/ToF=False/False
[INFO] [1791469632.543454041] [dual_tof_selector]: ACTIVE CAMERA=front_tof | front RGB/ToF=True/True | down RGB/ToF=False/False
[INFO] [1791469632.943363139] [dual_tof_selector]: ACTIVE CAMERA=front_rgb_only | front RGB/ToF=True/False | down RGB/ToF=False/False
[INFO] [1791469633.043305115] [dual_tof_selector]: ACTIVE CAMERA=front_tof | front RGB/ToF=True/True | down RGB/ToF=False/False
[INFO] [1791469633.143288978] [dual_tof_selector]: ACTIVE CAMERA=front_rgb_only | front RGB/ToF=True/False | down RGB/ToF=False/False
[INFO] [1791469633.243798423] [dual_tof_selector]: ACTIVE CAMERA=front_tof | front RGB/ToF=True/True | down RGB/ToF=False/False
[INFO] [1791469633.343270982] [dual_tof_selector]: ACTIVE CAMERA=front_rgb_only | front RGB/ToF=True/False | down RGB/ToF=False/False
[INFO] [1791469633.444350509] [dual_tof_selector]: ACTIVE CAMERA=front_tof | front RGB/ToF=True/True | down RGB/ToF=False/False
[INFO] [1791469633.643928516] [dual_tof_selector]: ACTIVE CAMERA=front_rgb_only | front RGB/ToF=True/False | down RGB/ToF=False/False
[INFO] [1791469633.744225497] [dual_tof_selector]: ACTIVE CAMERA=front_tof | front RGB/ToF=True/True | down RGB/ToF=False/False
[INFO] [1791469633.843280580] [dual_tof_selector]: ACTIVE CAMERA=front_rgb_only | front RGB/ToF=True/False | down RGB/ToF=False/False
[INFO] [1791469633.943719031] [dual_tof_selector]: ACTIVE CAMERA=front_tof | front RGB/ToF=True/True | down RGB/ToF=False/False
[INFO] [1791469645.543305282] [dual_tof_selector]: ACTIVE CAMERA=front_rgb_only | front RGB/ToF=True/False | down RGB/ToF=False/False
[INFO] [1791469645.643641988] [dual_tof_selector]: ACTIVE CAMERA=front_tof | front RGB/ToF=True/True | down RGB/ToF=False/False
[INFO] [1791469648.043548494] [dual_tof_selector]: ACTIVE CAMERA=front_rgb_only | front RGB/ToF=True/False | down RGB/ToF=False/False
[INFO] [1791469648.143419238] [dual_tof_selector]: ACTIVE CAMERA=front_tof | front RGB/ToF=True/True | down RGB/ToF=False/False
[INFO] [1791469648.243714249] [dual_tof_selector]: ACTIVE CAMERA=front_rgb_only | front RGB/ToF=True/False | down RGB/ToF=False/False
[INFO] [1791469648.344179676] [dual_tof_selector]: ACTIVE CAMERA=front_tof | front RGB/ToF=True/True | down RGB/ToF=False/False
[INFO] [1791469648.743395288] [dual_tof_selector]: ACTIVE CAMERA=front_rgb_only | front RGB/ToF=True/False | down RGB/ToF=False/False
[INFO] [1791469648.843259883] [dual_tof_selector]: ACTIVE CAMERA=front_tof | front RGB/ToF=True/True | down RGB/ToF=False/False
[INFO] [1791469648.943409583] [dual_tof_selector]: ACTIVE CAMERA=front_rgb_only | front RGB/ToF=True/False | down RGB/ToF=False/False
[INFO] [1791469649.043325312] [dual_tof_selector]: ACTIVE CAMERA=front_tof | front RGB/ToF=True/True | down RGB/ToF=False/False
[INFO] [1791469649.143351507] [dual_tof_selector]: ACTIVE CAMERA=front_rgb_only | front RGB/ToF=True/False | down RGB/ToF=False/False
[INFO] [1791469649.243488454] [dual_tof_selector]: ACTIVE CAMERA=front_tof | front RGB/ToF=True/True | down RGB/ToF=False/False
[INFO] [1791469649.643878589] [dual_tof_selector]: ACTIVE CAMERA=front_rgb_only | front RGB/ToF=True/False | down RGB/ToF=False/False
[INFO] [1791469649.743826943] [dual_tof_selector]: ACTIVE CAMERA=front_tof | front RGB/ToF=True/True | down RGB/ToF=False/False
[INFO] [1791469649.843720147] [dual_tof_selector]: ACTIVE CAMERA=front_rgb_only | front RGB/ToF=True/False | down RGB/ToF=False/False
[INFO] [1791469649.943363383] [dual_tof_selector]: ACTIVE CAMERA=front_tof | front RGB/ToF=True/True | down RGB/ToF=False/False
[INFO] [1791469650.343268941] [dual_tof_selector]: ACTIVE CAMERA=front_rgb_only | front RGB/ToF=True/False | down RGB/ToF=False/False
[INFO] [1791469650.443387242] [dual_tof_selector]: ACTIVE CAMERA=front_tof | front RGB/ToF=True/True | down RGB/ToF=False/False
[INFO] [1791469650.543286109] [dual_tof_selector]: ACTIVE CAMERA=front_rgb_only | front RGB/ToF=True/False | down RGB/ToF=False/False
[INFO] [1791469650.644226654] [dual_tof_selector]: ACTIVE CAMERA=front_tof | front RGB/ToF=True/True | down RGB/ToF=False/False
[INFO] [1791469650.743834495] [dual_tof_selector]: ACTIVE CAMERA=front_rgb_only | front RGB/ToF=True/False | down RGB/ToF=False/False
[INFO] [1791469650.843838895] [dual_tof_selector]: ACTIVE CAMERA=front_tof | front RGB/ToF=True/True | down RGB/ToF=False/False
[INFO] [1791469651.043719711] [dual_tof_selector]: ACTIVE CAMERA=front_rgb_only | front RGB/ToF=True/False | down RGB/ToF=False/False
[INFO] [1791469651.144668852] [dual_tof_selector]: ACTIVE CAMERA=front_tof | front RGB/ToF=True/True | down RGB/ToF=False/False
[INFO] [1791469651.243784470] [dual_tof_selector]: ACTIVE CAMERA=front_rgb_only | front RGB/ToF=True/False | down RGB/ToF=False/False
[INFO] [1791469651.543781564] [dual_tof_selector]: ACTIVE CAMERA=front_tof | front RGB/ToF=True/True | down RGB/ToF=False/False
[INFO] [1791469652.143358842] [dual_tof_selector]: ACTIVE CAMERA=front_rgb_only | front RGB/ToF=True/False | down RGB/ToF=False/False
[INFO] [1791469652.243265007] [dual_tof_selector]: ACTIVE CAMERA=front_tof | front RGB/ToF=True/True | down RGB/ToF=False/False
[INFO] [1791469652.343228332] [dual_tof_selector]: ACTIVE CAMERA=front_rgb_only | front RGB/ToF=True/False | down RGB/ToF=False/False
[INFO] [1791469652.443256225] [dual_tof_selector]: ACTIVE CAMERA=front_tof | front RGB/ToF=True/True | down RGB/ToF=False/False
[INFO] [1791469652.843312675] [dual_tof_selector]: ACTIVE CAMERA=front_rgb_only | front RGB/ToF=True/False | down RGB/ToF=False/False
[INFO] [1791469652.943889419] [dual_tof_selector]: ACTIVE CAMERA=front_tof | front RGB/ToF=True/True | down RGB/ToF=False/False
[INFO] [1791469653.043909817] [dual_tof_selector]: ACTIVE CAMERA=front_rgb_only | front RGB/ToF=True/False | down RGB/ToF=False/False
[INFO] [1791469653.243737705] [dual_tof_selector]: ACTIVE CAMERA=front_tof | front RGB/ToF=True/True | down RGB/ToF=False/False
[INFO] [1791469653.643828808] [dual_tof_selector]: ACTIVE CAMERA=front_rgb_only | front RGB/ToF=True/False | down RGB/ToF=False/False
[INFO] [1791469653.943674378] [dual_tof_selector]: ACTIVE CAMERA=front_tof | front RGB/ToF=True/True | down RGB/ToF=False/False
[INFO] [1791469657.943342586] [dual_tof_selector]: ACTIVE CAMERA=front_rgb_only | front RGB/ToF=True/False | down RGB/ToF=False/False
[INFO] [1791469658.043344841] [dual_tof_selector]: ACTIVE CAMERA=front_tof | front RGB/ToF=True/True | down RGB/ToF=False/False
[INFO] [1791469658.643999176] [dual_tof_selector]: ACTIVE CAMERA=front_rgb_only | front RGB/ToF=True/False | down RGB/ToF=False/False
[INFO] [1791469658.745122670] [dual_tof_selector]: ACTIVE CAMERA=front_tof | front RGB/ToF=True/True | down RGB/ToF=False/False
[INFO] [1791469658.843539424] [dual_tof_selector]: ACTIVE CAMERA=front_rgb_only | front RGB/ToF=True/False | down RGB/ToF=False/False
[INFO] [1791469658.943326774] [dual_tof_selector]: ACTIVE CAMERA=front_tof | front RGB/ToF=True/True | down RGB/ToF=False/False
[INFO] [1791469659.343760481] [dual_tof_selector]: ACTIVE CAMERA=front_rgb_only | front RGB/ToF=True/False | down RGB/ToF=False/False
[INFO] [1791469659.443283626] [dual_tof_selector]: ACTIVE CAMERA=front_tof | front RGB/ToF=True/True | down RGB/ToF=False/False
[INFO] [1791469659.543680623] [dual_tof_selector]: ACTIVE CAMERA=front_rgb_only | front RGB/ToF=True/False | down RGB/ToF=False/False
[INFO] [1791469659.643664519] [dual_tof_selector]: ACTIVE CAMERA=front_tof | front RGB/ToF=True/True | down RGB/ToF=False/False
[INFO] [1791469659.743681310] [dual_tof_selector]: ACTIVE CAMERA=front_rgb_only | front RGB/ToF=True/False | down RGB/ToF=False/False
[INFO] [1791469659.843327142] [dual_tof_selector]: ACTIVE CAMERA=front_tof | front RGB/ToF=True/True | down RGB/ToF=False/False
[INFO] [1791469660.443679328] [dual_tof_selector]: ACTIVE CAMERA=front_rgb_only | front RGB/ToF=True/False | down RGB/ToF=False/False
[INFO] [1791469660.543647720] [dual_tof_selector]: ACTIVE CAMERA=front_tof | front RGB/ToF=True/True | down RGB/ToF=False/False
[INFO] [1791469662.043702861] [dual_tof_selector]: ACTIVE CAMERA=front_rgb_only | front RGB/ToF=True/False | down RGB/ToF=False/False
[INFO] [1791469662.143732429] [dual_tof_selector]: ACTIVE CAMERA=front_tof | front RGB/ToF=True/True | down RGB/ToF=False/False
[INFO] [1791469662.243863051] [dual_tof_selector]: ACTIVE CAMERA=front_rgb_only | front RGB/ToF=True/False | down RGB/ToF=False/False
[INFO] [1791469662.643266092] [dual_tof_selector]: ACTIVE CAMERA=front_tof | front RGB/ToF=True/True | down RGB/ToF=False/False
[INFO] [1791469662.743771306] [dual_tof_selector]: ACTIVE CAMERA=front_rgb_only | front RGB/ToF=True/False | down RGB/ToF=False/False
[INFO] [1791469662.843694650] [dual_tof_selector]: ACTIVE CAMERA=front_tof | front RGB/ToF=True/True | down RGB/ToF=False/False
[INFO] [1791469662.943778782] [dual_tof_selector]: ACTIVE CAMERA=front_rgb_only | front RGB/ToF=True/False | down RGB/ToF=False/False
[INFO] [1791469663.043818743] [dual_tof_selector]: ACTIVE CAMERA=front_tof | front RGB/ToF=True/True | down RGB/ToF=False/False
[INFO] [1791469663.243756118] [dual_tof_selector]: ACTIVE CAMERA=front_rgb_only | front RGB/ToF=True/False | down RGB/ToF=False/False
[INFO] [1791469663.343681045] [dual_tof_selector]: ACTIVE CAMERA=front_tof | front RGB/ToF=True/True | down RGB/ToF=False/False
[INFO] [1791469663.443810292] [dual_tof_selector]: ACTIVE CAMERA=front_rgb_only | front RGB/ToF=True/False | down RGB/ToF=False/False
[INFO] [1791469663.543270805] [dual_tof_selector]: ACTIVE CAMERA=front_tof | front RGB/ToF=True/True | down RGB/ToF=False/False
[INFO] [1791469663.643589627] [dual_tof_selector]: ACTIVE CAMERA=front_rgb_only | front RGB/ToF=True/False | down RGB/ToF=False/False
[INFO] [1791469663.744017199] [dual_tof_selector]: ACTIVE CAMERA=front_tof | front RGB/ToF=True/True | down RGB/ToF=False/False
[INFO] [1791469664.143577076] [dual_tof_selector]: ACTIVE CAMERA=front_rgb_only | front RGB/ToF=True/False | down RGB/ToF=False/False
