PHASE INIT
PHASE GROUND_HOLD
SEND X
PHASE TAKEOFF
PHASE FOLLOW
SEND Y
PHASE FAR_GUIDANCE
PHASE REACQUIRE
PHASE TARGET_LOCK
PHASE FAR_GUIDANCE
PHASE MINCO_READY
PHASE MINCO_TRACKING
PHASE TERMINAL_MINCO
PHASE SAFE_RECOVERY
PHASE REACQUIRE
PHASE TARGET_LOCK
PHASE FAR_GUIDANCE
PHASE TERMINAL_MINCO
PHASE SAFE_RECOVERY
PHASE TARGET_LOCK
PHASE FAR_GUIDANCE
RESULT OrderedDict([('stamp', OrderedDict([('sec', 1791340855), ('nanosec', 461450815)])), ('mission_id', 1), ('success', False), ('outcome', 'FAILURE'), ('reason', 'TIMEOUT'), ('detail', 'determined by simulation truth in evaluator only'), ('elapsed_time', 30.04706907272339), ('capture_radius', 0.5), ('minimum_distance', 0.5041915004529873), ('horizontal_distance', 1.6807412508212325), ('vertical_error', 1.0735056453684138), ('relative_speed', 0.9507702218846232), ('closing_speed', 0.6029361244920476), ('max_horizontal_speed', 6.656991802662196), ('max_vertical_speed', 2.77624883205535), ('max_horizontal_acceleration', 4.987861451842366), ('max_vertical_acceleration', 5.794328105108149)])
PHASE TERMINAL_MINCO
PHASE PLAN_RECOVERY
PHASE SAFE_WAIT
PHASE TARGET_LOCK
PHASE SAFE_RECOVERY
PHASE TARGET_LOCK
PHASE FAR_GUIDANCE
