README.md: 成功
analysis/analysis.json: 成功
analysis/deceleration_trace.csv: 成功
analysis/first_approach_deceleration.png: 成功
analysis/near_depth_trace.json: 成功
checks/build.log: 成功
checks/final_checks.json: 成功
checks/flake8.log: 成功
checks/mixture_red.log: 成功
checks/plane_red.log: 成功
checks/pytest.log: 成功
checks/tests_green.log: 成功
checks/tests_red.log: 成功
metadata.json: 成功
run1/analysis.json: 成功
run1/auto_probe.log: 成功
run1/fit_mode.txt: 成功
run1/front_tof_simulation.yaml: 成功
run1/full_config.yaml: 成功
run1/gazebo_topics.txt: 成功
run1/owned_processes_before_cleanup.json: 成功
run1/probe.jsonl: 成功
run1/probe_roslogs/python3_58565_1791340787745.log: 成功
run1/probe_summary.json: 成功
run1/protected_fingerprint_before.json: 成功
run1/protection_check.json: 成功
run1/raw/modular_intercept_20261007_104013_014381_mission_1.csv: 成功
run1/raw/modular_intercept_20261007_104013_014381_mission_1_config.yaml: 成功
run1/raw/modular_intercept_20261007_104013_014381_mission_1_summary.json: 成功
run1/raw/modular_intercept_20261007_104013_014381_mission_1_vision.csv: 成功
run1/raw_copy_manifest.json: 成功
run1/ros_nodes.txt: 成功
run1/roslogs/2026-10-07-10-39-59-482861-qin-GLO-FX6-59581/launch.log: 成功
run1/roslogs/image_bridge_59598_1791340799590.log: 成功
run1/roslogs/python3_59538_1791340799224.log: 成功
run1/roslogs/python3_59582_1791340799905.log: 成功
run1/roslogs/python3_59584_1791340799882.log: 成功
run1/roslogs/python3_59586_1791340799850.log: 成功
run1/roslogs/python3_59588_1791340799967.log: 成功
run1/roslogs/python3_59590_1791340799923.log: 成功
run1/roslogs/python3_59592_1791340799940.log: 成功
run1/roslogs/python3_59594_1791340800077.log: 成功
run1/roslogs/python3_59596_1791340799906.log: 成功
run1/roslogs/python3_59600_1791340800085.log: 成功
run1/roslogs/python3_59602_1791340799979.log: 成功
run1/roslogs/python3_59604_1791340799931.log: 成功
run1/roslogs/python3_59606_1791340800010.log: 成功
run1/roslogs/python3_59608_1791340799809.log: 成功
run1/roslogs/python3_59836_1791340802696.log: 成功
run1/source_fingerprint.json: 成功
run1/source_snapshot/src/uav_control/test/test_tof_sphere_localization.py: 成功
run1/source_snapshot/src/uav_control/uav_control/perception/rgbd_target_localizer.py: 成功
run1/source_snapshot/src/uav_control/uav_control/perception/tof_depth_model.py: 成功
run1/source_snapshot/src/uav_control/uav_control/perception/tof_depth_node.py: 成功
run1/source_snapshot/src/uav_control/uav_control/perception/tof_sphere_localization.py: 成功
run1/source_snapshot/src/uav_usv_bringup/config/front_tof_simulation.yaml: 成功
run1/source_snapshot/src/uav_usv_bringup/config/visual_geometry_diagnostics.yaml: 成功
run1/source_snapshot/src/uav_usv_bringup/launch/modular_intercept.launch.py: 成功
run1/tools/analyze_recording.py: 成功
run1/tools/auto_probe.py: 成功
run1/tools/original_analysis.py: 成功
run1/truth_consumers.txt: 成功
validation_report.md: 成功
