README.md: 成功
auto_probe.py: 成功
checks/build.log: 成功
checks/flake8.log: 成功
checks/frozen_checksums.log: 成功
checks/pytest_green.log: 成功
checks/ros_smoke_green.log: 成功
final_source_fingerprint.json: 成功
metadata.json: 成功
ros_image_smoke.py: 成功
run1/analysis.json: 成功
run1/auto_probe.log: 成功
run1/baseline.yaml: 成功
run1/front_tof_simulation.yaml: 成功
run1/full_config.yaml: 成功
run1/modular_intercept_20261007_101607_439432_mission_1.csv: 成功
run1/modular_intercept_20261007_101607_439432_mission_1_config.yaml: 成功
run1/modular_intercept_20261007_101607_439432_mission_1_summary.json: 成功
run1/modular_intercept_20261007_101607_439432_mission_1_vision.csv: 成功
run1/owned_processes_before_cleanup.json: 成功
run1/probe.jsonl: 成功
run1/probe_summary.json: 成功
run1/roslogs/2026-10-07-10-16-03-187734-qin-GLO-FX6-42973/launch.log: 成功
run1/roslogs/image_bridge_42995_1791339364014.log: 成功
run1/roslogs/python3_42935_1791339362981.log: 成功
run1/roslogs/python3_42979_1791339363548.log: 成功
run1/roslogs/python3_42981_1791339363508.log: 成功
run1/roslogs/python3_42983_1791339363450.log: 成功
run1/roslogs/python3_42985_1791339364391.log: 成功
run1/roslogs/python3_42987_1791339363632.log: 成功
run1/roslogs/python3_42989_1791339363535.log: 成功
run1/roslogs/python3_42991_1791339364708.log: 成功
run1/roslogs/python3_42993_1791339363583.log: 成功
run1/roslogs/python3_42997_1791339363677.log: 成功
run1/roslogs/python3_42999_1791339363774.log: 成功
run1/roslogs/python3_43001_1791339363661.log: 成功
run1/roslogs/python3_43003_1791339363748.log: 成功
run1/roslogs/python3_43005_1791339363555.log: 成功
run1/roslogs/python3_43226_1791339366034.log: 成功
run1/roslogs/python3_43258_1791339368641.log: 成功
run1/roslogs/python3_43293_1791339371276.log: 成功
run1/roslogs/python3_43328_1791339373903.log: 成功
run1/roslogs/python3_43358_1791339377758.log: 成功
run1/roslogs/python3_43389_1791339380736.log: 成功
run1/roslogs/python3_43438_1791339383716.log: 成功
run1/roslogs/python3_43482_1791339386707.log: 成功
run1/roslogs/python3_43526_1791339389304.log: 成功
run1/roslogs/python3_43556_1791339392787.log: 成功
run1/roslogs/python3_43600_1791339395367.log: 成功
run1/roslogs/python3_43632_1791339398758.log: 成功
run1/roslogs/python3_43676_1791339401326.log: 成功
run1/roslogs/python3_43715_1791339403980.log: 成功
run1/roslogs/python3_43746_1791339406604.log: 成功
run1/roslogs/python3_43808_1791339409209.log: 成功
run1/roslogs/python3_43839_1791339411787.log: 成功
run1/roslogs/python3_43871_1791339414471.log: 成功
run1/roslogs/python3_43901_1791339417048.log: 成功
run1/roslogs/python3_43931_1791339419652.log: 成功
run2/analysis.json: 成功
run2/auto_probe.log: 成功
run2/front_tof_simulation.yaml: 成功
run2/full_config.yaml: 成功
run2/modular_intercept_20261007_101922_226956_mission_1.csv: 成功
run2/modular_intercept_20261007_101922_226956_mission_1_config.yaml: 成功
run2/modular_intercept_20261007_101922_226956_mission_1_summary.json: 成功
run2/modular_intercept_20261007_101922_226956_mission_1_vision.csv: 成功
run2/owned_processes_before_cleanup.json: 成功
run2/probe.jsonl: 成功
run2/probe_summary.json: 成功
run2/roslogs/2026-10-07-10-19-08-654633-qin-GLO-FX6-46452/launch.log: 成功
run2/roslogs/image_bridge_46469_1791339548742.log: 成功
run2/roslogs/python3_46408_1791339548436.log: 成功
run2/roslogs/python3_46453_1791339549029.log: 成功
run2/roslogs/python3_46455_1791339549003.log: 成功
run2/roslogs/python3_46457_1791339548985.log: 成功
run2/roslogs/python3_46459_1791339549045.log: 成功
run2/roslogs/python3_46461_1791339549074.log: 成功
run2/roslogs/python3_46463_1791339549035.log: 成功
run2/roslogs/python3_46465_1791339549288.log: 成功
run2/roslogs/python3_46467_1791339548991.log: 成功
run2/roslogs/python3_46471_1791339549230.log: 成功
run2/roslogs/python3_46473_1791339549090.log: 成功
run2/roslogs/python3_46475_1791339549052.log: 成功
run2/roslogs/python3_46477_1791339549092.log: 成功
run2/roslogs/python3_46479_1791339549022.log: 成功
run2/roslogs/python3_46748_1791339550909.log: 成功
run2/roslogs/python3_46783_1791339553544.log: 成功
run3_ideal_control/analysis.json: 成功
run3_ideal_control/auto_probe.log: 成功
run3_ideal_control/freeze_audit.json: 成功
run3_ideal_control/full_config.yaml: 成功
run3_ideal_control/gazebo_topics.txt: 成功
run3_ideal_control/modular_intercept_20261007_102124_727094_mission_1.csv: 成功
run3_ideal_control/modular_intercept_20261007_102124_727094_mission_1_config.yaml: 成功
run3_ideal_control/modular_intercept_20261007_102124_727094_mission_1_summary.json: 成功
run3_ideal_control/modular_intercept_20261007_102124_727094_mission_1_vision.csv: 成功
run3_ideal_control/owned_processes_before_cleanup.json: 成功
run3_ideal_control/probe.jsonl: 成功
run3_ideal_control/probe_summary.json: 成功
run3_ideal_control/ros_nodes.txt: 成功
run3_ideal_control/roslogs/2026-10-07-10-21-10-273054-qin-GLO-FX6-48682/launch.log: 成功
run3_ideal_control/roslogs/image_bridge_48699_1791339670425.log: 成功
run3_ideal_control/roslogs/python3_48638_1791339670057.log: 成功
run3_ideal_control/roslogs/python3_48683_1791339670656.log: 成功
run3_ideal_control/roslogs/python3_48685_1791339670588.log: 成功
run3_ideal_control/roslogs/python3_48687_1791339670583.log: 成功
run3_ideal_control/roslogs/python3_48689_1791339670722.log: 成功
run3_ideal_control/roslogs/python3_48691_1791339670732.log: 成功
run3_ideal_control/roslogs/python3_48693_1791339670639.log: 成功
run3_ideal_control/roslogs/python3_48695_1791339670887.log: 成功
run3_ideal_control/roslogs/python3_48697_1791339670584.log: 成功
run3_ideal_control/roslogs/python3_48701_1791339670807.log: 成功
run3_ideal_control/roslogs/python3_48703_1791339670734.log: 成功
run3_ideal_control/roslogs/python3_48705_1791339670669.log: 成功
run3_ideal_control/roslogs/python3_48707_1791339670496.log: 成功
run3_ideal_control/roslogs/python3_48918_1791339672537.log: 成功
run3_ideal_control/roslogs/python3_48950_1791339675026.log: 成功
run3_ideal_control/scene_snapshot_1.txt: 成功
run3_ideal_control/scene_snapshot_2.txt: 成功
run3_ideal_control/truth_consumers.txt: 成功
run3_ideal_control/world_state_1.txt: 成功
run3_ideal_control/world_state_2.txt: 成功
same_sphere_noise_audit.json: 成功
stop_owned.py: 成功
