data/baselines/20261007_rgbd_terminal_replan_audit/README.md: 成功
data/baselines/20261007_rgbd_terminal_replan_audit/after_run1/analysis/audit.json: 成功
data/baselines/20261007_rgbd_terminal_replan_audit/after_run1/analysis/audit.log: 成功
data/baselines/20261007_rgbd_terminal_replan_audit/after_run1/analysis/command_trace.csv: 成功
data/baselines/20261007_rgbd_terminal_replan_audit/after_run1/analysis/replan_audit.json: 成功
data/baselines/20261007_rgbd_terminal_replan_audit/after_run1/auto_probe.log: 成功
data/baselines/20261007_rgbd_terminal_replan_audit/after_run1/auto_probe.py: 成功
data/baselines/20261007_rgbd_terminal_replan_audit/after_run1/full_config.yaml: 成功
data/baselines/20261007_rgbd_terminal_replan_audit/after_run1/launcher_logs/dds.pid: 成功
data/baselines/20261007_rgbd_terminal_replan_audit/after_run1/launcher_logs/experiment.pid: 成功
data/baselines/20261007_rgbd_terminal_replan_audit/after_run1/launcher_logs/gazebo.pid: 成功
data/baselines/20261007_rgbd_terminal_replan_audit/after_run1/launcher_logs/magnetometer_enu.config: 成功
data/baselines/20261007_rgbd_terminal_replan_audit/after_run1/launcher_logs/models/x500_mono_cam/model.config: 成功
data/baselines/20261007_rgbd_terminal_replan_audit/after_run1/launcher_logs/models/x500_mono_cam/model.sdf: 成功
data/baselines/20261007_rgbd_terminal_replan_audit/after_run1/launcher_logs/px4.pid: 成功
data/baselines/20261007_rgbd_terminal_replan_audit/after_run1/launcher_logs/restarting: 成功
data/baselines/20261007_rgbd_terminal_replan_audit/after_run1/mode.txt: 成功
data/baselines/20261007_rgbd_terminal_replan_audit/after_run1/owned_processes_before_cleanup.json: 成功
data/baselines/20261007_rgbd_terminal_replan_audit/after_run1/probe.jsonl.gz: 成功
data/baselines/20261007_rgbd_terminal_replan_audit/after_run1/probe_summary.json: 成功
data/baselines/20261007_rgbd_terminal_replan_audit/after_run1/raw/modular_intercept_20261007_151119_585943_mission_1.csv: 成功
data/baselines/20261007_rgbd_terminal_replan_audit/after_run1/raw/modular_intercept_20261007_151119_585943_mission_1_config.yaml: 成功
data/baselines/20261007_rgbd_terminal_replan_audit/after_run1/raw/modular_intercept_20261007_151119_585943_mission_1_summary.json: 成功
data/baselines/20261007_rgbd_terminal_replan_audit/after_run1/raw/modular_intercept_20261007_151119_585943_mission_1_vision.csv: 成功
data/baselines/20261007_rgbd_terminal_replan_audit/after_run1/raw_sources.json: 成功
data/baselines/20261007_rgbd_terminal_replan_audit/after_run1/ros_nodes.txt: 成功
data/baselines/20261007_rgbd_terminal_replan_audit/after_run1/ros_topics.txt: 成功
data/baselines/20261007_rgbd_terminal_replan_audit/after_run1/snapshot_note.txt: 成功
data/baselines/20261007_rgbd_terminal_replan_audit/after_run1/source_fingerprint.json: 成功
data/baselines/20261007_rgbd_terminal_replan_audit/after_run1/truth_topic_endpoints.txt: 成功
data/baselines/20261007_rgbd_terminal_replan_audit/after_run1/world_state_1.txt: 成功
data/baselines/20261007_rgbd_terminal_replan_audit/after_run1/world_state_2.txt: 成功
data/baselines/20261007_rgbd_terminal_replan_audit/after_run2/analysis/audit.json: 成功
data/baselines/20261007_rgbd_terminal_replan_audit/after_run2/analysis/audit.log: 成功
data/baselines/20261007_rgbd_terminal_replan_audit/after_run2/analysis/command_trace.csv: 成功
data/baselines/20261007_rgbd_terminal_replan_audit/after_run2/analysis/replan_audit.json: 成功
data/baselines/20261007_rgbd_terminal_replan_audit/after_run2/analysis/replan_audit.log: 成功
data/baselines/20261007_rgbd_terminal_replan_audit/after_run2/auto_probe.log: 成功
data/baselines/20261007_rgbd_terminal_replan_audit/after_run2/auto_probe.py: 成功
data/baselines/20261007_rgbd_terminal_replan_audit/after_run2/full_config.yaml: 成功
data/baselines/20261007_rgbd_terminal_replan_audit/after_run2/launcher_logs/dds.pid: 成功
data/baselines/20261007_rgbd_terminal_replan_audit/after_run2/launcher_logs/experiment.pid: 成功
data/baselines/20261007_rgbd_terminal_replan_audit/after_run2/launcher_logs/gazebo.pid: 成功
data/baselines/20261007_rgbd_terminal_replan_audit/after_run2/launcher_logs/magnetometer_enu.config: 成功
data/baselines/20261007_rgbd_terminal_replan_audit/after_run2/launcher_logs/models/x500_mono_cam/model.config: 成功
data/baselines/20261007_rgbd_terminal_replan_audit/after_run2/launcher_logs/models/x500_mono_cam/model.sdf: 成功
data/baselines/20261007_rgbd_terminal_replan_audit/after_run2/launcher_logs/px4.pid: 成功
data/baselines/20261007_rgbd_terminal_replan_audit/after_run2/launcher_logs/restarting: 成功
data/baselines/20261007_rgbd_terminal_replan_audit/after_run2/mode.txt: 成功
data/baselines/20261007_rgbd_terminal_replan_audit/after_run2/owned_processes_before_cleanup.json: 成功
data/baselines/20261007_rgbd_terminal_replan_audit/after_run2/probe.jsonl.gz: 成功
data/baselines/20261007_rgbd_terminal_replan_audit/after_run2/probe_summary.json: 成功
data/baselines/20261007_rgbd_terminal_replan_audit/after_run2/raw/modular_intercept_20261007_151710_496882_mission_1.csv: 成功
data/baselines/20261007_rgbd_terminal_replan_audit/after_run2/raw/modular_intercept_20261007_151710_496882_mission_1_config.yaml: 成功
data/baselines/20261007_rgbd_terminal_replan_audit/after_run2/raw/modular_intercept_20261007_151710_496882_mission_1_summary.json: 成功
data/baselines/20261007_rgbd_terminal_replan_audit/after_run2/raw/modular_intercept_20261007_151710_496882_mission_1_vision.csv: 成功
data/baselines/20261007_rgbd_terminal_replan_audit/after_run2/raw_sources.json: 成功
data/baselines/20261007_rgbd_terminal_replan_audit/after_run2/snapshot_note.txt: 成功
data/baselines/20261007_rgbd_terminal_replan_audit/after_run2/source_fingerprint.json: 成功
data/baselines/20261007_rgbd_terminal_replan_audit/after_run2/world_state_1.txt: 成功
data/baselines/20261007_rgbd_terminal_replan_audit/after_run2/world_state_2.txt: 成功
data/baselines/20261007_rgbd_terminal_replan_audit/before_run1/analysis/audit.json: 成功
data/baselines/20261007_rgbd_terminal_replan_audit/before_run1/analysis/command_trace.csv: 成功
data/baselines/20261007_rgbd_terminal_replan_audit/before_run1/auto_probe.log: 成功
data/baselines/20261007_rgbd_terminal_replan_audit/before_run1/auto_probe.py: 成功
data/baselines/20261007_rgbd_terminal_replan_audit/before_run1/full_config.yaml: 成功
data/baselines/20261007_rgbd_terminal_replan_audit/before_run1/mode.txt: 成功
data/baselines/20261007_rgbd_terminal_replan_audit/before_run1/owned_processes_before_cleanup.json: 成功
data/baselines/20261007_rgbd_terminal_replan_audit/before_run1/probe.jsonl.gz: 成功
data/baselines/20261007_rgbd_terminal_replan_audit/before_run1/probe_summary.json: 成功
data/baselines/20261007_rgbd_terminal_replan_audit/before_run1/raw/modular_intercept_20261007_145227_848420_mission_1.csv: 成功
data/baselines/20261007_rgbd_terminal_replan_audit/before_run1/raw/modular_intercept_20261007_145227_848420_mission_1_config.yaml: 成功
data/baselines/20261007_rgbd_terminal_replan_audit/before_run1/raw/modular_intercept_20261007_145227_848420_mission_1_summary.json: 成功
data/baselines/20261007_rgbd_terminal_replan_audit/before_run1/raw/modular_intercept_20261007_145227_848420_mission_1_vision.csv: 成功
data/baselines/20261007_rgbd_terminal_replan_audit/before_run1/source_fingerprint.json: 成功
data/baselines/20261007_rgbd_terminal_replan_audit/before_run1/world_state_1.txt: 成功
data/baselines/20261007_rgbd_terminal_replan_audit/before_run1/world_state_2.txt: 成功
data/baselines/20261007_rgbd_terminal_replan_audit/before_run2/analysis/audit.json: 成功
data/baselines/20261007_rgbd_terminal_replan_audit/before_run2/analysis/command_trace.csv: 成功
data/baselines/20261007_rgbd_terminal_replan_audit/before_run2/auto_probe.log: 成功
data/baselines/20261007_rgbd_terminal_replan_audit/before_run2/auto_probe.py: 成功
data/baselines/20261007_rgbd_terminal_replan_audit/before_run2/full_config.yaml: 成功
data/baselines/20261007_rgbd_terminal_replan_audit/before_run2/mode.txt: 成功
data/baselines/20261007_rgbd_terminal_replan_audit/before_run2/owned_processes_before_cleanup.json: 成功
data/baselines/20261007_rgbd_terminal_replan_audit/before_run2/probe.jsonl.gz: 成功
data/baselines/20261007_rgbd_terminal_replan_audit/before_run2/probe_summary.json: 成功
data/baselines/20261007_rgbd_terminal_replan_audit/before_run2/raw/modular_intercept_20261007_145916_157404_mission_1.csv: 成功
data/baselines/20261007_rgbd_terminal_replan_audit/before_run2/raw/modular_intercept_20261007_145916_157404_mission_1_config.yaml: 成功
data/baselines/20261007_rgbd_terminal_replan_audit/before_run2/raw/modular_intercept_20261007_145916_157404_mission_1_summary.json: 成功
data/baselines/20261007_rgbd_terminal_replan_audit/before_run2/raw/modular_intercept_20261007_145916_157404_mission_1_vision.csv: 成功
data/baselines/20261007_rgbd_terminal_replan_audit/before_run2/source_fingerprint.json: 成功
data/baselines/20261007_rgbd_terminal_replan_audit/before_run2/world_state_1.txt: 成功
data/baselines/20261007_rgbd_terminal_replan_audit/before_run2/world_state_2.txt: 成功
data/baselines/20261007_rgbd_terminal_replan_audit/checks/20261006_pre_mpc_sha256.log: 成功
data/baselines/20261007_rgbd_terminal_replan_audit/checks/20261007_front_tof_fit_heave015_audit_sha256.log: 成功
data/baselines/20261007_rgbd_terminal_replan_audit/checks/20261007_front_tof_heave015_audit_sha256.log: 成功
data/baselines/20261007_rgbd_terminal_replan_audit/checks/diff_checks.json: 成功
data/baselines/20261007_rgbd_terminal_replan_audit/checks/documentation_links.json: 成功
data/baselines/20261007_rgbd_terminal_replan_audit/checks/independent_review.md: 成功
data/baselines/20261007_rgbd_terminal_replan_audit/checks/protection_checks.json: 成功
data/baselines/20261007_rgbd_terminal_replan_audit/checks/reanalysis_checks.json: 成功
data/baselines/20261007_rgbd_terminal_replan_audit/checks/rgbd_control_epoch_red.log: 成功
data/baselines/20261007_rgbd_terminal_replan_audit/checks/rgbd_default_green.log: 成功
data/baselines/20261007_rgbd_terminal_replan_audit/checks/rgbd_default_red.log: 成功
data/baselines/20261007_rgbd_terminal_replan_audit/checks/rgbd_replan_build.log: 成功
data/baselines/20261007_rgbd_terminal_replan_audit/checks/rgbd_replan_flake8.log: 成功
data/baselines/20261007_rgbd_terminal_replan_audit/checks/rgbd_replan_green.log: 成功
data/baselines/20261007_rgbd_terminal_replan_audit/checks/rgbd_replan_pytest.log: 成功
data/baselines/20261007_rgbd_terminal_replan_audit/checks/rgbd_replan_red.log: 成功
data/baselines/20261007_rgbd_terminal_replan_audit/checks/rgbd_zero_xy_red.log: 成功
data/baselines/20261007_rgbd_terminal_replan_audit/checks/ros2_pkg_prefix.txt: 成功
data/baselines/20261007_rgbd_terminal_replan_audit/checks/shell_checks.json: 成功
data/baselines/20261007_rgbd_terminal_replan_audit/config/baseline.yaml: 成功
data/baselines/20261007_rgbd_terminal_replan_audit/config/front_tof_simulation.yaml: 成功
data/baselines/20261007_rgbd_terminal_replan_audit/config/visual_geometry_diagnostics.yaml: 成功
data/baselines/20261007_rgbd_terminal_replan_audit/provenance.json: 成功
data/baselines/20261007_rgbd_terminal_replan_audit/source_after/scripts/start_px4_ros2.sh: 成功
data/baselines/20261007_rgbd_terminal_replan_audit/source_after/src/uav_control/test/test_camera_profile.py: 成功
data/baselines/20261007_rgbd_terminal_replan_audit/source_after/src/uav_control/test/test_terminal_execution.py: 成功
data/baselines/20261007_rgbd_terminal_replan_audit/source_after/src/uav_control/test/test_tof_sphere_localization.py: 成功
data/baselines/20261007_rgbd_terminal_replan_audit/source_after/src/uav_control/uav_control/control/trajectory_tracker_node.py: 成功
data/baselines/20261007_rgbd_terminal_replan_audit/source_after/src/uav_control/uav_control/control/trajectory_tracking.py: 成功
data/baselines/20261007_rgbd_terminal_replan_audit/source_after/src/uav_control/uav_control/mission/mission_manager.py: 成功
data/baselines/20261007_rgbd_terminal_replan_audit/source_after/src/uav_control/uav_control/mission/mission_manager_node.py: 成功
data/baselines/20261007_rgbd_terminal_replan_audit/source_after/src/uav_control/uav_control/perception/rgbd_target_localizer.py: 成功
data/baselines/20261007_rgbd_terminal_replan_audit/source_after/src/uav_control/uav_control/perception/tof_depth_model.py: 成功
data/baselines/20261007_rgbd_terminal_replan_audit/source_after/src/uav_control/uav_control/perception/tof_depth_node.py: 成功
data/baselines/20261007_rgbd_terminal_replan_audit/source_after/src/uav_control/uav_control/perception/tof_sphere_localization.py: 成功
data/baselines/20261007_rgbd_terminal_replan_audit/source_after/src/uav_usv_bringup/config/front_tof_simulation.yaml: 成功
data/baselines/20261007_rgbd_terminal_replan_audit/source_after/src/uav_usv_bringup/config/visual_geometry_diagnostics.yaml: 成功
data/baselines/20261007_rgbd_terminal_replan_audit/source_after/src/uav_usv_bringup/launch/modular_intercept.launch.py: 成功
data/baselines/20261007_rgbd_terminal_replan_audit/source_before/scripts/start_px4_ros2.sh: 成功
data/baselines/20261007_rgbd_terminal_replan_audit/source_before/src/uav_control/test/test_terminal_execution.py: 成功
data/baselines/20261007_rgbd_terminal_replan_audit/source_before/src/uav_control/uav_control/control/trajectory_tracker_node.py: 成功
data/baselines/20261007_rgbd_terminal_replan_audit/source_before/src/uav_control/uav_control/control/trajectory_tracking.py: 成功
data/baselines/20261007_rgbd_terminal_replan_audit/source_before/src/uav_control/uav_control/mission/mission_manager.py: 成功
data/baselines/20261007_rgbd_terminal_replan_audit/source_before/src/uav_control/uav_control/mission/mission_manager_node.py: 成功
data/baselines/20261007_rgbd_terminal_replan_audit/source_before/src/uav_usv_bringup/launch/modular_intercept.launch.py: 成功
data/baselines/20261007_rgbd_terminal_replan_audit/tools/analyze_run.py: 成功
data/baselines/20261007_rgbd_terminal_replan_audit/tools/audit_replans.py: 成功
data/baselines/20261007_rgbd_terminal_replan_audit/user_before_audit.json: 成功
data/baselines/20261007_rgbd_terminal_replan_audit/user_observed_before/SHA256.json: 成功
data/baselines/20261007_rgbd_terminal_replan_audit/user_observed_before/modular_intercept_20261007_114222_380966_mission_1.csv: 成功
data/baselines/20261007_rgbd_terminal_replan_audit/user_observed_before/modular_intercept_20261007_114222_380966_mission_1_config.yaml: 成功
data/baselines/20261007_rgbd_terminal_replan_audit/user_observed_before/modular_intercept_20261007_114222_380966_mission_1_summary.json: 成功
data/baselines/20261007_rgbd_terminal_replan_audit/user_observed_before/modular_intercept_20261007_114222_380966_mission_1_vision.csv: 成功
data/baselines/20261007_rgbd_terminal_replan_audit/user_observed_before/modular_intercept_20261007_114314_183841_mission_1.csv: 成功
data/baselines/20261007_rgbd_terminal_replan_audit/user_observed_before/modular_intercept_20261007_114314_183841_mission_1_config.yaml: 成功
data/baselines/20261007_rgbd_terminal_replan_audit/user_observed_before/modular_intercept_20261007_114314_183841_mission_1_summary.json: 成功
data/baselines/20261007_rgbd_terminal_replan_audit/user_observed_before/modular_intercept_20261007_114314_183841_mission_1_vision.csv: 成功
data/baselines/20261007_rgbd_terminal_replan_audit/user_observed_before/modular_intercept_20261007_114512_706892_mission_1.csv: 成功
data/baselines/20261007_rgbd_terminal_replan_audit/user_observed_before/modular_intercept_20261007_114512_706892_mission_1_config.yaml: 成功
data/baselines/20261007_rgbd_terminal_replan_audit/user_observed_before/modular_intercept_20261007_114512_706892_mission_1_summary.json: 成功
data/baselines/20261007_rgbd_terminal_replan_audit/user_observed_before/modular_intercept_20261007_114512_706892_mission_1_vision.csv: 成功
