[INFO] [1791340800.356542849] [dual_tof_selector]: DUAL TOF SELECTOR READY | front preferred | loss=3 frames | front recovery=10 frames | down fallback=False
[WARN] [1791340800.420575260] [dual_tof_selector]: ACTIVE CAMERA=none | front RGB/ToF=False/False | down RGB/ToF=False/False
[INFO] [1791340801.120297470] [dual_tof_selector]: ACTIVE CAMERA=front_rgb_only | front RGB/ToF=True/False | down RGB/ToF=False/False
[INFO] [1791340801.419927944] [dual_tof_selector]: ACTIVE CAMERA=front_tof | front RGB/ToF=True/True | down RGB/ToF=False/False
[INFO] [1791340801.820487181] [dual_tof_selector]: ACTIVE CAMERA=front_rgb_only | front RGB/ToF=True/False | down RGB/ToF=False/False
[INFO] [1791340802.019945240] [dual_tof_selector]: ACTIVE CAMERA=front_tof | front RGB/ToF=True/True | down RGB/ToF=False/False
[INFO] [1791340802.120579541] [dual_tof_selector]: ACTIVE CAMERA=front_rgb_only | front RGB/ToF=True/False | down RGB/ToF=False/False
[INFO] [1791340802.519805554] [dual_tof_selector]: ACTIVE CAMERA=front_tof | front RGB/ToF=True/True | down RGB/ToF=False/False
[INFO] [1791340802.720098183] [dual_tof_selector]: ACTIVE CAMERA=front_rgb_only | front RGB/ToF=True/False | down RGB/ToF=False/False
[INFO] [1791340803.220341257] [dual_tof_selector]: ACTIVE CAMERA=front_tof | front RGB/ToF=True/True | down RGB/ToF=False/False
[INFO] [1791340803.819986645] [dual_tof_selector]: ACTIVE CAMERA=front_rgb_only | front RGB/ToF=True/False | down RGB/ToF=False/False
[INFO] [1791340804.220191852] [dual_tof_selector]: ACTIVE CAMERA=front_tof | front RGB/ToF=True/True | down RGB/ToF=False/False
[INFO] [1791340804.420283261] [dual_tof_selector]: ACTIVE CAMERA=front_rgb_only | front RGB/ToF=True/False | down RGB/ToF=False/False
[INFO] [1791340804.520205264] [dual_tof_selector]: ACTIVE CAMERA=front_tof | front RGB/ToF=True/True | down RGB/ToF=False/False
[INFO] [1791340804.620413686] [dual_tof_selector]: ACTIVE CAMERA=front_rgb_only | front RGB/ToF=True/False | down RGB/ToF=False/False
[INFO] [1791340804.720368343] [dual_tof_selector]: ACTIVE CAMERA=front_tof | front RGB/ToF=True/True | down RGB/ToF=False/False
[INFO] [1791340804.819998699] [dual_tof_selector]: ACTIVE CAMERA=front_rgb_only | front RGB/ToF=True/False | down RGB/ToF=False/False
[INFO] [1791340805.220124369] [dual_tof_selector]: ACTIVE CAMERA=front_tof | front RGB/ToF=True/True | down RGB/ToF=False/False
[INFO] [1791340805.420021168] [dual_tof_selector]: ACTIVE CAMERA=front_rgb_only | front RGB/ToF=True/False | down RGB/ToF=False/False
[INFO] [1791340805.820273510] [dual_tof_selector]: ACTIVE CAMERA=front_tof | front RGB/ToF=True/True | down RGB/ToF=False/False
[INFO] [1791340806.020260342] [dual_tof_selector]: ACTIVE CAMERA=front_rgb_only | front RGB/ToF=True/False | down RGB/ToF=False/False
[INFO] [1791340806.320390112] [dual_tof_selector]: ACTIVE CAMERA=front_tof | front RGB/ToF=True/True | down RGB/ToF=False/False
[INFO] [1791340806.520063896] [dual_tof_selector]: ACTIVE CAMERA=front_rgb_only | front RGB/ToF=True/False | down RGB/ToF=False/False
[INFO] [1791340807.320295163] [dual_tof_selector]: ACTIVE CAMERA=front_tof | front RGB/ToF=True/True | down RGB/ToF=False/False
[INFO] [1791340807.520444414] [dual_tof_selector]: ACTIVE CAMERA=front_rgb_only | front RGB/ToF=True/False | down RGB/ToF=False/False
[INFO] [1791340807.721625181] [dual_tof_selector]: ACTIVE CAMERA=front_tof | front RGB/ToF=True/True | down RGB/ToF=False/False
[INFO] [1791340807.919835237] [dual_tof_selector]: ACTIVE CAMERA=front_rgb_only | front RGB/ToF=True/False | down RGB/ToF=False/False
[INFO] [1791340808.220443956] [dual_tof_selector]: ACTIVE CAMERA=front_tof | front RGB/ToF=True/True | down RGB/ToF=False/False
[INFO] [1791340808.419886615] [dual_tof_selector]: ACTIVE CAMERA=front_rgb_only | front RGB/ToF=True/False | down RGB/ToF=False/False
[INFO] [1791340808.621323005] [dual_tof_selector]: ACTIVE CAMERA=front_tof | front RGB/ToF=True/True | down RGB/ToF=False/False
[INFO] [1791340808.821246245] [dual_tof_selector]: ACTIVE CAMERA=front_rgb_only | front RGB/ToF=True/False | down RGB/ToF=False/False
[INFO] [1791340808.920552310] [dual_tof_selector]: ACTIVE CAMERA=front_tof | front RGB/ToF=True/True | down RGB/ToF=False/False
[INFO] [1791340809.120233641] [dual_tof_selector]: ACTIVE CAMERA=front_rgb_only | front RGB/ToF=True/False | down RGB/ToF=False/False
[INFO] [1791340809.420433439] [dual_tof_selector]: ACTIVE CAMERA=front_tof | front RGB/ToF=True/True | down RGB/ToF=False/False
[INFO] [1791340809.820494843] [dual_tof_selector]: ACTIVE CAMERA=front_rgb_only | front RGB/ToF=True/False | down RGB/ToF=False/False
[INFO] [1791340810.120489761] [dual_tof_selector]: ACTIVE CAMERA=front_tof | front RGB/ToF=True/True | down RGB/ToF=False/False
[INFO] [1791340810.320329062] [dual_tof_selector]: ACTIVE CAMERA=front_rgb_only | front RGB/ToF=True/False | down RGB/ToF=False/False
[INFO] [1791340810.520192483] [dual_tof_selector]: ACTIVE CAMERA=front_tof | front RGB/ToF=True/True | down RGB/ToF=False/False
[INFO] [1791340810.620185444] [dual_tof_selector]: ACTIVE CAMERA=front_rgb_only | front RGB/ToF=True/False | down RGB/ToF=False/False
[INFO] [1791340811.020183200] [dual_tof_selector]: ACTIVE CAMERA=front_tof | front RGB/ToF=True/True | down RGB/ToF=False/False
[INFO] [1791340811.420216611] [dual_tof_selector]: ACTIVE CAMERA=front_rgb_only | front RGB/ToF=True/False | down RGB/ToF=False/False
[INFO] [1791340811.520374390] [dual_tof_selector]: ACTIVE CAMERA=front_tof | front RGB/ToF=True/True | down RGB/ToF=False/False
[INFO] [1791340811.620504744] [dual_tof_selector]: ACTIVE CAMERA=front_rgb_only | front RGB/ToF=True/False | down RGB/ToF=False/False
[INFO] [1791340811.720232655] [dual_tof_selector]: ACTIVE CAMERA=front_tof | front RGB/ToF=True/True | down RGB/ToF=False/False
[INFO] [1791340811.919776308] [dual_tof_selector]: ACTIVE CAMERA=front_rgb_only | front RGB/ToF=True/False | down RGB/ToF=False/False
[INFO] [1791340812.319776124] [dual_tof_selector]: ACTIVE CAMERA=front_tof | front RGB/ToF=True/True | down RGB/ToF=False/False
[INFO] [1791340812.820392008] [dual_tof_selector]: ACTIVE CAMERA=front_rgb_only | front RGB/ToF=True/False | down RGB/ToF=False/False
[INFO] [1791340813.119933852] [dual_tof_selector]: ACTIVE CAMERA=front_tof | front RGB/ToF=True/True | down RGB/ToF=False/False
[INFO] [1791340813.520264821] [dual_tof_selector]: ACTIVE CAMERA=front_rgb_only | front RGB/ToF=True/False | down RGB/ToF=False/False
[INFO] [1791340813.920271967] [dual_tof_selector]: ACTIVE CAMERA=front_tof | front RGB/ToF=True/True | down RGB/ToF=False/False
[INFO] [1791340814.120262060] [dual_tof_selector]: ACTIVE CAMERA=front_rgb_only | front RGB/ToF=True/False | down RGB/ToF=False/False
[INFO] [1791340814.420401348] [dual_tof_selector]: ACTIVE CAMERA=front_tof | front RGB/ToF=True/True | down RGB/ToF=False/False
[INFO] [1791340814.819948074] [dual_tof_selector]: ACTIVE CAMERA=front_rgb_only | front RGB/ToF=True/False | down RGB/ToF=False/False
[INFO] [1791340815.020267399] [dual_tof_selector]: ACTIVE CAMERA=front_tof | front RGB/ToF=True/True | down RGB/ToF=False/False
[INFO] [1791340815.220293787] [dual_tof_selector]: ACTIVE CAMERA=front_rgb_only | front RGB/ToF=True/False | down RGB/ToF=False/False
[INFO] [1791340815.820183331] [dual_tof_selector]: ACTIVE CAMERA=front_tof | front RGB/ToF=True/True | down RGB/ToF=False/False
[INFO] [1791340816.019774575] [dual_tof_selector]: ACTIVE CAMERA=front_rgb_only | front RGB/ToF=True/False | down RGB/ToF=False/False
[INFO] [1791340816.119888246] [dual_tof_selector]: ACTIVE CAMERA=front_tof | front RGB/ToF=True/True | down RGB/ToF=False/False
[INFO] [1791340816.320237523] [dual_tof_selector]: ACTIVE CAMERA=front_rgb_only | front RGB/ToF=True/False | down RGB/ToF=False/False
[INFO] [1791340816.519743416] [dual_tof_selector]: ACTIVE CAMERA=front_tof | front RGB/ToF=True/True | down RGB/ToF=False/False
[INFO] [1791340816.920283176] [dual_tof_selector]: ACTIVE CAMERA=front_rgb_only | front RGB/ToF=True/False | down RGB/ToF=False/False
[INFO] [1791340817.120002159] [dual_tof_selector]: ACTIVE CAMERA=front_tof | front RGB/ToF=True/True | down RGB/ToF=False/False
[INFO] [1791340817.720537334] [dual_tof_selector]: ACTIVE CAMERA=front_rgb_only | front RGB/ToF=True/False | down RGB/ToF=False/False
[WARN] [1791340817.820166293] [dual_tof_selector]: ACTIVE CAMERA=none | front RGB/ToF=False/False | down RGB/ToF=False/False
[INFO] [1791340819.419890040] [dual_tof_selector]: ACTIVE CAMERA=front_tof | front RGB/ToF=True/True | down RGB/ToF=False/False
[INFO] [1791340819.620144490] [dual_tof_selector]: ACTIVE CAMERA=front_rgb_only | front RGB/ToF=True/False | down RGB/ToF=False/False
[INFO] [1791340820.320136042] [dual_tof_selector]: ACTIVE CAMERA=front_tof | front RGB/ToF=True/True | down RGB/ToF=False/False
[INFO] [1791340820.520215792] [dual_tof_selector]: ACTIVE CAMERA=front_rgb_only | front RGB/ToF=True/False | down RGB/ToF=False/False
[INFO] [1791340826.620678737] [dual_tof_selector]: ACTIVE CAMERA=front_tof | front RGB/ToF=True/True | down RGB/ToF=False/False
[INFO] [1791340826.820958616] [dual_tof_selector]: ACTIVE CAMERA=front_rgb_only | front RGB/ToF=True/False | down RGB/ToF=False/False
[INFO] [1791340828.220081633] [dual_tof_selector]: ACTIVE CAMERA=front_tof | front RGB/ToF=True/True | down RGB/ToF=False/False
[INFO] [1791340829.019714993] [dual_tof_selector]: ACTIVE CAMERA=front_rgb_only | front RGB/ToF=True/False | down RGB/ToF=False/False
[INFO] [1791340829.520271789] [dual_tof_selector]: ACTIVE CAMERA=front_tof | front RGB/ToF=True/True | down RGB/ToF=False/False
[INFO] [1791340829.620447643] [dual_tof_selector]: ACTIVE CAMERA=front_rgb_only | front RGB/ToF=True/False | down RGB/ToF=False/False
[INFO] [1791340829.721097562] [dual_tof_selector]: ACTIVE CAMERA=front_tof | front RGB/ToF=True/True | down RGB/ToF=False/False
[INFO] [1791340829.820212185] [dual_tof_selector]: ACTIVE CAMERA=front_rgb_only | front RGB/ToF=True/False | down RGB/ToF=False/False
[INFO] [1791340829.920357959] [dual_tof_selector]: ACTIVE CAMERA=front_tof | front RGB/ToF=True/True | down RGB/ToF=False/False
[INFO] [1791340830.420088876] [dual_tof_selector]: ACTIVE CAMERA=front_rgb_only | front RGB/ToF=True/False | down RGB/ToF=False/False
[INFO] [1791340830.620347699] [dual_tof_selector]: ACTIVE CAMERA=front_tof | front RGB/ToF=True/True | down RGB/ToF=False/False
[INFO] [1791340830.720540563] [dual_tof_selector]: ACTIVE CAMERA=front_rgb_only | front RGB/ToF=True/False | down RGB/ToF=False/False
[INFO] [1791340830.820414925] [dual_tof_selector]: ACTIVE CAMERA=front_tof | front RGB/ToF=True/True | down RGB/ToF=False/False
[INFO] [1791340831.719887349] [dual_tof_selector]: ACTIVE CAMERA=front_rgb_only | front RGB/ToF=True/False | down RGB/ToF=False/False
[INFO] [1791340831.919805650] [dual_tof_selector]: ACTIVE CAMERA=front_tof | front RGB/ToF=True/True | down RGB/ToF=False/False
[INFO] [1791340832.220296265] [dual_tof_selector]: ACTIVE CAMERA=front_rgb_only | front RGB/ToF=True/False | down RGB/ToF=False/False
[INFO] [1791340832.419891325] [dual_tof_selector]: ACTIVE CAMERA=front_tof | front RGB/ToF=True/True | down RGB/ToF=False/False
[INFO] [1791340832.820899609] [dual_tof_selector]: ACTIVE CAMERA=front_rgb_only | front RGB/ToF=True/False | down RGB/ToF=False/False
[INFO] [1791340833.620066473] [dual_tof_selector]: ACTIVE CAMERA=front_tof | front RGB/ToF=True/True | down RGB/ToF=False/False
[INFO] [1791340833.719962613] [dual_tof_selector]: ACTIVE CAMERA=front_rgb_only | front RGB/ToF=True/False | down RGB/ToF=False/False
[INFO] [1791340833.819882894] [dual_tof_selector]: ACTIVE CAMERA=front_tof | front RGB/ToF=True/True | down RGB/ToF=False/False
[INFO] [1791340834.220259077] [dual_tof_selector]: ACTIVE CAMERA=front_rgb_only | front RGB/ToF=True/False | down RGB/ToF=False/False
[INFO] [1791340834.520230102] [dual_tof_selector]: ACTIVE CAMERA=front_tof | front RGB/ToF=True/True | down RGB/ToF=False/False
[INFO] [1791340834.620511356] [dual_tof_selector]: ACTIVE CAMERA=front_rgb_only | front RGB/ToF=True/False | down RGB/ToF=False/False
[INFO] [1791340835.120401862] [dual_tof_selector]: ACTIVE CAMERA=front_tof | front RGB/ToF=True/True | down RGB/ToF=False/False
[INFO] [1791340835.219875110] [dual_tof_selector]: ACTIVE CAMERA=front_rgb_only | front RGB/ToF=True/False | down RGB/ToF=False/False
[INFO] [1791340835.819847781] [dual_tof_selector]: ACTIVE CAMERA=front_tof | front RGB/ToF=True/True | down RGB/ToF=False/False
[INFO] [1791340836.020134892] [dual_tof_selector]: ACTIVE CAMERA=front_rgb_only | front RGB/ToF=True/False | down RGB/ToF=False/False
[INFO] [1791340836.520342847] [dual_tof_selector]: ACTIVE CAMERA=front_tof | front RGB/ToF=True/True | down RGB/ToF=False/False
[INFO] [1791340837.220377872] [dual_tof_selector]: ACTIVE CAMERA=front_rgb_only | front RGB/ToF=True/False | down RGB/ToF=False/False
[WARN] [1791340837.420301269] [dual_tof_selector]: ACTIVE CAMERA=none | front RGB/ToF=False/False | down RGB/ToF=False/False
[INFO] [1791340839.320288240] [dual_tof_selector]: ACTIVE CAMERA=front_rgb_only | front RGB/ToF=True/False | down RGB/ToF=False/False
[INFO] [1791340839.720173601] [dual_tof_selector]: ACTIVE CAMERA=front_tof | front RGB/ToF=True/True | down RGB/ToF=False/False
[INFO] [1791340839.920900900] [dual_tof_selector]: ACTIVE CAMERA=front_rgb_only | front RGB/ToF=True/False | down RGB/ToF=False/False
[INFO] [1791340840.020149577] [dual_tof_selector]: ACTIVE CAMERA=front_tof | front RGB/ToF=True/True | down RGB/ToF=False/False
[INFO] [1791340840.220837918] [dual_tof_selector]: ACTIVE CAMERA=front_rgb_only | front RGB/ToF=True/False | down RGB/ToF=False/False
[INFO] [1791340840.420392573] [dual_tof_selector]: ACTIVE CAMERA=front_tof | front RGB/ToF=True/True | down RGB/ToF=False/False
[INFO] [1791340840.820664554] [dual_tof_selector]: ACTIVE CAMERA=front_rgb_only | front RGB/ToF=True/False | down RGB/ToF=False/False
[INFO] [1791340840.921024057] [dual_tof_selector]: ACTIVE CAMERA=front_tof | front RGB/ToF=True/True | down RGB/ToF=False/False
[INFO] [1791340841.420319800] [dual_tof_selector]: ACTIVE CAMERA=front_rgb_only | front RGB/ToF=True/False | down RGB/ToF=False/False
[INFO] [1791340841.619842810] [dual_tof_selector]: ACTIVE CAMERA=front_tof | front RGB/ToF=True/True | down RGB/ToF=False/False
[INFO] [1791340841.720380085] [dual_tof_selector]: ACTIVE CAMERA=front_rgb_only | front RGB/ToF=True/False | down RGB/ToF=False/False
[INFO] [1791340842.120226429] [dual_tof_selector]: ACTIVE CAMERA=front_tof | front RGB/ToF=True/True | down RGB/ToF=False/False
[INFO] [1791340842.320317255] [dual_tof_selector]: ACTIVE CAMERA=front_rgb_only | front RGB/ToF=True/False | down RGB/ToF=False/False
[INFO] [1791340842.819877582] [dual_tof_selector]: ACTIVE CAMERA=front_tof | front RGB/ToF=True/True | down RGB/ToF=False/False
[INFO] [1791340842.920269430] [dual_tof_selector]: ACTIVE CAMERA=front_rgb_only | front RGB/ToF=True/False | down RGB/ToF=False/False
[INFO] [1791340843.020254493] [dual_tof_selector]: ACTIVE CAMERA=front_tof | front RGB/ToF=True/True | down RGB/ToF=False/False
[INFO] [1791340843.219863135] [dual_tof_selector]: ACTIVE CAMERA=front_rgb_only | front RGB/ToF=True/False | down RGB/ToF=False/False
[INFO] [1791340843.419879854] [dual_tof_selector]: ACTIVE CAMERA=front_tof | front RGB/ToF=True/True | down RGB/ToF=False/False
[INFO] [1791340844.120008063] [dual_tof_selector]: ACTIVE CAMERA=front_rgb_only | front RGB/ToF=True/False | down RGB/ToF=False/False
[INFO] [1791340844.320284019] [dual_tof_selector]: ACTIVE CAMERA=front_tof | front RGB/ToF=True/True | down RGB/ToF=False/False
[INFO] [1791340844.520382814] [dual_tof_selector]: ACTIVE CAMERA=front_rgb_only | front RGB/ToF=True/False | down RGB/ToF=False/False
[INFO] [1791340844.619919030] [dual_tof_selector]: ACTIVE CAMERA=front_tof | front RGB/ToF=True/True | down RGB/ToF=False/False
[INFO] [1791340844.719833685] [dual_tof_selector]: ACTIVE CAMERA=front_rgb_only | front RGB/ToF=True/False | down RGB/ToF=False/False
[INFO] [1791340844.820317618] [dual_tof_selector]: ACTIVE CAMERA=front_tof | front RGB/ToF=True/True | down RGB/ToF=False/False
[INFO] [1791340845.220533955] [dual_tof_selector]: ACTIVE CAMERA=front_rgb_only | front RGB/ToF=True/False | down RGB/ToF=False/False
[INFO] [1791340845.320034219] [dual_tof_selector]: ACTIVE CAMERA=front_tof | front RGB/ToF=True/True | down RGB/ToF=False/False
[INFO] [1791340846.119865623] [dual_tof_selector]: ACTIVE CAMERA=front_rgb_only | front RGB/ToF=True/False | down RGB/ToF=False/False
[INFO] [1791340846.220206852] [dual_tof_selector]: ACTIVE CAMERA=front_tof | front RGB/ToF=True/True | down RGB/ToF=False/False
[INFO] [1791340846.320285001] [dual_tof_selector]: ACTIVE CAMERA=front_rgb_only | front RGB/ToF=True/False | down RGB/ToF=False/False
[INFO] [1791340846.420176297] [dual_tof_selector]: ACTIVE CAMERA=front_tof | front RGB/ToF=True/True | down RGB/ToF=False/False
[INFO] [1791340846.619730123] [dual_tof_selector]: ACTIVE CAMERA=front_rgb_only | front RGB/ToF=True/False | down RGB/ToF=False/False
[INFO] [1791340846.920132800] [dual_tof_selector]: ACTIVE CAMERA=front_tof | front RGB/ToF=True/True | down RGB/ToF=False/False
[INFO] [1791340847.020126046] [dual_tof_selector]: ACTIVE CAMERA=front_rgb_only | front RGB/ToF=True/False | down RGB/ToF=False/False
[INFO] [1791340847.319905182] [dual_tof_selector]: ACTIVE CAMERA=front_tof | front RGB/ToF=True/True | down RGB/ToF=False/False
[INFO] [1791340847.521219476] [dual_tof_selector]: ACTIVE CAMERA=front_rgb_only | front RGB/ToF=True/False | down RGB/ToF=False/False
[INFO] [1791340847.820306640] [dual_tof_selector]: ACTIVE CAMERA=front_tof | front RGB/ToF=True/True | down RGB/ToF=False/False
[INFO] [1791340848.219774911] [dual_tof_selector]: ACTIVE CAMERA=front_rgb_only | front RGB/ToF=True/False | down RGB/ToF=False/False
[INFO] [1791340848.720271973] [dual_tof_selector]: ACTIVE CAMERA=front_tof | front RGB/ToF=True/True | down RGB/ToF=False/False
[INFO] [1791340849.120337054] [dual_tof_selector]: ACTIVE CAMERA=front_rgb_only | front RGB/ToF=True/False | down RGB/ToF=False/False
[INFO] [1791340849.220584371] [dual_tof_selector]: ACTIVE CAMERA=front_tof | front RGB/ToF=True/True | down RGB/ToF=False/False
[INFO] [1791340849.619830131] [dual_tof_selector]: ACTIVE CAMERA=front_rgb_only | front RGB/ToF=True/False | down RGB/ToF=False/False
[INFO] [1791340849.719765905] [dual_tof_selector]: ACTIVE CAMERA=front_tof | front RGB/ToF=True/True | down RGB/ToF=False/False
[INFO] [1791340849.819973571] [dual_tof_selector]: ACTIVE CAMERA=front_rgb_only | front RGB/ToF=True/False | down RGB/ToF=False/False
[INFO] [1791340849.920191358] [dual_tof_selector]: ACTIVE CAMERA=front_tof | front RGB/ToF=True/True | down RGB/ToF=False/False
[INFO] [1791340850.119874442] [dual_tof_selector]: ACTIVE CAMERA=front_rgb_only | front RGB/ToF=True/False | down RGB/ToF=False/False
[INFO] [1791340850.220103985] [dual_tof_selector]: ACTIVE CAMERA=front_tof | front RGB/ToF=True/True | down RGB/ToF=False/False
[INFO] [1791340850.620070436] [dual_tof_selector]: ACTIVE CAMERA=front_rgb_only | front RGB/ToF=True/False | down RGB/ToF=False/False
[INFO] [1791340851.020380907] [dual_tof_selector]: ACTIVE CAMERA=front_tof | front RGB/ToF=True/True | down RGB/ToF=False/False
[INFO] [1791340851.219931962] [dual_tof_selector]: ACTIVE CAMERA=front_rgb_only | front RGB/ToF=True/False | down RGB/ToF=False/False
[INFO] [1791340851.320259029] [dual_tof_selector]: ACTIVE CAMERA=front_tof | front RGB/ToF=True/True | down RGB/ToF=False/False
[INFO] [1791340851.719964296] [dual_tof_selector]: ACTIVE CAMERA=front_rgb_only | front RGB/ToF=True/False | down RGB/ToF=False/False
[INFO] [1791340852.220265760] [dual_tof_selector]: ACTIVE CAMERA=front_tof | front RGB/ToF=True/True | down RGB/ToF=False/False
[INFO] [1791340852.620139836] [dual_tof_selector]: ACTIVE CAMERA=front_rgb_only | front RGB/ToF=True/False | down RGB/ToF=False/False
[INFO] [1791340852.720162347] [dual_tof_selector]: ACTIVE CAMERA=front_tof | front RGB/ToF=True/True | down RGB/ToF=False/False
[INFO] [1791340852.820303940] [dual_tof_selector]: ACTIVE CAMERA=front_rgb_only | front RGB/ToF=True/False | down RGB/ToF=False/False
[INFO] [1791340853.319985790] [dual_tof_selector]: ACTIVE CAMERA=front_tof | front RGB/ToF=True/True | down RGB/ToF=False/False
[INFO] [1791340853.519942696] [dual_tof_selector]: ACTIVE CAMERA=front_rgb_only | front RGB/ToF=True/False | down RGB/ToF=False/False
[INFO] [1791340853.920253640] [dual_tof_selector]: ACTIVE CAMERA=front_tof | front RGB/ToF=True/True | down RGB/ToF=False/False
[INFO] [1791340854.320410216] [dual_tof_selector]: ACTIVE CAMERA=front_rgb_only | front RGB/ToF=True/False | down RGB/ToF=False/False
[INFO] [1791340854.520342523] [dual_tof_selector]: ACTIVE CAMERA=front_tof | front RGB/ToF=True/True | down RGB/ToF=False/False
[INFO] [1791340854.620357737] [dual_tof_selector]: ACTIVE CAMERA=front_rgb_only | front RGB/ToF=True/False | down RGB/ToF=False/False
[INFO] [1791340855.019874251] [dual_tof_selector]: ACTIVE CAMERA=front_tof | front RGB/ToF=True/True | down RGB/ToF=False/False
[INFO] [1791340855.120261684] [dual_tof_selector]: ACTIVE CAMERA=front_rgb_only | front RGB/ToF=True/False | down RGB/ToF=False/False
[INFO] [1791340855.420335266] [dual_tof_selector]: ACTIVE CAMERA=front_tof | front RGB/ToF=True/True | down RGB/ToF=False/False
[INFO] [1791340855.620311923] [dual_tof_selector]: ACTIVE CAMERA=front_rgb_only | front RGB/ToF=True/False | down RGB/ToF=False/False
[INFO] [1791340855.720189882] [dual_tof_selector]: ACTIVE CAMERA=front_tof | front RGB/ToF=True/True | down RGB/ToF=False/False
[INFO] [1791340855.920399626] [dual_tof_selector]: ACTIVE CAMERA=front_rgb_only | front RGB/ToF=True/False | down RGB/ToF=False/False
[INFO] [1791340856.020220903] [dual_tof_selector]: ACTIVE CAMERA=front_tof | front RGB/ToF=True/True | down RGB/ToF=False/False
[INFO] [1791340856.120430443] [dual_tof_selector]: ACTIVE CAMERA=front_rgb_only | front RGB/ToF=True/False | down RGB/ToF=False/False
[INFO] [1791340856.219901750] [dual_tof_selector]: ACTIVE CAMERA=front_tof | front RGB/ToF=True/True | down RGB/ToF=False/False
[INFO] [1791340856.320461757] [dual_tof_selector]: ACTIVE CAMERA=front_rgb_only | front RGB/ToF=True/False | down RGB/ToF=False/False
[INFO] [1791340856.820656728] [dual_tof_selector]: ACTIVE CAMERA=front_tof | front RGB/ToF=True/True | down RGB/ToF=False/False
[INFO] [1791340857.020258656] [dual_tof_selector]: ACTIVE CAMERA=front_rgb_only | front RGB/ToF=True/False | down RGB/ToF=False/False
[INFO] [1791340857.120385324] [dual_tof_selector]: ACTIVE CAMERA=front_tof | front RGB/ToF=True/True | down RGB/ToF=False/False
[INFO] [1791340857.220236103] [dual_tof_selector]: ACTIVE CAMERA=front_rgb_only | front RGB/ToF=True/False | down RGB/ToF=False/False
[INFO] [1791340857.420162782] [dual_tof_selector]: ACTIVE CAMERA=front_tof | front RGB/ToF=True/True | down RGB/ToF=False/False
[INFO] [1791340858.120492353] [dual_tof_selector]: ACTIVE CAMERA=front_rgb_only | front RGB/ToF=True/False | down RGB/ToF=False/False
[INFO] [1791340858.520044707] [dual_tof_selector]: ACTIVE CAMERA=front_tof | front RGB/ToF=True/True | down RGB/ToF=False/False
[INFO] [1791340858.620447604] [dual_tof_selector]: ACTIVE CAMERA=front_rgb_only | front RGB/ToF=True/False | down RGB/ToF=False/False
[INFO] [1791340858.720300800] [dual_tof_selector]: ACTIVE CAMERA=front_tof | front RGB/ToF=True/True | down RGB/ToF=False/False
[INFO] [1791340858.820326882] [dual_tof_selector]: ACTIVE CAMERA=front_rgb_only | front RGB/ToF=True/False | down RGB/ToF=False/False
[INFO] [1791340859.020468201] [dual_tof_selector]: ACTIVE CAMERA=front_tof | front RGB/ToF=True/True | down RGB/ToF=False/False
[INFO] [1791340859.420240133] [dual_tof_selector]: ACTIVE CAMERA=front_rgb_only | front RGB/ToF=True/False | down RGB/ToF=False/False
[INFO] [1791340859.520647666] [dual_tof_selector]: ACTIVE CAMERA=front_tof | front RGB/ToF=True/True | down RGB/ToF=False/False
[INFO] [1791340859.619973923] [dual_tof_selector]: ACTIVE CAMERA=front_rgb_only | front RGB/ToF=True/False | down RGB/ToF=False/False
[INFO] [1791340859.920619902] [dual_tof_selector]: ACTIVE CAMERA=front_tof | front RGB/ToF=True/True | down RGB/ToF=False/False
[INFO] [1791340860.020104528] [dual_tof_selector]: ACTIVE CAMERA=front_rgb_only | front RGB/ToF=True/False | down RGB/ToF=False/False
[INFO] [1791340860.119837031] [dual_tof_selector]: ACTIVE CAMERA=front_tof | front RGB/ToF=True/True | down RGB/ToF=False/False
[INFO] [1791340860.220443467] [dual_tof_selector]: ACTIVE CAMERA=front_rgb_only | front RGB/ToF=True/False | down RGB/ToF=False/False
[INFO] [1791340860.619811403] [dual_tof_selector]: ACTIVE CAMERA=front_tof | front RGB/ToF=True/True | down RGB/ToF=False/False
[INFO] [1791340861.320273706] [dual_tof_selector]: ACTIVE CAMERA=front_rgb_only | front RGB/ToF=True/False | down RGB/ToF=False/False
[INFO] [1791340861.520237377] [dual_tof_selector]: ACTIVE CAMERA=front_tof | front RGB/ToF=True/True | down RGB/ToF=False/False
[INFO] [1791340864.020175495] [dual_tof_selector]: ACTIVE CAMERA=front_rgb_only | front RGB/ToF=True/False | down RGB/ToF=False/False
[INFO] [1791340864.219709653] [dual_tof_selector]: ACTIVE CAMERA=front_tof | front RGB/ToF=True/True | down RGB/ToF=False/False
[INFO] [1791340864.420191377] [dual_tof_selector]: ACTIVE CAMERA=front_rgb_only | front RGB/ToF=True/False | down RGB/ToF=False/False
[INFO] [1791340864.920856283] [dual_tof_selector]: ACTIVE CAMERA=front_tof | front RGB/ToF=True/True | down RGB/ToF=False/False
[INFO] [1791340865.019972033] [dual_tof_selector]: ACTIVE CAMERA=front_rgb_only | front RGB/ToF=True/False | down RGB/ToF=False/False
[INFO] [1791340865.220487778] [dual_tof_selector]: ACTIVE CAMERA=front_tof | front RGB/ToF=True/True | down RGB/ToF=False/False
[INFO] [1791340866.120312628] [dual_tof_selector]: ACTIVE CAMERA=front_rgb_only | front RGB/ToF=True/False | down RGB/ToF=False/False
[INFO] [1791340867.020390824] [dual_tof_selector]: ACTIVE CAMERA=front_tof | front RGB/ToF=True/True | down RGB/ToF=False/False
[INFO] [1791340867.520950638] [dual_tof_selector]: ACTIVE CAMERA=front_rgb_only | front RGB/ToF=True/False | down RGB/ToF=False/False
[INFO] [1791340867.719986935] [dual_tof_selector]: ACTIVE CAMERA=front_tof | front RGB/ToF=True/True | down RGB/ToF=False/False
[INFO] [1791340867.819922389] [dual_tof_selector]: ACTIVE CAMERA=front_rgb_only | front RGB/ToF=True/False | down RGB/ToF=False/False
[INFO] [1791340867.920396025] [dual_tof_selector]: ACTIVE CAMERA=front_tof | front RGB/ToF=True/True | down RGB/ToF=False/False
[INFO] [1791340868.120006734] [dual_tof_selector]: ACTIVE CAMERA=front_rgb_only | front RGB/ToF=True/False | down RGB/ToF=False/False
[INFO] [1791340868.220289813] [dual_tof_selector]: ACTIVE CAMERA=front_tof | front RGB/ToF=True/True | down RGB/ToF=False/False
[INFO] [1791340868.320952134] [dual_tof_selector]: ACTIVE CAMERA=front_rgb_only | front RGB/ToF=True/False | down RGB/ToF=False/False
[INFO] [1791340868.920450806] [dual_tof_selector]: ACTIVE CAMERA=front_tof | front RGB/ToF=True/True | down RGB/ToF=False/False
[INFO] [1791340869.120597499] [dual_tof_selector]: ACTIVE CAMERA=front_rgb_only | front RGB/ToF=True/False | down RGB/ToF=False/False
[INFO] [1791340869.219820445] [dual_tof_selector]: ACTIVE CAMERA=front_tof | front RGB/ToF=True/True | down RGB/ToF=False/False
[INFO] [1791340870.122099680] [dual_tof_selector]: ACTIVE CAMERA=front_rgb_only | front RGB/ToF=True/False | down RGB/ToF=False/False
[INFO] [1791340870.321747047] [dual_tof_selector]: ACTIVE CAMERA=front_tof | front RGB/ToF=True/True | down RGB/ToF=False/False
[INFO] [1791340870.420412645] [dual_tof_selector]: ACTIVE CAMERA=front_rgb_only | front RGB/ToF=True/False | down RGB/ToF=False/False
[INFO] [1791340870.520456899] [dual_tof_selector]: ACTIVE CAMERA=front_tof | front RGB/ToF=True/True | down RGB/ToF=False/False
[INFO] [1791340870.620678226] [dual_tof_selector]: ACTIVE CAMERA=front_rgb_only | front RGB/ToF=True/False | down RGB/ToF=False/False
[INFO] [1791340870.720133463] [dual_tof_selector]: ACTIVE CAMERA=front_tof | front RGB/ToF=True/True | down RGB/ToF=False/False
[INFO] [1791340870.920174253] [dual_tof_selector]: ACTIVE CAMERA=front_rgb_only | front RGB/ToF=True/False | down RGB/ToF=False/False
[INFO] [1791340871.020777292] [dual_tof_selector]: ACTIVE CAMERA=front_tof | front RGB/ToF=True/True | down RGB/ToF=False/False
[INFO] [1791340871.120001505] [dual_tof_selector]: ACTIVE CAMERA=front_rgb_only | front RGB/ToF=True/False | down RGB/ToF=False/False
[INFO] [1791340871.219855173] [dual_tof_selector]: ACTIVE CAMERA=front_tof | front RGB/ToF=True/True | down RGB/ToF=False/False
[INFO] [1791340871.320597993] [dual_tof_selector]: ACTIVE CAMERA=front_rgb_only | front RGB/ToF=True/False | down RGB/ToF=False/False
[INFO] [1791340871.421851452] [dual_tof_selector]: ACTIVE CAMERA=front_tof | front RGB/ToF=True/True | down RGB/ToF=False/False
[INFO] [1791340872.019837697] [dual_tof_selector]: ACTIVE CAMERA=front_rgb_only | front RGB/ToF=True/False | down RGB/ToF=False/False
[INFO] [1791340872.119873399] [dual_tof_selector]: ACTIVE CAMERA=front_tof | front RGB/ToF=True/True | down RGB/ToF=False/False
[INFO] [1791340873.920209669] [dual_tof_selector]: ACTIVE CAMERA=front_rgb_only | front RGB/ToF=True/False | down RGB/ToF=False/False
[INFO] [1791340874.120072543] [dual_tof_selector]: ACTIVE CAMERA=front_tof | front RGB/ToF=True/True | down RGB/ToF=False/False
[INFO] [1791340874.219962791] [dual_tof_selector]: ACTIVE CAMERA=front_rgb_only | front RGB/ToF=True/False | down RGB/ToF=False/False
[INFO] [1791340874.319773802] [dual_tof_selector]: ACTIVE CAMERA=front_tof | front RGB/ToF=True/True | down RGB/ToF=False/False
[INFO] [1791340874.520304930] [dual_tof_selector]: ACTIVE CAMERA=front_rgb_only | front RGB/ToF=True/False | down RGB/ToF=False/False
[INFO] [1791340874.620224759] [dual_tof_selector]: ACTIVE CAMERA=front_tof | front RGB/ToF=True/True | down RGB/ToF=False/False
[INFO] [1791340874.819915660] [dual_tof_selector]: ACTIVE CAMERA=front_rgb_only | front RGB/ToF=True/False | down RGB/ToF=False/False
[INFO] [1791340875.020213757] [dual_tof_selector]: ACTIVE CAMERA=front_tof | front RGB/ToF=True/True | down RGB/ToF=False/False
[INFO] [1791340875.120048025] [dual_tof_selector]: ACTIVE CAMERA=front_rgb_only | front RGB/ToF=True/False | down RGB/ToF=False/False
[INFO] [1791340875.719807675] [dual_tof_selector]: ACTIVE CAMERA=front_tof | front RGB/ToF=True/True | down RGB/ToF=False/False
[INFO] [1791340875.820103576] [dual_tof_selector]: ACTIVE CAMERA=front_rgb_only | front RGB/ToF=True/False | down RGB/ToF=False/False
[INFO] [1791340875.920271568] [dual_tof_selector]: ACTIVE CAMERA=front_tof | front RGB/ToF=True/True | down RGB/ToF=False/False
[INFO] [1791340876.019823064] [dual_tof_selector]: ACTIVE CAMERA=front_rgb_only | front RGB/ToF=True/False | down RGB/ToF=False/False
[INFO] [1791340876.720359810] [dual_tof_selector]: ACTIVE CAMERA=front_tof | front RGB/ToF=True/True | down RGB/ToF=False/False
[INFO] [1791340877.120313073] [dual_tof_selector]: ACTIVE CAMERA=front_rgb_only | front RGB/ToF=True/False | down RGB/ToF=False/False
[INFO] [1791340877.220271846] [dual_tof_selector]: ACTIVE CAMERA=front_tof | front RGB/ToF=True/True | down RGB/ToF=False/False
[INFO] [1791340878.019811546] [dual_tof_selector]: ACTIVE CAMERA=front_rgb_only | front RGB/ToF=True/False | down RGB/ToF=False/False
[INFO] [1791340878.119703021] [dual_tof_selector]: ACTIVE CAMERA=front_tof | front RGB/ToF=True/True | down RGB/ToF=False/False
[INFO] [1791340878.319742920] [dual_tof_selector]: ACTIVE CAMERA=front_rgb_only | front RGB/ToF=True/False | down RGB/ToF=False/False
[INFO] [1791340878.520193410] [dual_tof_selector]: ACTIVE CAMERA=front_tof | front RGB/ToF=True/True | down RGB/ToF=False/False
[INFO] [1791340878.820228711] [dual_tof_selector]: ACTIVE CAMERA=front_rgb_only | front RGB/ToF=True/False | down RGB/ToF=False/False
[INFO] [1791340879.019844185] [dual_tof_selector]: ACTIVE CAMERA=front_tof | front RGB/ToF=True/True | down RGB/ToF=False/False
[INFO] [1791340879.220586535] [dual_tof_selector]: ACTIVE CAMERA=front_rgb_only | front RGB/ToF=True/False | down RGB/ToF=False/False
[INFO] [1791340879.420529651] [dual_tof_selector]: ACTIVE CAMERA=front_tof | front RGB/ToF=True/True | down RGB/ToF=False/False
[INFO] [1791340879.519920168] [dual_tof_selector]: ACTIVE CAMERA=front_rgb_only | front RGB/ToF=True/False | down RGB/ToF=False/False
[INFO] [1791340879.620837196] [dual_tof_selector]: ACTIVE CAMERA=front_tof | front RGB/ToF=True/True | down RGB/ToF=False/False
[INFO] [1791340879.819950364] [dual_tof_selector]: ACTIVE CAMERA=front_rgb_only | front RGB/ToF=True/False | down RGB/ToF=False/False
[INFO] [1791340880.020229149] [dual_tof_selector]: ACTIVE CAMERA=front_tof | front RGB/ToF=True/True | down RGB/ToF=False/False
[INFO] [1791340880.220458002] [dual_tof_selector]: ACTIVE CAMERA=front_rgb_only | front RGB/ToF=True/False | down RGB/ToF=False/False
[INFO] [1791340880.919826502] [dual_tof_selector]: ACTIVE CAMERA=front_tof | front RGB/ToF=True/True | down RGB/ToF=False/False
[INFO] [1791340881.120320865] [dual_tof_selector]: ACTIVE CAMERA=front_rgb_only | front RGB/ToF=True/False | down RGB/ToF=False/False
[INFO] [1791340881.420392659] [dual_tof_selector]: ACTIVE CAMERA=front_tof | front RGB/ToF=True/True | down RGB/ToF=False/False
[INFO] [1791340881.619862060] [dual_tof_selector]: ACTIVE CAMERA=front_rgb_only | front RGB/ToF=True/False | down RGB/ToF=False/False
[INFO] [1791340881.820028996] [dual_tof_selector]: ACTIVE CAMERA=front_tof | front RGB/ToF=True/True | down RGB/ToF=False/False
[INFO] [1791340881.920424848] [dual_tof_selector]: ACTIVE CAMERA=front_rgb_only | front RGB/ToF=True/False | down RGB/ToF=False/False
[INFO] [1791340882.319820181] [dual_tof_selector]: ACTIVE CAMERA=front_tof | front RGB/ToF=True/True | down RGB/ToF=False/False
[INFO] [1791340882.619991633] [dual_tof_selector]: ACTIVE CAMERA=front_rgb_only | front RGB/ToF=True/False | down RGB/ToF=False/False
[INFO] [1791340883.119838748] [dual_tof_selector]: ACTIVE CAMERA=front_tof | front RGB/ToF=True/True | down RGB/ToF=False/False
[INFO] [1791340883.220520945] [dual_tof_selector]: ACTIVE CAMERA=front_rgb_only | front RGB/ToF=True/False | down RGB/ToF=False/False
[INFO] [1791340883.319797633] [dual_tof_selector]: ACTIVE CAMERA=front_tof | front RGB/ToF=True/True | down RGB/ToF=False/False
[INFO] [1791340883.519839773] [dual_tof_selector]: ACTIVE CAMERA=front_rgb_only | front RGB/ToF=True/False | down RGB/ToF=False/False
[INFO] [1791340883.719798070] [dual_tof_selector]: ACTIVE CAMERA=front_tof | front RGB/ToF=True/True | down RGB/ToF=False/False
[INFO] [1791340883.919766335] [dual_tof_selector]: ACTIVE CAMERA=front_rgb_only | front RGB/ToF=True/False | down RGB/ToF=False/False
[INFO] [1791340884.019721147] [dual_tof_selector]: ACTIVE CAMERA=front_tof | front RGB/ToF=True/True | down RGB/ToF=False/False
[INFO] [1791340884.620171110] [dual_tof_selector]: ACTIVE CAMERA=front_rgb_only | front RGB/ToF=True/False | down RGB/ToF=False/False
[INFO] [1791340885.120434349] [dual_tof_selector]: ACTIVE CAMERA=front_tof | front RGB/ToF=True/True | down RGB/ToF=False/False
[INFO] [1791340885.320661413] [dual_tof_selector]: ACTIVE CAMERA=front_rgb_only | front RGB/ToF=True/False | down RGB/ToF=False/False
[INFO] [1791340885.520799336] [dual_tof_selector]: ACTIVE CAMERA=front_tof | front RGB/ToF=True/True | down RGB/ToF=False/False
[INFO] [1791340886.019799059] [dual_tof_selector]: ACTIVE CAMERA=front_rgb_only | front RGB/ToF=True/False | down RGB/ToF=False/False
[INFO] [1791340886.219826119] [dual_tof_selector]: ACTIVE CAMERA=front_tof | front RGB/ToF=True/True | down RGB/ToF=False/False
[INFO] [1791340886.719769886] [dual_tof_selector]: ACTIVE CAMERA=front_rgb_only | front RGB/ToF=True/False | down RGB/ToF=False/False
[INFO] [1791340887.420199895] [dual_tof_selector]: ACTIVE CAMERA=front_tof | front RGB/ToF=True/True | down RGB/ToF=False/False
[INFO] [1791340887.520521588] [dual_tof_selector]: ACTIVE CAMERA=front_rgb_only | front RGB/ToF=True/False | down RGB/ToF=False/False
[INFO] [1791340888.120555814] [dual_tof_selector]: ACTIVE CAMERA=front_tof | front RGB/ToF=True/True | down RGB/ToF=False/False
[INFO] [1791340888.319807775] [dual_tof_selector]: ACTIVE CAMERA=front_rgb_only | front RGB/ToF=True/False | down RGB/ToF=False/False
[INFO] [1791340888.420261636] [dual_tof_selector]: ACTIVE CAMERA=front_tof | front RGB/ToF=True/True | down RGB/ToF=False/False
[INFO] [1791340888.520564750] [dual_tof_selector]: ACTIVE CAMERA=front_rgb_only | front RGB/ToF=True/False | down RGB/ToF=False/False
[INFO] [1791340888.619781239] [dual_tof_selector]: ACTIVE CAMERA=front_tof | front RGB/ToF=True/True | down RGB/ToF=False/False
[INFO] [1791340888.820023875] [dual_tof_selector]: ACTIVE CAMERA=front_rgb_only | front RGB/ToF=True/False | down RGB/ToF=False/False
[INFO] [1791340889.420862552] [dual_tof_selector]: ACTIVE CAMERA=front_tof | front RGB/ToF=True/True | down RGB/ToF=False/False
[INFO] [1791340889.620612047] [dual_tof_selector]: ACTIVE CAMERA=front_rgb_only | front RGB/ToF=True/False | down RGB/ToF=False/False
[INFO] [1791340889.720154076] [dual_tof_selector]: ACTIVE CAMERA=front_tof | front RGB/ToF=True/True | down RGB/ToF=False/False
[INFO] [1791340890.120143587] [dual_tof_selector]: ACTIVE CAMERA=front_rgb_only | front RGB/ToF=True/False | down RGB/ToF=False/False
[INFO] [1791340890.520648205] [dual_tof_selector]: ACTIVE CAMERA=front_tof | front RGB/ToF=True/True | down RGB/ToF=False/False
[INFO] [1791340891.222272901] [dual_tof_selector]: ACTIVE CAMERA=front_rgb_only | front RGB/ToF=True/False | down RGB/ToF=False/False
[INFO] [1791340891.721998410] [dual_tof_selector]: ACTIVE CAMERA=front_tof | front RGB/ToF=True/True | down RGB/ToF=False/False
[INFO] [1791340892.121391692] [dual_tof_selector]: ACTIVE CAMERA=front_rgb_only | front RGB/ToF=True/False | down RGB/ToF=False/False
[INFO] [1791340892.220159073] [dual_tof_selector]: ACTIVE CAMERA=front_tof | front RGB/ToF=True/True | down RGB/ToF=False/False
[INFO] [1791340892.321372865] [dual_tof_selector]: ACTIVE CAMERA=front_rgb_only | front RGB/ToF=True/False | down RGB/ToF=False/False
[INFO] [1791340892.419779653] [dual_tof_selector]: ACTIVE CAMERA=front_tof | front RGB/ToF=True/True | down RGB/ToF=False/False
[INFO] [1791340892.519850716] [dual_tof_selector]: ACTIVE CAMERA=front_rgb_only | front RGB/ToF=True/False | down RGB/ToF=False/False
[INFO] [1791340892.919819374] [dual_tof_selector]: ACTIVE CAMERA=front_tof | front RGB/ToF=True/True | down RGB/ToF=False/False
[INFO] [1791340893.219967565] [dual_tof_selector]: ACTIVE CAMERA=front_rgb_only | front RGB/ToF=True/False | down RGB/ToF=False/False
[INFO] [1791340893.720273796] [dual_tof_selector]: ACTIVE CAMERA=front_tof | front RGB/ToF=True/True | down RGB/ToF=False/False
[INFO] [1791340893.920357640] [dual_tof_selector]: ACTIVE CAMERA=front_rgb_only | front RGB/ToF=True/False | down RGB/ToF=False/False
[INFO] [1791340894.020402946] [dual_tof_selector]: ACTIVE CAMERA=front_tof | front RGB/ToF=True/True | down RGB/ToF=False/False
[INFO] [1791340894.619819053] [dual_tof_selector]: ACTIVE CAMERA=front_rgb_only | front RGB/ToF=True/False | down RGB/ToF=False/False
[INFO] [1791340894.719759013] [dual_tof_selector]: ACTIVE CAMERA=front_tof | front RGB/ToF=True/True | down RGB/ToF=False/False
[INFO] [1791340895.820343138] [dual_tof_selector]: ACTIVE CAMERA=front_rgb_only | front RGB/ToF=True/False | down RGB/ToF=False/False
[INFO] [1791340896.420387052] [dual_tof_selector]: ACTIVE CAMERA=front_tof | front RGB/ToF=True/True | down RGB/ToF=False/False
[INFO] [1791340896.520489289] [dual_tof_selector]: ACTIVE CAMERA=front_rgb_only | front RGB/ToF=True/False | down RGB/ToF=False/False
[INFO] [1791340896.620583770] [dual_tof_selector]: ACTIVE CAMERA=front_tof | front RGB/ToF=True/True | down RGB/ToF=False/False
[INFO] [1791340896.720601855] [dual_tof_selector]: ACTIVE CAMERA=front_rgb_only | front RGB/ToF=True/False | down RGB/ToF=False/False
[INFO] [1791340897.120306865] [dual_tof_selector]: ACTIVE CAMERA=front_tof | front RGB/ToF=True/True | down RGB/ToF=False/False
[INFO] [1791340897.320327574] [dual_tof_selector]: ACTIVE CAMERA=front_rgb_only | front RGB/ToF=True/False | down RGB/ToF=False/False
[INFO] [1791340897.620466085] [dual_tof_selector]: ACTIVE CAMERA=front_tof | front RGB/ToF=True/True | down RGB/ToF=False/False
[INFO] [1791340897.820140749] [dual_tof_selector]: ACTIVE CAMERA=front_rgb_only | front RGB/ToF=True/False | down RGB/ToF=False/False
[INFO] [1791340898.020094198] [dual_tof_selector]: ACTIVE CAMERA=front_tof | front RGB/ToF=True/True | down RGB/ToF=False/False
[INFO] [1791340898.720051351] [dual_tof_selector]: ACTIVE CAMERA=front_rgb_only | front RGB/ToF=True/False | down RGB/ToF=False/False
[INFO] [1791340899.019840162] [dual_tof_selector]: ACTIVE CAMERA=front_tof | front RGB/ToF=True/True | down RGB/ToF=False/False
[INFO] [1791340899.120405710] [dual_tof_selector]: ACTIVE CAMERA=front_rgb_only | front RGB/ToF=True/False | down RGB/ToF=False/False
[INFO] [1791340899.320191484] [dual_tof_selector]: ACTIVE CAMERA=front_tof | front RGB/ToF=True/True | down RGB/ToF=False/False
[INFO] [1791340899.520843694] [dual_tof_selector]: ACTIVE CAMERA=front_rgb_only | front RGB/ToF=True/False | down RGB/ToF=False/False
[INFO] [1791340899.820780496] [dual_tof_selector]: ACTIVE CAMERA=front_tof | front RGB/ToF=True/True | down RGB/ToF=False/False
[INFO] [1791340900.020355441] [dual_tof_selector]: ACTIVE CAMERA=front_rgb_only | front RGB/ToF=True/False | down RGB/ToF=False/False
[INFO] [1791340900.120974500] [dual_tof_selector]: ACTIVE CAMERA=front_tof | front RGB/ToF=True/True | down RGB/ToF=False/False
[INFO] [1791340900.220808682] [dual_tof_selector]: ACTIVE CAMERA=front_rgb_only | front RGB/ToF=True/False | down RGB/ToF=False/False
[INFO] [1791340900.320072920] [dual_tof_selector]: ACTIVE CAMERA=front_tof | front RGB/ToF=True/True | down RGB/ToF=False/False
[INFO] [1791340900.720859955] [dual_tof_selector]: ACTIVE CAMERA=front_rgb_only | front RGB/ToF=True/False | down RGB/ToF=False/False
[INFO] [1791340900.820722143] [dual_tof_selector]: ACTIVE CAMERA=front_tof | front RGB/ToF=True/True | down RGB/ToF=False/False
[INFO] [1791340900.920395068] [dual_tof_selector]: ACTIVE CAMERA=front_rgb_only | front RGB/ToF=True/False | down RGB/ToF=False/False
[INFO] [1791340901.720217965] [dual_tof_selector]: ACTIVE CAMERA=front_tof | front RGB/ToF=True/True | down RGB/ToF=False/False
[INFO] [1791340901.920707428] [dual_tof_selector]: ACTIVE CAMERA=front_rgb_only | front RGB/ToF=True/False | down RGB/ToF=False/False
[INFO] [1791340902.419948646] [dual_tof_selector]: ACTIVE CAMERA=front_tof | front RGB/ToF=True/True | down RGB/ToF=False/False
[INFO] [1791340902.520648768] [dual_tof_selector]: ACTIVE CAMERA=front_rgb_only | front RGB/ToF=True/False | down RGB/ToF=False/False
[INFO] [1791340902.819898118] [dual_tof_selector]: ACTIVE CAMERA=front_tof | front RGB/ToF=True/True | down RGB/ToF=False/False
[INFO] [1791340903.320222001] [dual_tof_selector]: ACTIVE CAMERA=front_rgb_only | front RGB/ToF=True/False | down RGB/ToF=False/False
[INFO] [1791340903.620175899] [dual_tof_selector]: ACTIVE CAMERA=front_tof | front RGB/ToF=True/True | down RGB/ToF=False/False
[INFO] [1791340904.020319547] [dual_tof_selector]: ACTIVE CAMERA=front_rgb_only | front RGB/ToF=True/False | down RGB/ToF=False/False
[INFO] [1791340904.121237522] [dual_tof_selector]: ACTIVE CAMERA=front_tof | front RGB/ToF=True/True | down RGB/ToF=False/False
[INFO] [1791340904.220868280] [dual_tof_selector]: ACTIVE CAMERA=front_rgb_only | front RGB/ToF=True/False | down RGB/ToF=False/False
[INFO] [1791340904.520002638] [dual_tof_selector]: ACTIVE CAMERA=front_tof | front RGB/ToF=True/True | down RGB/ToF=False/False
[INFO] [1791340904.620284721] [dual_tof_selector]: ACTIVE CAMERA=front_rgb_only | front RGB/ToF=True/False | down RGB/ToF=False/False
[INFO] [1791340904.720013075] [dual_tof_selector]: ACTIVE CAMERA=front_tof | front RGB/ToF=True/True | down RGB/ToF=False/False
[INFO] [1791340904.920203528] [dual_tof_selector]: ACTIVE CAMERA=front_rgb_only | front RGB/ToF=True/False | down RGB/ToF=False/False
[INFO] [1791340905.020627173] [dual_tof_selector]: ACTIVE CAMERA=front_tof | front RGB/ToF=True/True | down RGB/ToF=False/False
[INFO] [1791340905.420363566] [dual_tof_selector]: ACTIVE CAMERA=front_rgb_only | front RGB/ToF=True/False | down RGB/ToF=False/False
[INFO] [1791340905.720349845] [dual_tof_selector]: ACTIVE CAMERA=front_tof | front RGB/ToF=True/True | down RGB/ToF=False/False
[INFO] [1791340906.119966871] [dual_tof_selector]: ACTIVE CAMERA=front_rgb_only | front RGB/ToF=True/False | down RGB/ToF=False/False
[INFO] [1791340906.421235588] [dual_tof_selector]: ACTIVE CAMERA=front_tof | front RGB/ToF=True/True | down RGB/ToF=False/False
[INFO] [1791340906.620537055] [dual_tof_selector]: ACTIVE CAMERA=front_rgb_only | front RGB/ToF=True/False | down RGB/ToF=False/False
[INFO] [1791340906.721225635] [dual_tof_selector]: ACTIVE CAMERA=front_tof | front RGB/ToF=True/True | down RGB/ToF=False/False
[INFO] [1791340906.820448377] [dual_tof_selector]: ACTIVE CAMERA=front_rgb_only | front RGB/ToF=True/False | down RGB/ToF=False/False
[INFO] [1791340907.121024597] [dual_tof_selector]: ACTIVE CAMERA=front_tof | front RGB/ToF=True/True | down RGB/ToF=False/False
[INFO] [1791340907.220094798] [dual_tof_selector]: ACTIVE CAMERA=front_rgb_only | front RGB/ToF=True/False | down RGB/ToF=False/False
[INFO] [1791340907.720085292] [dual_tof_selector]: ACTIVE CAMERA=front_tof | front RGB/ToF=True/True | down RGB/ToF=False/False
[INFO] [1791340907.819972476] [dual_tof_selector]: ACTIVE CAMERA=front_rgb_only | front RGB/ToF=True/False | down RGB/ToF=False/False
[INFO] [1791340907.920193330] [dual_tof_selector]: ACTIVE CAMERA=front_tof | front RGB/ToF=True/True | down RGB/ToF=False/False
[INFO] [1791340908.120279724] [dual_tof_selector]: ACTIVE CAMERA=front_rgb_only | front RGB/ToF=True/False | down RGB/ToF=False/False
[INFO] [1791340908.219975813] [dual_tof_selector]: ACTIVE CAMERA=front_tof | front RGB/ToF=True/True | down RGB/ToF=False/False
[INFO] [1791340908.420003872] [dual_tof_selector]: ACTIVE CAMERA=front_rgb_only | front RGB/ToF=True/False | down RGB/ToF=False/False
[INFO] [1791340908.820363130] [dual_tof_selector]: ACTIVE CAMERA=front_tof | front RGB/ToF=True/True | down RGB/ToF=False/False
[INFO] [1791340909.721153197] [dual_tof_selector]: ACTIVE CAMERA=front_rgb_only | front RGB/ToF=True/False | down RGB/ToF=False/False
[INFO] [1791340909.821391214] [dual_tof_selector]: ACTIVE CAMERA=front_tof | front RGB/ToF=True/True | down RGB/ToF=False/False
[INFO] [1791340909.920579616] [dual_tof_selector]: ACTIVE CAMERA=front_rgb_only | front RGB/ToF=True/False | down RGB/ToF=False/False
[INFO] [1791340910.020384615] [dual_tof_selector]: ACTIVE CAMERA=front_tof | front RGB/ToF=True/True | down RGB/ToF=False/False
[INFO] [1791340910.420944501] [dual_tof_selector]: ACTIVE CAMERA=front_rgb_only | front RGB/ToF=True/False | down RGB/ToF=False/False
[INFO] [1791340910.521436998] [dual_tof_selector]: ACTIVE CAMERA=front_tof | front RGB/ToF=True/True | down RGB/ToF=False/False
[INFO] [1791340910.620914081] [dual_tof_selector]: ACTIVE CAMERA=front_rgb_only | front RGB/ToF=True/False | down RGB/ToF=False/False
[INFO] [1791340910.922096024] [dual_tof_selector]: ACTIVE CAMERA=front_tof | front RGB/ToF=True/True | down RGB/ToF=False/False
[INFO] [1791340911.320167288] [dual_tof_selector]: ACTIVE CAMERA=front_rgb_only | front RGB/ToF=True/False | down RGB/ToF=False/False
[INFO] [1791340911.620504262] [dual_tof_selector]: ACTIVE CAMERA=front_tof | front RGB/ToF=True/True | down RGB/ToF=False/False
[INFO] [1791340911.720789904] [dual_tof_selector]: ACTIVE CAMERA=front_rgb_only | front RGB/ToF=True/False | down RGB/ToF=False/False
[INFO] [1791340911.820892988] [dual_tof_selector]: ACTIVE CAMERA=front_tof | front RGB/ToF=True/True | down RGB/ToF=False/False
[INFO] [1791340911.920385576] [dual_tof_selector]: ACTIVE CAMERA=front_rgb_only | front RGB/ToF=True/False | down RGB/ToF=False/False
[INFO] [1791340912.319847162] [dual_tof_selector]: ACTIVE CAMERA=front_tof | front RGB/ToF=True/True | down RGB/ToF=False/False
[INFO] [1791340912.419844397] [dual_tof_selector]: ACTIVE CAMERA=front_rgb_only | front RGB/ToF=True/False | down RGB/ToF=False/False
[INFO] [1791340912.521220934] [dual_tof_selector]: ACTIVE CAMERA=front_tof | front RGB/ToF=True/True | down RGB/ToF=False/False
[INFO] [1791340912.721266757] [dual_tof_selector]: ACTIVE CAMERA=front_rgb_only | front RGB/ToF=True/False | down RGB/ToF=False/False
[INFO] [1791340912.820071823] [dual_tof_selector]: ACTIVE CAMERA=front_tof | front RGB/ToF=True/True | down RGB/ToF=False/False
[INFO] [1791340912.920349837] [dual_tof_selector]: ACTIVE CAMERA=front_rgb_only | front RGB/ToF=True/False | down RGB/ToF=False/False
[INFO] [1791340913.020617519] [dual_tof_selector]: ACTIVE CAMERA=front_tof | front RGB/ToF=True/True | down RGB/ToF=False/False
[INFO] [1791340913.220021905] [dual_tof_selector]: ACTIVE CAMERA=front_rgb_only | front RGB/ToF=True/False | down RGB/ToF=False/False
[INFO] [1791340913.321081081] [dual_tof_selector]: ACTIVE CAMERA=front_tof | front RGB/ToF=True/True | down RGB/ToF=False/False
[INFO] [1791340913.421347630] [dual_tof_selector]: ACTIVE CAMERA=front_rgb_only | front RGB/ToF=True/False | down RGB/ToF=False/False
[INFO] [1791340913.520348379] [dual_tof_selector]: ACTIVE CAMERA=front_tof | front RGB/ToF=True/True | down RGB/ToF=False/False
[INFO] [1791340913.720287781] [dual_tof_selector]: ACTIVE CAMERA=front_rgb_only | front RGB/ToF=True/False | down RGB/ToF=False/False
[INFO] [1791340913.820808891] [dual_tof_selector]: ACTIVE CAMERA=front_tof | front RGB/ToF=True/True | down RGB/ToF=False/False
[INFO] [1791340914.020116276] [dual_tof_selector]: ACTIVE CAMERA=front_rgb_only | front RGB/ToF=True/False | down RGB/ToF=False/False
[INFO] [1791340914.221032804] [dual_tof_selector]: ACTIVE CAMERA=front_tof | front RGB/ToF=True/True | down RGB/ToF=False/False
[INFO] [1791340914.620467191] [dual_tof_selector]: ACTIVE CAMERA=front_rgb_only | front RGB/ToF=True/False | down RGB/ToF=False/False
[INFO] [1791340914.720350825] [dual_tof_selector]: ACTIVE CAMERA=front_tof | front RGB/ToF=True/True | down RGB/ToF=False/False
[INFO] [1791340914.820456581] [dual_tof_selector]: ACTIVE CAMERA=front_rgb_only | front RGB/ToF=True/False | down RGB/ToF=False/False
[INFO] [1791340914.920311431] [dual_tof_selector]: ACTIVE CAMERA=front_tof | front RGB/ToF=True/True | down RGB/ToF=False/False
[INFO] [1791340915.120785051] [dual_tof_selector]: ACTIVE CAMERA=front_rgb_only | front RGB/ToF=True/False | down RGB/ToF=False/False
[INFO] [1791340916.020235926] [dual_tof_selector]: ACTIVE CAMERA=front_tof | front RGB/ToF=True/True | down RGB/ToF=False/False
[INFO] [1791340916.222380631] [dual_tof_selector]: ACTIVE CAMERA=front_rgb_only | front RGB/ToF=True/False | down RGB/ToF=False/False
[INFO] [1791340916.320164436] [dual_tof_selector]: ACTIVE CAMERA=front_tof | front RGB/ToF=True/True | down RGB/ToF=False/False
[INFO] [1791340916.520504257] [dual_tof_selector]: ACTIVE CAMERA=front_rgb_only | front RGB/ToF=True/False | down RGB/ToF=False/False
[INFO] [1791340916.720330696] [dual_tof_selector]: ACTIVE CAMERA=front_tof | front RGB/ToF=True/True | down RGB/ToF=False/False
[INFO] [1791340917.920701233] [dual_tof_selector]: ACTIVE CAMERA=front_rgb_only | front RGB/ToF=True/False | down RGB/ToF=False/False
[INFO] [1791340918.120218857] [dual_tof_selector]: ACTIVE CAMERA=front_tof | front RGB/ToF=True/True | down RGB/ToF=False/False
[INFO] [1791340918.319807566] [dual_tof_selector]: ACTIVE CAMERA=front_rgb_only | front RGB/ToF=True/False | down RGB/ToF=False/False
[INFO] [1791340918.420047574] [dual_tof_selector]: ACTIVE CAMERA=front_tof | front RGB/ToF=True/True | down RGB/ToF=False/False
[INFO] [1791340918.819953498] [dual_tof_selector]: ACTIVE CAMERA=front_rgb_only | front RGB/ToF=True/False | down RGB/ToF=False/False
[INFO] [1791340919.321546018] [dual_tof_selector]: ACTIVE CAMERA=front_tof | front RGB/ToF=True/True | down RGB/ToF=False/False
[INFO] [1791340919.520447795] [dual_tof_selector]: ACTIVE CAMERA=front_rgb_only | front RGB/ToF=True/False | down RGB/ToF=False/False
[INFO] [1791340919.720062369] [dual_tof_selector]: ACTIVE CAMERA=front_tof | front RGB/ToF=True/True | down RGB/ToF=False/False
[INFO] [1791340920.620534324] [dual_tof_selector]: ACTIVE CAMERA=front_rgb_only | front RGB/ToF=True/False | down RGB/ToF=False/False
[INFO] [1791340921.320351664] [dual_tof_selector]: ACTIVE CAMERA=front_tof | front RGB/ToF=True/True | down RGB/ToF=False/False
[INFO] [1791340921.720107525] [dual_tof_selector]: ACTIVE CAMERA=front_rgb_only | front RGB/ToF=True/False | down RGB/ToF=False/False
[INFO] [1791340921.819889015] [dual_tof_selector]: ACTIVE CAMERA=front_tof | front RGB/ToF=True/True | down RGB/ToF=False/False
[INFO] [1791340922.019795675] [dual_tof_selector]: ACTIVE CAMERA=front_rgb_only | front RGB/ToF=True/False | down RGB/ToF=False/False
[INFO] [1791340922.220519874] [dual_tof_selector]: ACTIVE CAMERA=front_tof | front RGB/ToF=True/True | down RGB/ToF=False/False
[INFO] [1791340922.420336228] [dual_tof_selector]: ACTIVE CAMERA=front_rgb_only | front RGB/ToF=True/False | down RGB/ToF=False/False
[INFO] [1791340922.920214645] [dual_tof_selector]: ACTIVE CAMERA=front_tof | front RGB/ToF=True/True | down RGB/ToF=False/False
[INFO] [1791340923.121618589] [dual_tof_selector]: ACTIVE CAMERA=front_rgb_only | front RGB/ToF=True/False | down RGB/ToF=False/False
[INFO] [1791340923.620727329] [dual_tof_selector]: ACTIVE CAMERA=front_tof | front RGB/ToF=True/True | down RGB/ToF=False/False
[INFO] [1791340923.820441771] [dual_tof_selector]: ACTIVE CAMERA=front_rgb_only | front RGB/ToF=True/False | down RGB/ToF=False/False
[INFO] [1791340924.020229241] [dual_tof_selector]: ACTIVE CAMERA=front_tof | front RGB/ToF=True/True | down RGB/ToF=False/False
[INFO] [1791340924.420241985] [dual_tof_selector]: ACTIVE CAMERA=front_rgb_only | front RGB/ToF=True/False | down RGB/ToF=False/False
[INFO] [1791340924.520837976] [dual_tof_selector]: ACTIVE CAMERA=front_tof | front RGB/ToF=True/True | down RGB/ToF=False/False
[INFO] [1791340924.920305024] [dual_tof_selector]: ACTIVE CAMERA=front_rgb_only | front RGB/ToF=True/False | down RGB/ToF=False/False
[INFO] [1791340925.220227335] [dual_tof_selector]: ACTIVE CAMERA=front_tof | front RGB/ToF=True/True | down RGB/ToF=False/False
[INFO] [1791340925.320277454] [dual_tof_selector]: ACTIVE CAMERA=front_rgb_only | front RGB/ToF=True/False | down RGB/ToF=False/False
[INFO] [1791340925.420158510] [dual_tof_selector]: ACTIVE CAMERA=front_tof | front RGB/ToF=True/True | down RGB/ToF=False/False
[INFO] [1791340926.320188017] [dual_tof_selector]: ACTIVE CAMERA=front_rgb_only | front RGB/ToF=True/False | down RGB/ToF=False/False
[INFO] [1791340926.819787312] [dual_tof_selector]: ACTIVE CAMERA=front_tof | front RGB/ToF=True/True | down RGB/ToF=False/False
[INFO] [1791340927.019926092] [dual_tof_selector]: ACTIVE CAMERA=front_rgb_only | front RGB/ToF=True/False | down RGB/ToF=False/False
[INFO] [1791340927.720416666] [dual_tof_selector]: ACTIVE CAMERA=front_tof | front RGB/ToF=True/True | down RGB/ToF=False/False
[INFO] [1791340927.920276043] [dual_tof_selector]: ACTIVE CAMERA=front_rgb_only | front RGB/ToF=True/False | down RGB/ToF=False/False
[INFO] [1791340928.120178758] [dual_tof_selector]: ACTIVE CAMERA=front_tof | front RGB/ToF=True/True | down RGB/ToF=False/False
[INFO] [1791340928.519880302] [dual_tof_selector]: ACTIVE CAMERA=front_rgb_only | front RGB/ToF=True/False | down RGB/ToF=False/False
[INFO] [1791340928.621415975] [dual_tof_selector]: ACTIVE CAMERA=front_tof | front RGB/ToF=True/True | down RGB/ToF=False/False
[INFO] [1791340928.720056816] [dual_tof_selector]: ACTIVE CAMERA=front_rgb_only | front RGB/ToF=True/False | down RGB/ToF=False/False
[INFO] [1791340929.020630343] [dual_tof_selector]: ACTIVE CAMERA=front_tof | front RGB/ToF=True/True | down RGB/ToF=False/False
[INFO] [1791340929.819971173] [dual_tof_selector]: ACTIVE CAMERA=front_rgb_only | front RGB/ToF=True/False | down RGB/ToF=False/False
[INFO] [1791340929.920294559] [dual_tof_selector]: ACTIVE CAMERA=front_tof | front RGB/ToF=True/True | down RGB/ToF=False/False
[INFO] [1791340930.520147556] [dual_tof_selector]: ACTIVE CAMERA=front_rgb_only | front RGB/ToF=True/False | down RGB/ToF=False/False
[INFO] [1791340930.620160300] [dual_tof_selector]: ACTIVE CAMERA=front_tof | front RGB/ToF=True/True | down RGB/ToF=False/False
[INFO] [1791340931.219789906] [dual_tof_selector]: ACTIVE CAMERA=front_rgb_only | front RGB/ToF=True/False | down RGB/ToF=False/False
[INFO] [1791340931.620430454] [dual_tof_selector]: ACTIVE CAMERA=front_tof | front RGB/ToF=True/True | down RGB/ToF=False/False
[INFO] [1791340932.321112756] [dual_tof_selector]: ACTIVE CAMERA=front_rgb_only | front RGB/ToF=True/False | down RGB/ToF=False/False
[INFO] [1791340932.520151739] [dual_tof_selector]: ACTIVE CAMERA=front_tof | front RGB/ToF=True/True | down RGB/ToF=False/False
[INFO] [1791340932.719949234] [dual_tof_selector]: ACTIVE CAMERA=front_rgb_only | front RGB/ToF=True/False | down RGB/ToF=False/False
[INFO] [1791340932.819914944] [dual_tof_selector]: ACTIVE CAMERA=front_tof | front RGB/ToF=True/True | down RGB/ToF=False/False
[INFO] [1791340933.019733211] [dual_tof_selector]: ACTIVE CAMERA=front_rgb_only | front RGB/ToF=True/False | down RGB/ToF=False/False
[INFO] [1791340933.220309330] [dual_tof_selector]: ACTIVE CAMERA=front_tof | front RGB/ToF=True/True | down RGB/ToF=False/False
[INFO] [1791340933.620279360] [dual_tof_selector]: ACTIVE CAMERA=front_rgb_only | front RGB/ToF=True/False | down RGB/ToF=False/False
[INFO] [1791340934.119926258] [dual_tof_selector]: ACTIVE CAMERA=front_tof | front RGB/ToF=True/True | down RGB/ToF=False/False
[INFO] [1791340934.220526342] [dual_tof_selector]: ACTIVE CAMERA=front_rgb_only | front RGB/ToF=True/False | down RGB/ToF=False/False
[INFO] [1791340934.320600678] [dual_tof_selector]: ACTIVE CAMERA=front_tof | front RGB/ToF=True/True | down RGB/ToF=False/False
[INFO] [1791340934.420526867] [dual_tof_selector]: ACTIVE CAMERA=front_rgb_only | front RGB/ToF=True/False | down RGB/ToF=False/False
[INFO] [1791340934.520361609] [dual_tof_selector]: ACTIVE CAMERA=front_tof | front RGB/ToF=True/True | down RGB/ToF=False/False
[INFO] [1791340934.720539009] [dual_tof_selector]: ACTIVE CAMERA=front_rgb_only | front RGB/ToF=True/False | down RGB/ToF=False/False
[INFO] [1791340935.019868606] [dual_tof_selector]: ACTIVE CAMERA=front_tof | front RGB/ToF=True/True | down RGB/ToF=False/False
[INFO] [1791340935.220294244] [dual_tof_selector]: ACTIVE CAMERA=front_rgb_only | front RGB/ToF=True/False | down RGB/ToF=False/False
[INFO] [1791340935.420297594] [dual_tof_selector]: ACTIVE CAMERA=front_tof | front RGB/ToF=True/True | down RGB/ToF=False/False
[INFO] [1791340935.521367585] [dual_tof_selector]: ACTIVE CAMERA=front_rgb_only | front RGB/ToF=True/False | down RGB/ToF=False/False
[INFO] [1791340935.719928013] [dual_tof_selector]: ACTIVE CAMERA=front_tof | front RGB/ToF=True/True | down RGB/ToF=False/False
[INFO] [1791340935.921078147] [dual_tof_selector]: ACTIVE CAMERA=front_rgb_only | front RGB/ToF=True/False | down RGB/ToF=False/False
[INFO] [1791340936.220096765] [dual_tof_selector]: ACTIVE CAMERA=front_tof | front RGB/ToF=True/True | down RGB/ToF=False/False
[INFO] [1791340936.420474158] [dual_tof_selector]: ACTIVE CAMERA=front_rgb_only | front RGB/ToF=True/False | down RGB/ToF=False/False
[INFO] [1791340936.620236328] [dual_tof_selector]: ACTIVE CAMERA=front_tof | front RGB/ToF=True/True | down RGB/ToF=False/False
[INFO] [1791340936.819862775] [dual_tof_selector]: ACTIVE CAMERA=front_rgb_only | front RGB/ToF=True/False | down RGB/ToF=False/False
[INFO] [1791340936.919822427] [dual_tof_selector]: ACTIVE CAMERA=front_tof | front RGB/ToF=True/True | down RGB/ToF=False/False
[INFO] [1791340937.119757718] [dual_tof_selector]: ACTIVE CAMERA=front_rgb_only | front RGB/ToF=True/False | down RGB/ToF=False/False
[INFO] [1791340937.620269554] [dual_tof_selector]: ACTIVE CAMERA=front_tof | front RGB/ToF=True/True | down RGB/ToF=False/False
[INFO] [1791340937.820271031] [dual_tof_selector]: ACTIVE CAMERA=front_rgb_only | front RGB/ToF=True/False | down RGB/ToF=False/False
[INFO] [1791340938.020385146] [dual_tof_selector]: ACTIVE CAMERA=front_tof | front RGB/ToF=True/True | down RGB/ToF=False/False
[INFO] [1791340939.120803499] [dual_tof_selector]: ACTIVE CAMERA=front_rgb_only | front RGB/ToF=True/False | down RGB/ToF=False/False
[INFO] [1791340939.320246525] [dual_tof_selector]: ACTIVE CAMERA=front_tof | front RGB/ToF=True/True | down RGB/ToF=False/False
[INFO] [1791340939.520260373] [dual_tof_selector]: ACTIVE CAMERA=front_rgb_only | front RGB/ToF=True/False | down RGB/ToF=False/False
[INFO] [1791340939.620312429] [dual_tof_selector]: ACTIVE CAMERA=front_tof | front RGB/ToF=True/True | down RGB/ToF=False/False
[INFO] [1791340939.719885819] [dual_tof_selector]: ACTIVE CAMERA=front_rgb_only | front RGB/ToF=True/False | down RGB/ToF=False/False
[INFO] [1791340939.821011683] [dual_tof_selector]: ACTIVE CAMERA=front_tof | front RGB/ToF=True/True | down RGB/ToF=False/False
[INFO] [1791340940.019915044] [dual_tof_selector]: ACTIVE CAMERA=front_rgb_only | front RGB/ToF=True/False | down RGB/ToF=False/False
[INFO] [1791340940.120819393] [dual_tof_selector]: ACTIVE CAMERA=front_tof | front RGB/ToF=True/True | down RGB/ToF=False/False
[INFO] [1791340940.220000811] [dual_tof_selector]: ACTIVE CAMERA=front_rgb_only | front RGB/ToF=True/False | down RGB/ToF=False/False
[INFO] [1791340940.320005429] [dual_tof_selector]: ACTIVE CAMERA=front_tof | front RGB/ToF=True/True | down RGB/ToF=False/False
[INFO] [1791340940.719896740] [dual_tof_selector]: ACTIVE CAMERA=front_rgb_only | front RGB/ToF=True/False | down RGB/ToF=False/False
[INFO] [1791340940.820473678] [dual_tof_selector]: ACTIVE CAMERA=front_tof | front RGB/ToF=True/True | down RGB/ToF=False/False
[INFO] [1791340941.520226032] [dual_tof_selector]: ACTIVE CAMERA=front_rgb_only | front RGB/ToF=True/False | down RGB/ToF=False/False
[INFO] [1791340941.720245341] [dual_tof_selector]: ACTIVE CAMERA=front_tof | front RGB/ToF=True/True | down RGB/ToF=False/False
[INFO] [1791340941.820473631] [dual_tof_selector]: ACTIVE CAMERA=front_rgb_only | front RGB/ToF=True/False | down RGB/ToF=False/False
[INFO] [1791340941.919796587] [dual_tof_selector]: ACTIVE CAMERA=front_tof | front RGB/ToF=True/True | down RGB/ToF=False/False
[INFO] [1791340942.120076339] [dual_tof_selector]: ACTIVE CAMERA=front_rgb_only | front RGB/ToF=True/False | down RGB/ToF=False/False
[INFO] [1791340942.219929302] [dual_tof_selector]: ACTIVE CAMERA=front_tof | front RGB/ToF=True/True | down RGB/ToF=False/False
[INFO] [1791340942.620745967] [dual_tof_selector]: ACTIVE CAMERA=front_rgb_only | front RGB/ToF=True/False | down RGB/ToF=False/False
[INFO] [1791340942.920538266] [dual_tof_selector]: ACTIVE CAMERA=front_tof | front RGB/ToF=True/True | down RGB/ToF=False/False
[INFO] [1791340943.320362452] [dual_tof_selector]: ACTIVE CAMERA=front_rgb_only | front RGB/ToF=True/False | down RGB/ToF=False/False
[INFO] [1791340943.720050243] [dual_tof_selector]: ACTIVE CAMERA=front_tof | front RGB/ToF=True/True | down RGB/ToF=False/False
[INFO] [1791340944.019894159] [dual_tof_selector]: ACTIVE CAMERA=front_rgb_only | front RGB/ToF=True/False | down RGB/ToF=False/False
[INFO] [1791340944.220590038] [dual_tof_selector]: ACTIVE CAMERA=front_tof | front RGB/ToF=True/True | down RGB/ToF=False/False
[INFO] [1791340944.321062947] [dual_tof_selector]: ACTIVE CAMERA=front_rgb_only | front RGB/ToF=True/False | down RGB/ToF=False/False
[INFO] [1791340944.419936141] [dual_tof_selector]: ACTIVE CAMERA=front_tof | front RGB/ToF=True/True | down RGB/ToF=False/False
[INFO] [1791340944.620265477] [dual_tof_selector]: ACTIVE CAMERA=front_rgb_only | front RGB/ToF=True/False | down RGB/ToF=False/False
[INFO] [1791340944.719801054] [dual_tof_selector]: ACTIVE CAMERA=front_tof | front RGB/ToF=True/True | down RGB/ToF=False/False
[INFO] [1791340944.820167924] [dual_tof_selector]: ACTIVE CAMERA=front_rgb_only | front RGB/ToF=True/False | down RGB/ToF=False/False
[INFO] [1791340944.920208422] [dual_tof_selector]: ACTIVE CAMERA=front_tof | front RGB/ToF=True/True | down RGB/ToF=False/False
[INFO] [1791340945.020490725] [dual_tof_selector]: ACTIVE CAMERA=front_rgb_only | front RGB/ToF=True/False | down RGB/ToF=False/False
[INFO] [1791340945.120233091] [dual_tof_selector]: ACTIVE CAMERA=front_tof | front RGB/ToF=True/True | down RGB/ToF=False/False
[INFO] [1791340945.220255345] [dual_tof_selector]: ACTIVE CAMERA=front_rgb_only | front RGB/ToF=True/False | down RGB/ToF=False/False
[INFO] [1791340945.620330316] [dual_tof_selector]: ACTIVE CAMERA=front_tof | front RGB/ToF=True/True | down RGB/ToF=False/False
[INFO] [1791340945.919811176] [dual_tof_selector]: ACTIVE CAMERA=front_rgb_only | front RGB/ToF=True/False | down RGB/ToF=False/False
[INFO] [1791340946.319983772] [dual_tof_selector]: ACTIVE CAMERA=front_tof | front RGB/ToF=True/True | down RGB/ToF=False/False
[INFO] [1791340946.620430207] [dual_tof_selector]: ACTIVE CAMERA=front_rgb_only | front RGB/ToF=True/False | down RGB/ToF=False/False
[INFO] [1791340946.819954011] [dual_tof_selector]: ACTIVE CAMERA=front_tof | front RGB/ToF=True/True | down RGB/ToF=False/False
[INFO] [1791340947.021247456] [dual_tof_selector]: ACTIVE CAMERA=front_rgb_only | front RGB/ToF=True/False | down RGB/ToF=False/False
[INFO] [1791340947.320474191] [dual_tof_selector]: ACTIVE CAMERA=front_tof | front RGB/ToF=True/True | down RGB/ToF=False/False
[INFO] [1791340947.420288909] [dual_tof_selector]: ACTIVE CAMERA=front_rgb_only | front RGB/ToF=True/False | down RGB/ToF=False/False
[INFO] [1791340947.920408629] [dual_tof_selector]: ACTIVE CAMERA=front_tof | front RGB/ToF=True/True | down RGB/ToF=False/False
[INFO] [1791340948.021965986] [dual_tof_selector]: ACTIVE CAMERA=front_rgb_only | front RGB/ToF=True/False | down RGB/ToF=False/False
[INFO] [1791340948.120714724] [dual_tof_selector]: ACTIVE CAMERA=front_tof | front RGB/ToF=True/True | down RGB/ToF=False/False
[INFO] [1791340948.220143646] [dual_tof_selector]: ACTIVE CAMERA=front_rgb_only | front RGB/ToF=True/False | down RGB/ToF=False/False
[INFO] [1791340948.620531914] [dual_tof_selector]: ACTIVE CAMERA=front_tof | front RGB/ToF=True/True | down RGB/ToF=False/False
[INFO] [1791340948.720190313] [dual_tof_selector]: ACTIVE CAMERA=front_rgb_only | front RGB/ToF=True/False | down RGB/ToF=False/False
[INFO] [1791340948.820439226] [dual_tof_selector]: ACTIVE CAMERA=front_tof | front RGB/ToF=True/True | down RGB/ToF=False/False
[INFO] [1791340948.920405899] [dual_tof_selector]: ACTIVE CAMERA=front_rgb_only | front RGB/ToF=True/False | down RGB/ToF=False/False
[INFO] [1791340949.020781137] [dual_tof_selector]: ACTIVE CAMERA=front_tof | front RGB/ToF=True/True | down RGB/ToF=False/False
[INFO] [1791340949.320355956] [dual_tof_selector]: ACTIVE CAMERA=front_rgb_only | front RGB/ToF=True/False | down RGB/ToF=False/False
[INFO] [1791340949.520233113] [dual_tof_selector]: ACTIVE CAMERA=front_tof | front RGB/ToF=True/True | down RGB/ToF=False/False
[INFO] [1791340949.721337348] [dual_tof_selector]: ACTIVE CAMERA=front_rgb_only | front RGB/ToF=True/False | down RGB/ToF=False/False
[INFO] [1791340949.821244326] [dual_tof_selector]: ACTIVE CAMERA=front_tof | front RGB/ToF=True/True | down RGB/ToF=False/False
[INFO] [1791340949.920393191] [dual_tof_selector]: ACTIVE CAMERA=front_rgb_only | front RGB/ToF=True/False | down RGB/ToF=False/False
[WARN] [1791340950.120779162] [dual_tof_selector]: ACTIVE CAMERA=none | front RGB/ToF=False/False | down RGB/ToF=False/False
[INFO] [1791340950.820895843] [dual_tof_selector]: ACTIVE CAMERA=front_tof | front RGB/ToF=True/True | down RGB/ToF=False/False
[INFO] [1791340951.020450562] [dual_tof_selector]: ACTIVE CAMERA=front_rgb_only | front RGB/ToF=True/False | down RGB/ToF=False/False
[INFO] [1791340951.319927981] [dual_tof_selector]: ACTIVE CAMERA=front_tof | front RGB/ToF=True/True | down RGB/ToF=False/False
[INFO] [1791340952.220663456] [dual_tof_selector]: ACTIVE CAMERA=front_rgb_only | front RGB/ToF=True/False | down RGB/ToF=False/False
[INFO] [1791340952.320766888] [dual_tof_selector]: ACTIVE CAMERA=front_tof | front RGB/ToF=True/True | down RGB/ToF=False/False
[INFO] [1791340952.421109188] [dual_tof_selector]: ACTIVE CAMERA=front_rgb_only | front RGB/ToF=True/False | down RGB/ToF=False/False
[INFO] [1791340952.520346305] [dual_tof_selector]: ACTIVE CAMERA=front_tof | front RGB/ToF=True/True | down RGB/ToF=False/False
[INFO] [1791340952.920020046] [dual_tof_selector]: ACTIVE CAMERA=front_rgb_only | front RGB/ToF=True/False | down RGB/ToF=False/False
[INFO] [1791340953.021116948] [dual_tof_selector]: ACTIVE CAMERA=front_tof | front RGB/ToF=True/True | down RGB/ToF=False/False
[INFO] [1791340953.120116047] [dual_tof_selector]: ACTIVE CAMERA=front_rgb_only | front RGB/ToF=True/False | down RGB/ToF=False/False
[INFO] [1791340953.320387679] [dual_tof_selector]: ACTIVE CAMERA=front_tof | front RGB/ToF=True/True | down RGB/ToF=False/False
[INFO] [1791340953.419971015] [dual_tof_selector]: ACTIVE CAMERA=front_rgb_only | front RGB/ToF=True/False | down RGB/ToF=False/False
[INFO] [1791340953.819980011] [dual_tof_selector]: ACTIVE CAMERA=front_tof | front RGB/ToF=True/True | down RGB/ToF=False/False
[INFO] [1791340954.220529987] [dual_tof_selector]: ACTIVE CAMERA=front_rgb_only | front RGB/ToF=True/False | down RGB/ToF=False/False
[INFO] [1791340954.320060083] [dual_tof_selector]: ACTIVE CAMERA=front_tof | front RGB/ToF=True/True | down RGB/ToF=False/False
[INFO] [1791340954.520038617] [dual_tof_selector]: ACTIVE CAMERA=front_rgb_only | front RGB/ToF=True/False | down RGB/ToF=False/False
[INFO] [1791340954.720964649] [dual_tof_selector]: ACTIVE CAMERA=front_tof | front RGB/ToF=True/True | down RGB/ToF=False/False
[INFO] [1791340955.120254984] [dual_tof_selector]: ACTIVE CAMERA=front_rgb_only | front RGB/ToF=True/False | down RGB/ToF=False/False
[INFO] [1791340955.220133929] [dual_tof_selector]: ACTIVE CAMERA=front_tof | front RGB/ToF=True/True | down RGB/ToF=False/False
[INFO] [1791340955.421495406] [dual_tof_selector]: ACTIVE CAMERA=front_rgb_only | front RGB/ToF=True/False | down RGB/ToF=False/False
[INFO] [1791340955.620818447] [dual_tof_selector]: ACTIVE CAMERA=front_tof | front RGB/ToF=True/True | down RGB/ToF=False/False
[INFO] [1791340955.720206496] [dual_tof_selector]: ACTIVE CAMERA=front_rgb_only | front RGB/ToF=True/False | down RGB/ToF=False/False
[INFO] [1791340955.821047841] [dual_tof_selector]: ACTIVE CAMERA=front_tof | front RGB/ToF=True/True | down RGB/ToF=False/False
[INFO] [1791340956.021010624] [dual_tof_selector]: ACTIVE CAMERA=front_rgb_only | front RGB/ToF=True/False | down RGB/ToF=False/False
[INFO] [1791340956.220891283] [dual_tof_selector]: ACTIVE CAMERA=front_tof | front RGB/ToF=True/True | down RGB/ToF=False/False
[INFO] [1791340956.420871564] [dual_tof_selector]: ACTIVE CAMERA=front_rgb_only | front RGB/ToF=True/False | down RGB/ToF=False/False
[INFO] [1791340956.520804330] [dual_tof_selector]: ACTIVE CAMERA=front_tof | front RGB/ToF=True/True | down RGB/ToF=False/False
[INFO] [1791340956.719912722] [dual_tof_selector]: ACTIVE CAMERA=front_rgb_only | front RGB/ToF=True/False | down RGB/ToF=False/False
[INFO] [1791340957.220345771] [dual_tof_selector]: ACTIVE CAMERA=front_tof | front RGB/ToF=True/True | down RGB/ToF=False/False
[INFO] [1791340957.421234687] [dual_tof_selector]: ACTIVE CAMERA=front_rgb_only | front RGB/ToF=True/False | down RGB/ToF=False/False
[INFO] [1791340957.819902925] [dual_tof_selector]: ACTIVE CAMERA=front_tof | front RGB/ToF=True/True | down RGB/ToF=False/False
[INFO] [1791340958.020344002] [dual_tof_selector]: ACTIVE CAMERA=front_rgb_only | front RGB/ToF=True/False | down RGB/ToF=False/False
[INFO] [1791340958.520452506] [dual_tof_selector]: ACTIVE CAMERA=front_tof | front RGB/ToF=True/True | down RGB/ToF=False/False
[INFO] [1791340958.719805097] [dual_tof_selector]: ACTIVE CAMERA=front_rgb_only | front RGB/ToF=True/False | down RGB/ToF=False/False
[INFO] [1791340958.920884744] [dual_tof_selector]: ACTIVE CAMERA=front_tof | front RGB/ToF=True/True | down RGB/ToF=False/False
[INFO] [1791340959.120988212] [dual_tof_selector]: ACTIVE CAMERA=front_rgb_only | front RGB/ToF=True/False | down RGB/ToF=False/False
[INFO] [1791340959.420453976] [dual_tof_selector]: ACTIVE CAMERA=front_tof | front RGB/ToF=True/True | down RGB/ToF=False/False
[INFO] [1791340959.820067572] [dual_tof_selector]: ACTIVE CAMERA=front_rgb_only | front RGB/ToF=True/False | down RGB/ToF=False/False
[WARN] [1791340960.020422322] [dual_tof_selector]: ACTIVE CAMERA=none | front RGB/ToF=False/False | down RGB/ToF=False/False
[INFO] [1791340960.620185665] [dual_tof_selector]: ACTIVE CAMERA=front_rgb_only | front RGB/ToF=True/False | down RGB/ToF=False/False
[INFO] [1791340961.121087909] [dual_tof_selector]: ACTIVE CAMERA=front_tof | front RGB/ToF=True/True | down RGB/ToF=False/False
[INFO] [1791340961.220299870] [dual_tof_selector]: ACTIVE CAMERA=front_rgb_only | front RGB/ToF=True/False | down RGB/ToF=False/False
[INFO] [1791340961.320381959] [dual_tof_selector]: ACTIVE CAMERA=front_tof | front RGB/ToF=True/True | down RGB/ToF=False/False
[INFO] [1791340961.920636919] [dual_tof_selector]: ACTIVE CAMERA=front_rgb_only | front RGB/ToF=True/False | down RGB/ToF=False/False
[INFO] [1791340962.019855427] [dual_tof_selector]: ACTIVE CAMERA=front_tof | front RGB/ToF=True/True | down RGB/ToF=False/False
[INFO] [1791340962.119780121] [dual_tof_selector]: ACTIVE CAMERA=front_rgb_only | front RGB/ToF=True/False | down RGB/ToF=False/False
[INFO] [1791340962.420174401] [dual_tof_selector]: ACTIVE CAMERA=front_tof | front RGB/ToF=True/True | down RGB/ToF=False/False
[INFO] [1791340962.520036072] [dual_tof_selector]: ACTIVE CAMERA=front_rgb_only | front RGB/ToF=True/False | down RGB/ToF=False/False
[INFO] [1791340962.919977679] [dual_tof_selector]: ACTIVE CAMERA=front_tof | front RGB/ToF=True/True | down RGB/ToF=False/False
[INFO] [1791340963.320127104] [dual_tof_selector]: ACTIVE CAMERA=front_rgb_only | front RGB/ToF=True/False | down RGB/ToF=False/False
[INFO] [1791340964.020897215] [dual_tof_selector]: ACTIVE CAMERA=front_tof | front RGB/ToF=True/True | down RGB/ToF=False/False
[INFO] [1791340964.521201149] [dual_tof_selector]: ACTIVE CAMERA=front_rgb_only | front RGB/ToF=True/False | down RGB/ToF=False/False
[INFO] [1791340964.720966625] [dual_tof_selector]: ACTIVE CAMERA=front_tof | front RGB/ToF=True/True | down RGB/ToF=False/False
[INFO] [1791340964.920737025] [dual_tof_selector]: ACTIVE CAMERA=front_rgb_only | front RGB/ToF=True/False | down RGB/ToF=False/False
[INFO] [1791340965.020032341] [dual_tof_selector]: ACTIVE CAMERA=front_tof | front RGB/ToF=True/True | down RGB/ToF=False/False
[INFO] [1791340965.121121545] [dual_tof_selector]: ACTIVE CAMERA=front_rgb_only | front RGB/ToF=True/False | down RGB/ToF=False/False
[INFO] [1791340965.620038201] [dual_tof_selector]: ACTIVE CAMERA=front_tof | front RGB/ToF=True/True | down RGB/ToF=False/False
[INFO] [1791340965.719817917] [dual_tof_selector]: ACTIVE CAMERA=front_rgb_only | front RGB/ToF=True/False | down RGB/ToF=False/False
[INFO] [1791340966.320969915] [dual_tof_selector]: ACTIVE CAMERA=front_tof | front RGB/ToF=True/True | down RGB/ToF=False/False
[INFO] [1791340967.020350855] [dual_tof_selector]: ACTIVE CAMERA=front_rgb_only | front RGB/ToF=True/False | down RGB/ToF=False/False
[INFO] [1791340967.220073502] [dual_tof_selector]: ACTIVE CAMERA=front_tof | front RGB/ToF=True/True | down RGB/ToF=False/False
[INFO] [1791340968.620856188] [dual_tof_selector]: ACTIVE CAMERA=front_rgb_only | front RGB/ToF=True/False | down RGB/ToF=False/False
[INFO] [1791340968.720000577] [dual_tof_selector]: ACTIVE CAMERA=front_tof | front RGB/ToF=True/True | down RGB/ToF=False/False
[INFO] [1791340968.920176302] [dual_tof_selector]: ACTIVE CAMERA=front_rgb_only | front RGB/ToF=True/False | down RGB/ToF=False/False
[INFO] [1791340969.120127908] [dual_tof_selector]: ACTIVE CAMERA=front_tof | front RGB/ToF=True/True | down RGB/ToF=False/False
[INFO] [1791340969.720148021] [dual_tof_selector]: ACTIVE CAMERA=front_rgb_only | front RGB/ToF=True/False | down RGB/ToF=False/False
[INFO] [1791340969.820653346] [dual_tof_selector]: ACTIVE CAMERA=front_tof | front RGB/ToF=True/True | down RGB/ToF=False/False
[INFO] [1791340970.520510677] [dual_tof_selector]: ACTIVE CAMERA=front_rgb_only | front RGB/ToF=True/False | down RGB/ToF=False/False
[INFO] [1791340970.619885883] [dual_tof_selector]: ACTIVE CAMERA=front_tof | front RGB/ToF=True/True | down RGB/ToF=False/False
[INFO] [1791340971.021085491] [dual_tof_selector]: ACTIVE CAMERA=front_rgb_only | front RGB/ToF=True/False | down RGB/ToF=False/False
[INFO] [1791340971.419863260] [dual_tof_selector]: ACTIVE CAMERA=front_tof | front RGB/ToF=True/True | down RGB/ToF=False/False
[INFO] [1791340971.620047826] [dual_tof_selector]: ACTIVE CAMERA=front_rgb_only | front RGB/ToF=True/False | down RGB/ToF=False/False
[INFO] [1791340972.119812514] [dual_tof_selector]: ACTIVE CAMERA=front_tof | front RGB/ToF=True/True | down RGB/ToF=False/False
[INFO] [1791340972.320337855] [dual_tof_selector]: ACTIVE CAMERA=front_rgb_only | front RGB/ToF=True/False | down RGB/ToF=False/False
[INFO] [1791340972.421846020] [dual_tof_selector]: ACTIVE CAMERA=front_tof | front RGB/ToF=True/True | down RGB/ToF=False/False
[INFO] [1791340972.520919824] [dual_tof_selector]: ACTIVE CAMERA=front_rgb_only | front RGB/ToF=True/False | down RGB/ToF=False/False
[INFO] [1791340972.620594530] [dual_tof_selector]: ACTIVE CAMERA=front_tof | front RGB/ToF=True/True | down RGB/ToF=False/False
[INFO] [1791340972.720512776] [dual_tof_selector]: ACTIVE CAMERA=front_rgb_only | front RGB/ToF=True/False | down RGB/ToF=False/False
[INFO] [1791340973.220347728] [dual_tof_selector]: ACTIVE CAMERA=front_tof | front RGB/ToF=True/True | down RGB/ToF=False/False
[INFO] [1791340974.020213322] [dual_tof_selector]: ACTIVE CAMERA=front_rgb_only | front RGB/ToF=True/False | down RGB/ToF=False/False
[INFO] [1791340974.719785502] [dual_tof_selector]: ACTIVE CAMERA=front_tof | front RGB/ToF=True/True | down RGB/ToF=False/False
[INFO] [1791340975.020243945] [dual_tof_selector]: ACTIVE CAMERA=front_rgb_only | front RGB/ToF=True/False | down RGB/ToF=False/False
[INFO] [1791340975.920873092] [dual_tof_selector]: ACTIVE CAMERA=front_tof | front RGB/ToF=True/True | down RGB/ToF=False/False
[INFO] [1791340976.120300970] [dual_tof_selector]: ACTIVE CAMERA=front_rgb_only | front RGB/ToF=True/False | down RGB/ToF=False/False
[INFO] [1791340976.220403111] [dual_tof_selector]: ACTIVE CAMERA=front_tof | front RGB/ToF=True/True | down RGB/ToF=False/False
[INFO] [1791340976.620703038] [dual_tof_selector]: ACTIVE CAMERA=front_rgb_only | front RGB/ToF=True/False | down RGB/ToF=False/False
[INFO] [1791340976.919942102] [dual_tof_selector]: ACTIVE CAMERA=front_tof | front RGB/ToF=True/True | down RGB/ToF=False/False
[INFO] [1791340977.020137054] [dual_tof_selector]: ACTIVE CAMERA=front_rgb_only | front RGB/ToF=True/False | down RGB/ToF=False/False
[INFO] [1791340977.119850025] [dual_tof_selector]: ACTIVE CAMERA=front_tof | front RGB/ToF=True/True | down RGB/ToF=False/False
[INFO] [1791340977.520075569] [dual_tof_selector]: ACTIVE CAMERA=front_rgb_only | front RGB/ToF=True/False | down RGB/ToF=False/False
[INFO] [1791340977.620189073] [dual_tof_selector]: ACTIVE CAMERA=front_tof | front RGB/ToF=True/True | down RGB/ToF=False/False
[INFO] [1791340977.720294332] [dual_tof_selector]: ACTIVE CAMERA=front_rgb_only | front RGB/ToF=True/False | down RGB/ToF=False/False
[INFO] [1791340977.820309601] [dual_tof_selector]: ACTIVE CAMERA=front_tof | front RGB/ToF=True/True | down RGB/ToF=False/False
[INFO] [1791340977.920321941] [dual_tof_selector]: ACTIVE CAMERA=front_rgb_only | front RGB/ToF=True/False | down RGB/ToF=False/False
[INFO] [1791340978.220218303] [dual_tof_selector]: ACTIVE CAMERA=front_tof | front RGB/ToF=True/True | down RGB/ToF=False/False
[INFO] [1791340978.420308129] [dual_tof_selector]: ACTIVE CAMERA=front_rgb_only | front RGB/ToF=True/False | down RGB/ToF=False/False
[INFO] [1791340978.519849523] [dual_tof_selector]: ACTIVE CAMERA=front_tof | front RGB/ToF=True/True | down RGB/ToF=False/False
[INFO] [1791340978.620461815] [dual_tof_selector]: ACTIVE CAMERA=front_rgb_only | front RGB/ToF=True/False | down RGB/ToF=False/False
[INFO] [1791340979.020601092] [dual_tof_selector]: ACTIVE CAMERA=front_tof | front RGB/ToF=True/True | down RGB/ToF=False/False
[INFO] [1791340979.120849135] [dual_tof_selector]: ACTIVE CAMERA=front_rgb_only | front RGB/ToF=True/False | down RGB/ToF=False/False
[INFO] [1791340979.320491768] [dual_tof_selector]: ACTIVE CAMERA=front_tof | front RGB/ToF=True/True | down RGB/ToF=False/False
[INFO] [1791340979.520436241] [dual_tof_selector]: ACTIVE CAMERA=front_rgb_only | front RGB/ToF=True/False | down RGB/ToF=False/False
[INFO] [1791340979.622727693] [dual_tof_selector]: ACTIVE CAMERA=front_tof | front RGB/ToF=True/True | down RGB/ToF=False/False
[WARN] [1791340979.820389378] [dual_tof_selector]: ACTIVE CAMERA=none | front RGB/ToF=False/False | down RGB/ToF=False/False
[INFO] [1791340982.521210663] [dual_tof_selector]: ACTIVE CAMERA=front_tof | front RGB/ToF=True/True | down RGB/ToF=False/False
[INFO] [1791340982.921046728] [dual_tof_selector]: ACTIVE CAMERA=front_rgb_only | front RGB/ToF=True/False | down RGB/ToF=False/False
[INFO] [1791340983.019944857] [dual_tof_selector]: ACTIVE CAMERA=front_tof | front RGB/ToF=True/True | down RGB/ToF=False/False
[INFO] [1791340983.120044911] [dual_tof_selector]: ACTIVE CAMERA=front_rgb_only | front RGB/ToF=True/False | down RGB/ToF=False/False
[INFO] [1791340983.220642277] [dual_tof_selector]: ACTIVE CAMERA=front_tof | front RGB/ToF=True/True | down RGB/ToF=False/False
[INFO] [1791340983.820021706] [dual_tof_selector]: ACTIVE CAMERA=front_rgb_only | front RGB/ToF=True/False | down RGB/ToF=False/False
[INFO] [1791340983.921039332] [dual_tof_selector]: ACTIVE CAMERA=front_tof | front RGB/ToF=True/True | down RGB/ToF=False/False
[INFO] [1791340984.120283422] [dual_tof_selector]: ACTIVE CAMERA=front_rgb_only | front RGB/ToF=True/False | down RGB/ToF=False/False
[INFO] [1791340984.221985025] [dual_tof_selector]: ACTIVE CAMERA=front_tof | front RGB/ToF=True/True | down RGB/ToF=False/False
[INFO] [1791340984.320314258] [dual_tof_selector]: ACTIVE CAMERA=front_rgb_only | front RGB/ToF=True/False | down RGB/ToF=False/False
[INFO] [1791340984.720028089] [dual_tof_selector]: ACTIVE CAMERA=front_tof | front RGB/ToF=True/True | down RGB/ToF=False/False
[INFO] [1791340985.420499542] [dual_tof_selector]: ACTIVE CAMERA=front_rgb_only | front RGB/ToF=True/False | down RGB/ToF=False/False
[INFO] [1791340985.719998356] [dual_tof_selector]: ACTIVE CAMERA=front_tof | front RGB/ToF=True/True | down RGB/ToF=False/False
[INFO] [1791340985.920887504] [dual_tof_selector]: ACTIVE CAMERA=front_rgb_only | front RGB/ToF=True/False | down RGB/ToF=False/False
[INFO] [1791340986.219750775] [dual_tof_selector]: ACTIVE CAMERA=front_tof | front RGB/ToF=True/True | down RGB/ToF=False/False
[INFO] [1791340986.620140500] [dual_tof_selector]: ACTIVE CAMERA=front_rgb_only | front RGB/ToF=True/False | down RGB/ToF=False/False
[INFO] [1791340986.819868416] [dual_tof_selector]: ACTIVE CAMERA=front_tof | front RGB/ToF=True/True | down RGB/ToF=False/False
[INFO] [1791340987.020901764] [dual_tof_selector]: ACTIVE CAMERA=front_rgb_only | front RGB/ToF=True/False | down RGB/ToF=False/False
[INFO] [1791340987.420514063] [dual_tof_selector]: ACTIVE CAMERA=front_tof | front RGB/ToF=True/True | down RGB/ToF=False/False
[INFO] [1791340987.620070793] [dual_tof_selector]: ACTIVE CAMERA=front_rgb_only | front RGB/ToF=True/False | down RGB/ToF=False/False
[INFO] [1791340987.820223529] [dual_tof_selector]: ACTIVE CAMERA=front_tof | front RGB/ToF=True/True | down RGB/ToF=False/False
[INFO] [1791340988.019866019] [dual_tof_selector]: ACTIVE CAMERA=front_rgb_only | front RGB/ToF=True/False | down RGB/ToF=False/False
[INFO] [1791340988.121926788] [dual_tof_selector]: ACTIVE CAMERA=front_tof | front RGB/ToF=True/True | down RGB/ToF=False/False
[INFO] [1791340988.520194670] [dual_tof_selector]: ACTIVE CAMERA=front_rgb_only | front RGB/ToF=True/False | down RGB/ToF=False/False
[INFO] [1791340988.620180777] [dual_tof_selector]: ACTIVE CAMERA=front_tof | front RGB/ToF=True/True | down RGB/ToF=False/False
[INFO] [1791340989.020401444] [dual_tof_selector]: ACTIVE CAMERA=front_rgb_only | front RGB/ToF=True/False | down RGB/ToF=False/False
[INFO] [1791340989.319801214] [dual_tof_selector]: ACTIVE CAMERA=front_tof | front RGB/ToF=True/True | down RGB/ToF=False/False
