[INFO] [1791339549.759741340] [front_tof_monitor]: FRONT TOF READY | RGB=/uav/camera/front/image | depth=/camera/front/depth/image_raw | ROS RGB=/camera/front/image_raw | RGB clip=0.1-60.0 m | ToF range=0.1-25.0 m
[INFO] [1791339549.759971511] [front_tof_monitor]: Image diagnostics only; target truth is not subscribed; ToF output is diagnostic only.
[WARN] [1791339549.831679457] [front_tof_monitor]: USV RGB=False | TOF=False | active=none | range=nan m | depth ratio=0.00 | window rates RGB/ToF=0.00/0.00 | frame change=0.0000 | truth angle FOV=False | RGB render volume=False | H/V angles=nan/nan deg | truth distance=inf m
[INFO] [1791339550.032491141] [front_tof_monitor]: USV RGB=True | TOF=True | active=front_tof | range=6.71 m | depth ratio=0.99 | window rates RGB/ToF=0.33/0.33 | frame change=0.0029 | truth angle FOV=False | RGB render volume=False | H/V angles=nan/nan deg | truth distance=inf m
[WARN] [1791339550.232142770] [front_tof_monitor]: USV RGB=True | TOF=False | active=front_rgb_only | range=nan m | depth ratio=0.00 | window rates RGB/ToF=0.60/0.40 | frame change=0.0010 | truth angle FOV=False | RGB render volume=False | H/V angles=nan/nan deg | truth distance=inf m
[INFO] [1791339550.331800391] [front_tof_monitor]: USV RGB=True | TOF=True | active=front_tof | range=6.72 m | depth ratio=0.99 | window rates RGB/ToF=0.67/0.50 | frame change=0.0010 | truth angle FOV=False | RGB render volume=False | H/V angles=nan/nan deg | truth distance=inf m
[WARN] [1791339550.431741754] [front_tof_monitor]: USV RGB=True | TOF=False | active=front_rgb_only | range=nan m | depth ratio=0.00 | window rates RGB/ToF=0.71/0.43 | frame change=0.0000 | truth angle FOV=False | RGB render volume=False | H/V angles=nan/nan deg | truth distance=inf m
[INFO] [1791339550.732060041] [front_tof_monitor]: USV RGB=True | TOF=True | active=front_tof | range=6.72 m | depth ratio=0.99 | window rates RGB/ToF=0.80/0.40 | frame change=0.0000 | truth angle FOV=False | RGB render volume=False | H/V angles=nan/nan deg | truth distance=inf m
[WARN] [1791339550.931991525] [front_tof_monitor]: USV RGB=True | TOF=False | active=front_rgb_only | range=nan m | depth ratio=0.00 | window rates RGB/ToF=0.83/0.42 | frame change=0.0000 | truth angle FOV=False | RGB render volume=False | H/V angles=nan/nan deg | truth distance=inf m
[INFO] [1791339551.434486106] [front_tof_monitor]: USV RGB=True | TOF=True | active=front_tof | range=6.72 m | depth ratio=0.99 | window rates RGB/ToF=0.88/0.35 | frame change=0.0000 | truth angle FOV=False | RGB render volume=False | H/V angles=nan/nan deg | truth distance=inf m
[WARN] [1791339551.632021561] [front_tof_monitor]: USV RGB=True | TOF=False | active=front_rgb_only | range=nan m | depth ratio=0.00 | window rates RGB/ToF=0.89/0.37 | frame change=0.0000 | truth angle FOV=False | RGB render volume=False | H/V angles=nan/nan deg | truth distance=inf m
[INFO] [1791339552.132432507] [front_tof_monitor]: USV RGB=True | TOF=True | active=front_tof | range=6.72 m | depth ratio=0.99 | window rates RGB/ToF=0.92/0.33 | frame change=0.0000 | truth angle FOV=False | RGB render volume=False | H/V angles=nan/nan deg | truth distance=inf m
[WARN] [1791339552.331673835] [front_tof_monitor]: USV RGB=True | TOF=False | active=front_rgb_only | range=nan m | depth ratio=0.00 | window rates RGB/ToF=0.92/0.35 | frame change=0.0000 | truth angle FOV=False | RGB render volume=False | H/V angles=nan/nan deg | truth distance=inf m
[INFO] [1791339552.531825096] [front_tof_monitor]: USV RGB=True | TOF=True | active=front_tof | range=6.72 m | depth ratio=0.98 | window rates RGB/ToF=0.93/0.36 | frame change=0.0000 | truth angle FOV=False | RGB render volume=False | H/V angles=nan/nan deg | truth distance=inf m
[WARN] [1791339552.732222659] [front_tof_monitor]: USV RGB=True | TOF=False | active=front_rgb_only | range=nan m | depth ratio=0.00 | window rates RGB/ToF=0.93/0.37 | frame change=0.0000 | truth angle FOV=False | RGB render volume=False | H/V angles=nan/nan deg | truth distance=inf m
[INFO] [1791339552.932518098] [front_tof_monitor]: USV RGB=True | TOF=True | active=front_tof | range=6.72 m | depth ratio=1.00 | window rates RGB/ToF=0.94/0.38 | frame change=0.0000 | truth angle FOV=False | RGB render volume=False | H/V angles=nan/nan deg | truth distance=inf m
[WARN] [1791339553.332243853] [front_tof_monitor]: USV RGB=True | TOF=False | active=front_rgb_only | range=nan m | depth ratio=0.00 | window rates RGB/ToF=0.94/0.42 | frame change=0.0000 | truth angle FOV=False | RGB render volume=False | H/V angles=nan/nan deg | truth distance=inf m
[INFO] [1791339553.432875804] [front_tof_monitor]: USV RGB=True | TOF=True | active=front_tof | range=6.72 m | depth ratio=0.99 | window rates RGB/ToF=0.95/0.43 | frame change=0.0000 | truth angle FOV=False | RGB render volume=False | H/V angles=nan/nan deg | truth distance=inf m
[WARN] [1791339554.032275643] [front_tof_monitor]: USV RGB=True | TOF=False | active=front_rgb_only | range=nan m | depth ratio=0.00 | window rates RGB/ToF=0.95/0.49 | frame change=0.0000 | truth angle FOV=False | RGB render volume=False | H/V angles=nan/nan deg | truth distance=inf m
[INFO] [1791339554.332553725] [front_tof_monitor]: USV RGB=True | TOF=True | active=front_tof | range=6.71 m | depth ratio=0.99 | window rates RGB/ToF=0.96/0.48 | frame change=0.0000 | truth angle FOV=False | RGB render volume=False | H/V angles=nan/nan deg | truth distance=inf m
[WARN] [1791339554.431680455] [front_tof_monitor]: USV RGB=True | TOF=False | active=front_rgb_only | range=nan m | depth ratio=0.00 | window rates RGB/ToF=0.96/0.47 | frame change=0.0000 | truth angle FOV=False | RGB render volume=False | H/V angles=nan/nan deg | truth distance=inf m
[INFO] [1791339554.532405816] [front_tof_monitor]: USV RGB=True | TOF=True | active=front_tof | range=6.72 m | depth ratio=0.99 | window rates RGB/ToF=0.96/0.48 | frame change=0.0000 | truth angle FOV=False | RGB render volume=False | H/V angles=nan/nan deg | truth distance=inf m
[WARN] [1791339554.633297400] [front_tof_monitor]: USV RGB=True | TOF=False | active=front_rgb_only | range=nan m | depth ratio=0.00 | window rates RGB/ToF=0.96/0.47 | frame change=0.0000 | truth angle FOV=False | RGB render volume=False | H/V angles=nan/nan deg | truth distance=inf m
[INFO] [1791339554.733622641] [front_tof_monitor]: USV RGB=True | TOF=True | active=front_tof | range=6.72 m | depth ratio=1.00 | window rates RGB/ToF=0.96/0.48 | frame change=0.0000 | truth angle FOV=False | RGB render volume=False | H/V angles=nan/nan deg | truth distance=inf m
[WARN] [1791339555.132223875] [front_tof_monitor]: USV RGB=True | TOF=False | active=front_rgb_only | range=nan m | depth ratio=0.00 | window rates RGB/ToF=1.00/0.51 | frame change=0.0000 | truth angle FOV=False | RGB render volume=False | H/V angles=nan/nan deg | truth distance=inf m
[INFO] [1791339555.231805532] [front_tof_monitor]: USV RGB=True | TOF=True | active=front_tof | range=6.72 m | depth ratio=0.99 | window rates RGB/ToF=1.00/0.51 | frame change=0.0000 | truth angle FOV=False | RGB render volume=False | H/V angles=nan/nan deg | truth distance=inf m
[WARN] [1791339555.431724482] [front_tof_monitor]: USV RGB=True | TOF=False | active=front_rgb_only | range=nan m | depth ratio=0.00 | window rates RGB/ToF=1.00/0.51 | frame change=0.0000 | truth angle FOV=False | RGB render volume=False | H/V angles=nan/nan deg | truth distance=inf m
[INFO] [1791339555.632046756] [front_tof_monitor]: USV RGB=True | TOF=True | active=front_tof | range=6.72 m | depth ratio=0.99 | window rates RGB/ToF=1.00/0.54 | frame change=0.0000 | truth angle FOV=False | RGB render volume=False | H/V angles=nan/nan deg | truth distance=inf m
[WARN] [1791339556.032184301] [front_tof_monitor]: USV RGB=True | TOF=False | active=front_rgb_only | range=nan m | depth ratio=0.00 | window rates RGB/ToF=1.00/0.55 | frame change=0.0000 | truth angle FOV=False | RGB render volume=False | H/V angles=nan/nan deg | truth distance=inf m
[INFO] [1791339556.132806878] [front_tof_monitor]: USV RGB=True | TOF=True | active=front_tof | range=6.72 m | depth ratio=0.99 | window rates RGB/ToF=1.00/0.58 | frame change=0.0000 | truth angle FOV=False | RGB render volume=False | H/V angles=nan/nan deg | truth distance=inf m
[WARN] [1791339556.335770659] [front_tof_monitor]: USV RGB=True | TOF=False | active=front_rgb_only | range=nan m | depth ratio=0.00 | window rates RGB/ToF=1.00/0.60 | frame change=0.0000 | truth angle FOV=False | RGB render volume=False | H/V angles=nan/nan deg | truth distance=inf m
[INFO] [1791339556.632843021] [front_tof_monitor]: USV RGB=True | TOF=True | active=front_tof | range=6.72 m | depth ratio=0.99 | window rates RGB/ToF=1.00/0.57 | frame change=0.0000 | truth angle FOV=False | RGB render volume=False | H/V angles=nan/nan deg | truth distance=inf m
[WARN] [1791339556.838455546] [front_tof_monitor]: USV RGB=True | TOF=False | active=front_rgb_only | range=nan m | depth ratio=0.00 | window rates RGB/ToF=1.00/0.60 | frame change=0.0000 | truth angle FOV=False | RGB render volume=False | H/V angles=nan/nan deg | truth distance=inf m
[INFO] [1791339557.135109259] [front_tof_monitor]: USV RGB=True | TOF=True | active=front_tof | range=6.72 m | depth ratio=0.99 | window rates RGB/ToF=1.00/0.60 | frame change=0.0000 | truth angle FOV=False | RGB render volume=False | H/V angles=nan/nan deg | truth distance=inf m
[WARN] [1791339557.731973238] [front_tof_monitor]: USV RGB=True | TOF=False | active=front_rgb_only | range=nan m | depth ratio=0.00 | window rates RGB/ToF=1.00/0.63 | frame change=0.0000 | truth angle FOV=False | RGB render volume=False | H/V angles=nan/nan deg | truth distance=inf m
[INFO] [1791339558.232659746] [front_tof_monitor]: USV RGB=True | TOF=True | active=front_tof | range=6.71 m | depth ratio=0.99 | window rates RGB/ToF=1.00/0.58 | frame change=0.0000 | truth angle FOV=False | RGB render volume=False | H/V angles=nan/nan deg | truth distance=inf m
[WARN] [1791339558.332217746] [front_tof_monitor]: USV RGB=True | TOF=False | active=front_rgb_only | range=nan m | depth ratio=0.00 | window rates RGB/ToF=1.00/0.57 | frame change=0.0000 | truth angle FOV=False | RGB render volume=False | H/V angles=nan/nan deg | truth distance=inf m
[INFO] [1791339558.732984092] [front_tof_monitor]: USV RGB=True | TOF=True | active=front_tof | range=6.72 m | depth ratio=0.99 | window rates RGB/ToF=1.00/0.53 | frame change=0.0000 | truth angle FOV=False | RGB render volume=False | H/V angles=nan/nan deg | truth distance=inf m
[WARN] [1791339558.932515884] [front_tof_monitor]: USV RGB=True | TOF=False | active=front_rgb_only | range=nan m | depth ratio=0.00 | window rates RGB/ToF=1.00/0.50 | frame change=0.0000 | truth angle FOV=False | RGB render volume=False | H/V angles=nan/nan deg | truth distance=inf m
[INFO] [1791339559.031763979] [front_tof_monitor]: USV RGB=True | TOF=True | active=front_tof | range=6.72 m | depth ratio=0.99 | window rates RGB/ToF=1.00/0.51 | frame change=0.0000 | truth angle FOV=False | RGB render volume=False | H/V angles=nan/nan deg | truth distance=inf m
[WARN] [1791339559.131530758] [front_tof_monitor]: USV RGB=True | TOF=False | active=front_rgb_only | range=nan m | depth ratio=0.00 | window rates RGB/ToF=1.00/0.51 | frame change=0.0000 | truth angle FOV=False | RGB render volume=False | H/V angles=nan/nan deg | truth distance=inf m
[INFO] [1791339559.332238216] [front_tof_monitor]: USV RGB=True | TOF=True | active=front_tof | range=6.72 m | depth ratio=0.99 | window rates RGB/ToF=1.00/0.53 | frame change=0.0000 | truth angle FOV=False | RGB render volume=False | H/V angles=nan/nan deg | truth distance=inf m
[WARN] [1791339559.832348100] [front_tof_monitor]: USV RGB=True | TOF=False | active=front_rgb_only | range=nan m | depth ratio=0.00 | window rates RGB/ToF=1.00/0.55 | frame change=0.0000 | truth angle FOV=False | RGB render volume=False | H/V angles=nan/nan deg | truth distance=inf m
[INFO] [1791339559.932538462] [front_tof_monitor]: USV RGB=True | TOF=True | active=front_tof | range=6.71 m | depth ratio=0.98 | window rates RGB/ToF=1.00/0.54 | frame change=0.0000 | truth angle FOV=False | RGB render volume=False | H/V angles=nan/nan deg | truth distance=inf m
[WARN] [1791339560.332177288] [front_tof_monitor]: USV RGB=True | TOF=False | active=front_rgb_only | range=nan m | depth ratio=0.00 | window rates RGB/ToF=1.00/0.55 | frame change=0.0000 | truth angle FOV=False | RGB render volume=False | H/V angles=nan/nan deg | truth distance=inf m
[INFO] [1791339560.831844127] [front_tof_monitor]: USV RGB=True | TOF=True | active=front_tof | range=6.72 m | depth ratio=1.00 | window rates RGB/ToF=1.00/0.51 | frame change=0.0000 | truth angle FOV=False | RGB render volume=False | H/V angles=nan/nan deg | truth distance=inf m
[WARN] [1791339561.032093981] [front_tof_monitor]: USV RGB=True | TOF=False | active=front_rgb_only | range=nan m | depth ratio=0.00 | window rates RGB/ToF=1.00/0.49 | frame change=0.0000 | truth angle FOV=False | RGB render volume=False | H/V angles=nan/nan deg | truth distance=inf m
[INFO] [1791339561.132359243] [front_tof_monitor]: USV RGB=True | TOF=True | active=front_tof | range=6.71 m | depth ratio=0.99 | window rates RGB/ToF=1.00/0.51 | frame change=0.0000 | truth angle FOV=False | RGB render volume=False | H/V angles=nan/nan deg | truth distance=inf m
[WARN] [1791339561.231550828] [front_tof_monitor]: USV RGB=True | TOF=False | active=front_rgb_only | range=nan m | depth ratio=0.00 | window rates RGB/ToF=1.00/0.49 | frame change=0.0000 | truth angle FOV=False | RGB render volume=False | H/V angles=nan/nan deg | truth distance=inf m
[INFO] [1791339561.332585227] [front_tof_monitor]: USV RGB=True | TOF=True | active=front_tof | range=6.72 m | depth ratio=0.99 | window rates RGB/ToF=1.00/0.49 | frame change=0.0000 | truth angle FOV=False | RGB render volume=False | H/V angles=nan/nan deg | truth distance=inf m
[WARN] [1791339561.732250986] [front_tof_monitor]: USV RGB=True | TOF=False | active=front_rgb_only | range=nan m | depth ratio=0.00 | window rates RGB/ToF=1.00/0.53 | frame change=0.0000 | truth angle FOV=False | RGB render volume=False | H/V angles=nan/nan deg | truth distance=inf m
[INFO] [1791339561.832578606] [front_tof_monitor]: USV RGB=True | TOF=True | active=front_tof | range=6.72 m | depth ratio=0.98 | window rates RGB/ToF=1.00/0.53 | frame change=0.0000 | truth angle FOV=False | RGB render volume=False | H/V angles=nan/nan deg | truth distance=inf m
[WARN] [1791339562.031585761] [front_tof_monitor]: USV RGB=True | TOF=False | active=front_rgb_only | range=nan m | depth ratio=0.00 | window rates RGB/ToF=1.00/0.55 | frame change=0.0000 | truth angle FOV=False | RGB render volume=False | H/V angles=nan/nan deg | truth distance=inf m
[INFO] [1791339562.233418103] [front_tof_monitor]: USV RGB=True | TOF=True | active=front_tof | range=6.71 m | depth ratio=0.99 | window rates RGB/ToF=1.00/0.54 | frame change=0.0000 | truth angle FOV=False | RGB render volume=False | H/V angles=nan/nan deg | truth distance=inf m
[WARN] [1791339562.731907637] [front_tof_monitor]: USV RGB=True | TOF=False | active=front_rgb_only | range=nan m | depth ratio=0.00 | window rates RGB/ToF=1.00/0.54 | frame change=0.0024 | truth angle FOV=False | RGB render volume=False | H/V angles=nan/nan deg | truth distance=inf m
[INFO] [1791339562.831763964] [front_tof_monitor]: USV RGB=True | TOF=True | active=front_tof | range=6.75 m | depth ratio=0.93 | window rates RGB/ToF=1.00/0.55 | frame change=0.0024 | truth angle FOV=False | RGB render volume=False | H/V angles=nan/nan deg | truth distance=inf m
[WARN] [1791339562.934674069] [front_tof_monitor]: USV RGB=True | TOF=False | active=front_rgb_only | range=nan m | depth ratio=0.00 | window rates RGB/ToF=1.00/0.56 | frame change=0.0031 | truth angle FOV=False | RGB render volume=False | H/V angles=nan/nan deg | truth distance=inf m
[INFO] [1791339563.331710388] [front_tof_monitor]: USV RGB=True | TOF=True | active=front_tof | range=6.78 m | depth ratio=0.92 | window rates RGB/ToF=1.00/0.55 | frame change=0.0014 | truth angle FOV=False | RGB render volume=False | H/V angles=nan/nan deg | truth distance=inf m
[WARN] [1791339563.431599195] [front_tof_monitor]: USV RGB=True | TOF=False | active=front_rgb_only | range=nan m | depth ratio=0.00 | window rates RGB/ToF=1.00/0.55 | frame change=0.0097 | truth angle FOV=False | RGB render volume=False | H/V angles=nan/nan deg | truth distance=inf m
[INFO] [1791339563.532467577] [front_tof_monitor]: USV RGB=True | TOF=True | active=front_tof | range=6.79 m | depth ratio=0.91 | window rates RGB/ToF=1.00/0.58 | frame change=0.0097 | truth angle FOV=False | RGB render volume=False | H/V angles=nan/nan deg | truth distance=inf m
[WARN] [1791339563.631594188] [front_tof_monitor]: USV RGB=True | TOF=False | active=front_rgb_only | range=nan m | depth ratio=0.00 | window rates RGB/ToF=1.00/0.57 | frame change=0.0108 | truth angle FOV=False | RGB render volume=False | H/V angles=nan/nan deg | truth distance=inf m
[INFO] [1791339563.731762081] [front_tof_monitor]: USV RGB=True | TOF=True | active=front_tof | range=6.79 m | depth ratio=0.99 | window rates RGB/ToF=1.00/0.59 | frame change=0.0108 | truth angle FOV=False | RGB render volume=False | H/V angles=nan/nan deg | truth distance=inf m
[WARN] [1791339563.832095461] [front_tof_monitor]: USV RGB=True | TOF=False | active=front_rgb_only | range=nan m | depth ratio=0.00 | window rates RGB/ToF=1.00/0.57 | frame change=0.0033 | truth angle FOV=False | RGB render volume=False | H/V angles=nan/nan deg | truth distance=inf m
[INFO] [1791339563.931860866] [front_tof_monitor]: USV RGB=True | TOF=True | active=front_tof | range=6.78 m | depth ratio=0.87 | window rates RGB/ToF=1.00/0.57 | frame change=0.0033 | truth angle FOV=False | RGB render volume=False | H/V angles=nan/nan deg | truth distance=inf m
[WARN] [1791339564.132341055] [front_tof_monitor]: USV RGB=True | TOF=False | active=front_rgb_only | range=nan m | depth ratio=0.00 | window rates RGB/ToF=1.00/0.58 | frame change=0.0094 | truth angle FOV=False | RGB render volume=False | H/V angles=nan/nan deg | truth distance=inf m
[INFO] [1791339564.232289068] [front_tof_monitor]: USV RGB=True | TOF=True | active=front_tof | range=6.78 m | depth ratio=0.84 | window rates RGB/ToF=1.00/0.59 | frame change=0.0094 | truth angle FOV=False | RGB render volume=False | H/V angles=nan/nan deg | truth distance=inf m
[WARN] [1791339564.332218113] [front_tof_monitor]: USV RGB=True | TOF=False | active=front_rgb_only | range=nan m | depth ratio=0.00 | window rates RGB/ToF=1.00/0.58 | frame change=0.0075 | truth angle FOV=False | RGB render volume=False | H/V angles=nan/nan deg | truth distance=inf m
[INFO] [1791339564.432555739] [front_tof_monitor]: USV RGB=True | TOF=True | active=front_tof | range=6.78 m | depth ratio=0.78 | window rates RGB/ToF=1.00/0.58 | frame change=0.0075 | truth angle FOV=False | RGB render volume=False | H/V angles=nan/nan deg | truth distance=inf m
[WARN] [1791339564.532337878] [front_tof_monitor]: USV RGB=True | TOF=False | active=front_rgb_only | range=nan m | depth ratio=0.00 | window rates RGB/ToF=1.00/0.56 | frame change=0.0078 | truth angle FOV=False | RGB render volume=False | H/V angles=nan/nan deg | truth distance=inf m
[INFO] [1791339564.931802141] [front_tof_monitor]: USV RGB=True | TOF=True | active=front_tof | range=6.80 m | depth ratio=0.69 | window rates RGB/ToF=1.00/0.53 | frame change=0.0021 | truth angle FOV=False | RGB render volume=False | H/V angles=nan/nan deg | truth distance=inf m
[WARN] [1791339565.032181790] [front_tof_monitor]: USV RGB=True | TOF=False | active=front_rgb_only | range=nan m | depth ratio=0.00 | window rates RGB/ToF=1.00/0.50 | frame change=0.0075 | truth angle FOV=False | RGB render volume=False | H/V angles=nan/nan deg | truth distance=inf m
[INFO] [1791339565.231670830] [front_tof_monitor]: USV RGB=True | TOF=True | active=front_tof | range=6.87 m | depth ratio=0.99 | window rates RGB/ToF=1.00/0.49 | frame change=0.0111 | truth angle FOV=False | RGB render volume=False | H/V angles=nan/nan deg | truth distance=inf m
[WARN] [1791339565.432223112] [front_tof_monitor]: USV RGB=True | TOF=False | active=front_rgb_only | range=nan m | depth ratio=0.00 | window rates RGB/ToF=1.00/0.50 | frame change=0.0088 | truth angle FOV=False | RGB render volume=False | H/V angles=nan/nan deg | truth distance=inf m
[INFO] [1791339565.531647218] [front_tof_monitor]: USV RGB=True | TOF=True | active=front_tof | range=6.99 m | depth ratio=0.68 | window rates RGB/ToF=1.00/0.51 | frame change=0.0088 | truth angle FOV=False | RGB render volume=False | H/V angles=nan/nan deg | truth distance=inf m
[WARN] [1791339566.432240248] [front_tof_monitor]: USV RGB=True | TOF=False | active=front_rgb_only | range=nan m | depth ratio=0.00 | window rates RGB/ToF=1.00/0.59 | frame change=0.0217 | truth angle FOV=False | RGB render volume=False | H/V angles=nan/nan deg | truth distance=inf m
[INFO] [1791339566.632850797] [front_tof_monitor]: USV RGB=True | TOF=True | active=front_tof | range=7.84 m | depth ratio=0.86 | window rates RGB/ToF=1.00/0.57 | frame change=0.0398 | truth angle FOV=False | RGB render volume=False | H/V angles=nan/nan deg | truth distance=inf m
[WARN] [1791339566.732300270] [front_tof_monitor]: USV RGB=True | TOF=False | active=front_rgb_only | range=nan m | depth ratio=0.00 | window rates RGB/ToF=1.00/0.56 | frame change=0.0398 | truth angle FOV=False | RGB render volume=False | H/V angles=nan/nan deg | truth distance=inf m
[WARN] [1791339567.132305929] [front_tof_monitor]: USV RGB=False | TOF=False | active=none | range=nan m | depth ratio=0.00 | window rates RGB/ToF=0.98/0.52 | frame change=0.0195 | truth angle FOV=False | RGB render volume=False | H/V angles=nan/nan deg | truth distance=inf m
[INFO] [1791339568.732678768] [front_tof_monitor]: USV RGB=True | TOF=True | active=front_tof | range=14.07 m | depth ratio=0.96 | window rates RGB/ToF=0.68/0.36 | frame change=0.0056 | truth angle FOV=False | RGB render volume=False | H/V angles=nan/nan deg | truth distance=inf m
[WARN] [1791339568.932512950] [front_tof_monitor]: USV RGB=True | TOF=False | active=front_rgb_only | range=nan m | depth ratio=0.00 | window rates RGB/ToF=0.68/0.36 | frame change=0.0052 | truth angle FOV=False | RGB render volume=False | H/V angles=nan/nan deg | truth distance=inf m
[INFO] [1791339575.932374158] [front_tof_monitor]: USV RGB=True | TOF=True | active=front_tof | range=22.57 m | depth ratio=0.91 | window rates RGB/ToF=1.00/0.02 | frame change=0.0035 | truth angle FOV=False | RGB render volume=False | H/V angles=nan/nan deg | truth distance=inf m
[WARN] [1791339576.132201944] [front_tof_monitor]: USV RGB=True | TOF=False | active=front_rgb_only | range=nan m | depth ratio=0.00 | window rates RGB/ToF=1.00/0.04 | frame change=0.0010 | truth angle FOV=False | RGB render volume=False | H/V angles=nan/nan deg | truth distance=inf m
[INFO] [1791339576.231783169] [front_tof_monitor]: USV RGB=True | TOF=True | active=front_tof | range=21.47 m | depth ratio=0.91 | window rates RGB/ToF=1.00/0.06 | frame change=0.0010 | truth angle FOV=False | RGB render volume=False | H/V angles=nan/nan deg | truth distance=inf m
[WARN] [1791339576.632639166] [front_tof_monitor]: USV RGB=True | TOF=False | active=front_rgb_only | range=nan m | depth ratio=0.00 | window rates RGB/ToF=1.00/0.12 | frame change=0.0049 | truth angle FOV=False | RGB render volume=False | H/V angles=nan/nan deg | truth distance=inf m
[INFO] [1791339576.832094863] [front_tof_monitor]: USV RGB=True | TOF=True | active=front_tof | range=20.01 m | depth ratio=1.00 | window rates RGB/ToF=1.00/0.14 | frame change=0.0061 | truth angle FOV=False | RGB render volume=False | H/V angles=nan/nan deg | truth distance=inf m
[WARN] [1791339576.931754723] [front_tof_monitor]: USV RGB=True | TOF=False | active=front_rgb_only | range=nan m | depth ratio=0.00 | window rates RGB/ToF=1.00/0.14 | frame change=0.0061 | truth angle FOV=False | RGB render volume=False | H/V angles=nan/nan deg | truth distance=inf m
[INFO] [1791339577.331850428] [front_tof_monitor]: USV RGB=True | TOF=True | active=front_tof | range=18.53 m | depth ratio=1.00 | window rates RGB/ToF=1.00/0.16 | frame change=0.0018 | truth angle FOV=False | RGB render volume=False | H/V angles=nan/nan deg | truth distance=inf m
[WARN] [1791339577.731962865] [front_tof_monitor]: USV RGB=True | TOF=False | active=front_rgb_only | range=nan m | depth ratio=0.00 | window rates RGB/ToF=1.00/0.22 | frame change=0.0062 | truth angle FOV=False | RGB render volume=False | H/V angles=nan/nan deg | truth distance=inf m
[INFO] [1791339578.032461915] [front_tof_monitor]: USV RGB=True | TOF=True | active=front_tof | range=16.82 m | depth ratio=0.98 | window rates RGB/ToF=1.00/0.24 | frame change=0.0039 | truth angle FOV=False | RGB render volume=False | H/V angles=nan/nan deg | truth distance=inf m
[WARN] [1791339578.131623609] [front_tof_monitor]: USV RGB=True | TOF=False | active=front_rgb_only | range=nan m | depth ratio=0.00 | window rates RGB/ToF=1.00/0.24 | frame change=0.0039 | truth angle FOV=False | RGB render volume=False | H/V angles=nan/nan deg | truth distance=inf m
[INFO] [1791339578.231947464] [front_tof_monitor]: USV RGB=True | TOF=True | active=front_tof | range=16.41 m | depth ratio=1.00 | window rates RGB/ToF=1.00/0.26 | frame change=0.0001 | truth angle FOV=False | RGB render volume=False | H/V angles=nan/nan deg | truth distance=inf m
[WARN] [1791339579.132344937] [front_tof_monitor]: USV RGB=True | TOF=False | active=front_rgb_only | range=nan m | depth ratio=0.00 | window rates RGB/ToF=1.00/0.42 | frame change=0.0008 | truth angle FOV=False | RGB render volume=False | H/V angles=nan/nan deg | truth distance=inf m
[INFO] [1791339579.332528379] [front_tof_monitor]: USV RGB=True | TOF=True | active=front_tof | range=14.04 m | depth ratio=0.99 | window rates RGB/ToF=1.00/0.44 | frame change=0.0002 | truth angle FOV=False | RGB render volume=False | H/V angles=nan/nan deg | truth distance=inf m
[WARN] [1791339579.833847586] [front_tof_monitor]: USV RGB=True | TOF=False | active=front_rgb_only | range=nan m | depth ratio=0.00 | window rates RGB/ToF=1.00/0.52 | frame change=0.0044 | truth angle FOV=False | RGB render volume=False | H/V angles=nan/nan deg | truth distance=inf m
[INFO] [1791339580.032466101] [front_tof_monitor]: USV RGB=True | TOF=True | active=front_tof | range=12.66 m | depth ratio=1.00 | window rates RGB/ToF=1.00/0.54 | frame change=0.0034 | truth angle FOV=False | RGB render volume=False | H/V angles=nan/nan deg | truth distance=inf m
[WARN] [1791339580.731759775] [front_tof_monitor]: USV RGB=True | TOF=False | active=front_rgb_only | range=nan m | depth ratio=0.00 | window rates RGB/ToF=1.00/0.66 | frame change=0.0020 | truth angle FOV=False | RGB render volume=False | H/V angles=nan/nan deg | truth distance=inf m
[INFO] [1791339580.931972839] [front_tof_monitor]: USV RGB=True | TOF=True | active=front_tof | range=11.13 m | depth ratio=0.95 | window rates RGB/ToF=1.00/0.67 | frame change=0.0009 | truth angle FOV=False | RGB render volume=False | H/V angles=nan/nan deg | truth distance=inf m
[WARN] [1791339581.032308903] [front_tof_monitor]: USV RGB=True | TOF=False | active=front_rgb_only | range=nan m | depth ratio=0.00 | window rates RGB/ToF=1.00/0.64 | frame change=0.0009 | truth angle FOV=False | RGB render volume=False | H/V angles=nan/nan deg | truth distance=inf m
[INFO] [1791339581.131919888] [front_tof_monitor]: USV RGB=True | TOF=True | active=front_tof | range=10.68 m | depth ratio=1.00 | window rates RGB/ToF=1.00/0.65 | frame change=0.0046 | truth angle FOV=False | RGB render volume=False | H/V angles=nan/nan deg | truth distance=inf m
[WARN] [1791339581.332696832] [front_tof_monitor]: USV RGB=True | TOF=False | active=front_rgb_only | range=nan m | depth ratio=0.00 | window rates RGB/ToF=1.00/0.64 | frame change=0.0046 | truth angle FOV=False | RGB render volume=False | H/V angles=nan/nan deg | truth distance=inf m
[INFO] [1791339581.432778059] [front_tof_monitor]: USV RGB=True | TOF=True | active=front_tof | range=10.22 m | depth ratio=1.00 | window rates RGB/ToF=1.00/0.64 | frame change=0.0033 | truth angle FOV=False | RGB render volume=False | H/V angles=nan/nan deg | truth distance=inf m
[WARN] [1791339581.531634547] [front_tof_monitor]: USV RGB=True | TOF=False | active=front_rgb_only | range=nan m | depth ratio=0.00 | window rates RGB/ToF=1.00/0.63 | frame change=0.0033 | truth angle FOV=False | RGB render volume=False | H/V angles=nan/nan deg | truth distance=inf m
[INFO] [1791339581.631812991] [front_tof_monitor]: USV RGB=True | TOF=True | active=front_tof | range=9.79 m | depth ratio=0.99 | window rates RGB/ToF=1.00/0.63 | frame change=0.0050 | truth angle FOV=False | RGB render volume=False | H/V angles=nan/nan deg | truth distance=inf m
[WARN] [1791339581.932248462] [front_tof_monitor]: USV RGB=True | TOF=False | active=front_rgb_only | range=nan m | depth ratio=0.00 | window rates RGB/ToF=1.00/0.66 | frame change=0.0097 | truth angle FOV=False | RGB render volume=False | H/V angles=nan/nan deg | truth distance=inf m
[INFO] [1791339582.132031773] [front_tof_monitor]: USV RGB=True | TOF=True | active=front_tof | range=8.93 m | depth ratio=0.99 | window rates RGB/ToF=1.00/0.67 | frame change=0.0017 | truth angle FOV=False | RGB render volume=False | H/V angles=nan/nan deg | truth distance=inf m
[WARN] [1791339582.231849411] [front_tof_monitor]: USV RGB=True | TOF=False | active=front_rgb_only | range=nan m | depth ratio=0.00 | window rates RGB/ToF=1.00/0.67 | frame change=0.0017 | truth angle FOV=False | RGB render volume=False | H/V angles=nan/nan deg | truth distance=inf m
[INFO] [1791339582.332381658] [front_tof_monitor]: USV RGB=True | TOF=True | active=front_tof | range=8.60 m | depth ratio=0.98 | window rates RGB/ToF=1.00/0.68 | frame change=0.0031 | truth angle FOV=False | RGB render volume=False | H/V angles=nan/nan deg | truth distance=inf m
[WARN] [1791339582.931880273] [front_tof_monitor]: USV RGB=True | TOF=False | active=front_rgb_only | range=nan m | depth ratio=0.00 | window rates RGB/ToF=1.00/0.71 | frame change=0.0023 | truth angle FOV=False | RGB render volume=False | H/V angles=nan/nan deg | truth distance=inf m
[INFO] [1791339583.032362584] [front_tof_monitor]: USV RGB=True | TOF=True | active=front_tof | range=7.35 m | depth ratio=0.98 | window rates RGB/ToF=1.00/0.73 | frame change=0.0023 | truth angle FOV=False | RGB render volume=False | H/V angles=nan/nan deg | truth distance=inf m
[WARN] [1791339583.132212947] [front_tof_monitor]: USV RGB=True | TOF=False | active=front_rgb_only | range=nan m | depth ratio=0.00 | window rates RGB/ToF=1.00/0.72 | frame change=0.0009 | truth angle FOV=False | RGB render volume=False | H/V angles=nan/nan deg | truth distance=inf m
[INFO] [1791339583.431785932] [front_tof_monitor]: USV RGB=True | TOF=True | active=front_tof | range=6.57 m | depth ratio=0.98 | window rates RGB/ToF=1.00/0.68 | frame change=0.0031 | truth angle FOV=False | RGB render volume=False | H/V angles=nan/nan deg | truth distance=inf m
[WARN] [1791339583.631617099] [front_tof_monitor]: USV RGB=True | TOF=False | active=front_rgb_only | range=nan m | depth ratio=0.00 | window rates RGB/ToF=1.00/0.67 | frame change=0.0012 | truth angle FOV=False | RGB render volume=False | H/V angles=nan/nan deg | truth distance=inf m
[INFO] [1791339583.731864661] [front_tof_monitor]: USV RGB=True | TOF=True | active=front_tof | range=6.13 m | depth ratio=0.98 | window rates RGB/ToF=1.00/0.67 | frame change=0.0012 | truth angle FOV=False | RGB render volume=False | H/V angles=nan/nan deg | truth distance=inf m
[WARN] [1791339584.332316790] [front_tof_monitor]: USV RGB=True | TOF=False | active=front_rgb_only | range=nan m | depth ratio=0.00 | window rates RGB/ToF=1.00/0.69 | frame change=0.0087 | truth angle FOV=False | RGB render volume=False | H/V angles=nan/nan deg | truth distance=inf m
[INFO] [1791339584.832136313] [front_tof_monitor]: USV RGB=True | TOF=True | active=front_tof | range=4.40 m | depth ratio=0.99 | window rates RGB/ToF=1.00/0.61 | frame change=0.0080 | truth angle FOV=False | RGB render volume=False | H/V angles=nan/nan deg | truth distance=inf m
[WARN] [1791339585.232017403] [front_tof_monitor]: USV RGB=False | TOF=False | active=none | range=nan m | depth ratio=0.00 | window rates RGB/ToF=0.98/0.63 | frame change=0.0070 | truth angle FOV=False | RGB render volume=False | H/V angles=nan/nan deg | truth distance=inf m
[INFO] [1791339588.032114651] [front_tof_monitor]: USV RGB=True | TOF=True | active=front_tof | range=4.68 m | depth ratio=0.99 | window rates RGB/ToF=0.44/0.26 | frame change=0.0104 | truth angle FOV=False | RGB render volume=False | H/V angles=nan/nan deg | truth distance=inf m
[WARN] [1791339588.232383334] [front_tof_monitor]: USV RGB=True | TOF=False | active=front_rgb_only | range=nan m | depth ratio=0.00 | window rates RGB/ToF=0.45/0.27 | frame change=0.0219 | truth angle FOV=False | RGB render volume=False | H/V angles=nan/nan deg | truth distance=inf m
[INFO] [1791339588.731753373] [front_tof_monitor]: USV RGB=True | TOF=True | active=front_tof | range=8.70 m | depth ratio=0.99 | window rates RGB/ToF=0.45/0.25 | frame change=0.0259 | truth angle FOV=False | RGB render volume=False | H/V angles=nan/nan deg | truth distance=inf m
[WARN] [1791339588.831697297] [front_tof_monitor]: USV RGB=True | TOF=False | active=front_rgb_only | range=nan m | depth ratio=0.00 | window rates RGB/ToF=0.44/0.22 | frame change=0.0259 | truth angle FOV=False | RGB render volume=False | H/V angles=nan/nan deg | truth distance=inf m
[INFO] [1791339588.931857335] [front_tof_monitor]: USV RGB=True | TOF=True | active=front_tof | range=9.17 m | depth ratio=0.99 | window rates RGB/ToF=0.45/0.24 | frame change=0.0275 | truth angle FOV=False | RGB render volume=False | H/V angles=nan/nan deg | truth distance=inf m
[WARN] [1791339589.532221299] [front_tof_monitor]: USV RGB=True | TOF=False | active=front_rgb_only | range=nan m | depth ratio=0.00 | window rates RGB/ToF=0.45/0.25 | frame change=0.0131 | truth angle FOV=False | RGB render volume=False | H/V angles=nan/nan deg | truth distance=inf m
[INFO] [1791339589.631912928] [front_tof_monitor]: USV RGB=True | TOF=True | active=front_tof | range=8.43 m | depth ratio=0.99 | window rates RGB/ToF=0.45/0.27 | frame change=0.0131 | truth angle FOV=False | RGB render volume=False | H/V angles=nan/nan deg | truth distance=inf m
[WARN] [1791339589.731981134] [front_tof_monitor]: USV RGB=True | TOF=False | active=front_rgb_only | range=nan m | depth ratio=0.00 | window rates RGB/ToF=0.44/0.28 | frame change=0.0061 | truth angle FOV=False | RGB render volume=False | H/V angles=nan/nan deg | truth distance=inf m
[INFO] [1791339590.432112942] [front_tof_monitor]: USV RGB=True | TOF=True | active=front_tof | range=8.19 m | depth ratio=0.97 | window rates RGB/ToF=0.49/0.22 | frame change=0.0166 | truth angle FOV=False | RGB render volume=False | H/V angles=nan/nan deg | truth distance=inf m
[WARN] [1791339590.631647366] [front_tof_monitor]: USV RGB=True | TOF=False | active=front_rgb_only | range=nan m | depth ratio=0.00 | window rates RGB/ToF=0.54/0.24 | frame change=0.0166 | truth angle FOV=False | RGB render volume=False | H/V angles=nan/nan deg | truth distance=inf m
[INFO] [1791339590.731840655] [front_tof_monitor]: USV RGB=True | TOF=True | active=front_tof | range=8.03 m | depth ratio=0.98 | window rates RGB/ToF=0.55/0.25 | frame change=0.0266 | truth angle FOV=False | RGB render volume=False | H/V angles=nan/nan deg | truth distance=inf m
[WARN] [1791339590.832175308] [front_tof_monitor]: USV RGB=True | TOF=False | active=front_rgb_only | range=nan m | depth ratio=0.00 | window rates RGB/ToF=0.57/0.25 | frame change=0.0266 | truth angle FOV=False | RGB render volume=False | H/V angles=nan/nan deg | truth distance=inf m
[INFO] [1791339590.931885613] [front_tof_monitor]: USV RGB=True | TOF=True | active=front_tof | range=7.82 m | depth ratio=1.00 | window rates RGB/ToF=0.59/0.27 | frame change=0.0183 | truth angle FOV=False | RGB render volume=False | H/V angles=nan/nan deg | truth distance=inf m
[WARN] [1791339591.632217710] [front_tof_monitor]: USV RGB=True | TOF=False | active=front_rgb_only | range=nan m | depth ratio=0.00 | window rates RGB/ToF=0.74/0.40 | frame change=0.0073 | truth angle FOV=False | RGB render volume=False | H/V angles=nan/nan deg | truth distance=inf m
[INFO] [1791339591.731799132] [front_tof_monitor]: USV RGB=True | TOF=True | active=front_tof | range=7.18 m | depth ratio=0.98 | window rates RGB/ToF=0.75/0.41 | frame change=0.0073 | truth angle FOV=False | RGB render volume=False | H/V angles=nan/nan deg | truth distance=inf m
[WARN] [1791339591.831717522] [front_tof_monitor]: USV RGB=True | TOF=False | active=front_rgb_only | range=nan m | depth ratio=0.00 | window rates RGB/ToF=0.76/0.41 | frame change=0.0070 | truth angle FOV=False | RGB render volume=False | H/V angles=nan/nan deg | truth distance=inf m
[INFO] [1791339592.332473380] [front_tof_monitor]: USV RGB=True | TOF=True | active=front_tof | range=7.11 m | depth ratio=1.00 | window rates RGB/ToF=0.88/0.44 | frame change=0.0081 | truth angle FOV=False | RGB render volume=False | H/V angles=nan/nan deg | truth distance=inf m
[WARN] [1791339592.932267239] [front_tof_monitor]: USV RGB=True | TOF=False | active=front_rgb_only | range=nan m | depth ratio=0.00 | window rates RGB/ToF=0.98/0.53 | frame change=0.0130 | truth angle FOV=False | RGB render volume=False | H/V angles=nan/nan deg | truth distance=inf m
[INFO] [1791339593.132394468] [front_tof_monitor]: USV RGB=True | TOF=True | active=front_tof | range=6.96 m | depth ratio=1.00 | window rates RGB/ToF=1.00/0.52 | frame change=0.0171 | truth angle FOV=False | RGB render volume=False | H/V angles=nan/nan deg | truth distance=inf m
[WARN] [1791339594.032315815] [front_tof_monitor]: USV RGB=True | TOF=False | active=front_rgb_only | range=nan m | depth ratio=0.00 | window rates RGB/ToF=1.00/0.62 | frame change=0.0202 | truth angle FOV=False | RGB render volume=False | H/V angles=nan/nan deg | truth distance=inf m
[INFO] [1791339594.132349808] [front_tof_monitor]: USV RGB=True | TOF=True | active=front_tof | range=5.56 m | depth ratio=0.99 | window rates RGB/ToF=1.00/0.62 | frame change=0.0202 | truth angle FOV=False | RGB render volume=False | H/V angles=nan/nan deg | truth distance=inf m
[WARN] [1791339594.732112444] [front_tof_monitor]: USV RGB=True | TOF=False | active=front_rgb_only | range=nan m | depth ratio=0.00 | window rates RGB/ToF=1.00/0.64 | frame change=0.0107 | truth angle FOV=False | RGB render volume=False | H/V angles=nan/nan deg | truth distance=inf m
[INFO] [1791339594.931961990] [front_tof_monitor]: USV RGB=True | TOF=True | active=front_tof | range=4.48 m | depth ratio=0.99 | window rates RGB/ToF=1.00/0.65 | frame change=0.0209 | truth angle FOV=False | RGB render volume=False | H/V angles=nan/nan deg | truth distance=inf m
[WARN] [1791339595.131748833] [front_tof_monitor]: USV RGB=True | TOF=False | active=front_rgb_only | range=nan m | depth ratio=0.00 | window rates RGB/ToF=1.00/0.67 | frame change=0.0209 | truth angle FOV=False | RGB render volume=False | H/V angles=nan/nan deg | truth distance=inf m
[WARN] [1791339595.232650701] [front_tof_monitor]: USV RGB=False | TOF=False | active=none | range=nan m | depth ratio=0.00 | window rates RGB/ToF=0.98/0.68 | frame change=0.0327 | truth angle FOV=False | RGB render volume=False | H/V angles=nan/nan deg | truth distance=inf m
[WARN] [1791339598.432274428] [front_tof_monitor]: USV RGB=True | TOF=False | active=front_rgb_only | range=nan m | depth ratio=0.00 | window rates RGB/ToF=0.36/0.26 | frame change=0.0165 | truth angle FOV=False | RGB render volume=False | H/V angles=nan/nan deg | truth distance=inf m
[INFO] [1791339598.632137251] [front_tof_monitor]: USV RGB=True | TOF=True | active=front_tof | range=8.37 m | depth ratio=0.98 | window rates RGB/ToF=0.36/0.24 | frame change=0.0065 | truth angle FOV=False | RGB render volume=False | H/V angles=nan/nan deg | truth distance=inf m
[WARN] [1791339599.432210351] [front_tof_monitor]: USV RGB=True | TOF=False | active=front_rgb_only | range=nan m | depth ratio=0.00 | window rates RGB/ToF=0.37/0.25 | frame change=0.0340 | truth angle FOV=False | RGB render volume=False | H/V angles=nan/nan deg | truth distance=inf m
[INFO] [1791339599.531764735] [front_tof_monitor]: USV RGB=True | TOF=True | active=front_tof | range=12.53 m | depth ratio=0.99 | window rates RGB/ToF=0.36/0.24 | frame change=0.0340 | truth angle FOV=False | RGB render volume=False | H/V angles=nan/nan deg | truth distance=inf m
[WARN] [1791339599.632390732] [front_tof_monitor]: USV RGB=True | TOF=False | active=front_rgb_only | range=nan m | depth ratio=0.00 | window rates RGB/ToF=0.36/0.22 | frame change=0.0197 | truth angle FOV=False | RGB render volume=False | H/V angles=nan/nan deg | truth distance=inf m
[INFO] [1791339599.832674168] [front_tof_monitor]: USV RGB=True | TOF=True | active=front_tof | range=14.15 m | depth ratio=0.99 | window rates RGB/ToF=0.36/0.24 | frame change=0.0211 | truth angle FOV=False | RGB render volume=False | H/V angles=nan/nan deg | truth distance=inf m
[WARN] [1791339599.932361585] [front_tof_monitor]: USV RGB=True | TOF=False | active=front_rgb_only | range=nan m | depth ratio=0.00 | window rates RGB/ToF=0.36/0.22 | frame change=0.0211 | truth angle FOV=False | RGB render volume=False | H/V angles=nan/nan deg | truth distance=inf m
[INFO] [1791339600.032604264] [front_tof_monitor]: USV RGB=True | TOF=True | active=front_tof | range=14.12 m | depth ratio=0.97 | window rates RGB/ToF=0.36/0.22 | frame change=0.0159 | truth angle FOV=False | RGB render volume=False | H/V angles=nan/nan deg | truth distance=inf m
[WARN] [1791339600.232160846] [front_tof_monitor]: USV RGB=True | TOF=False | active=front_rgb_only | range=nan m | depth ratio=0.00 | window rates RGB/ToF=0.37/0.24 | frame change=0.0159 | truth angle FOV=False | RGB render volume=False | H/V angles=nan/nan deg | truth distance=inf m
[INFO] [1791339600.331953708] [front_tof_monitor]: USV RGB=True | TOF=True | active=front_tof | range=12.76 m | depth ratio=0.99 | window rates RGB/ToF=0.39/0.25 | frame change=0.0091 | truth angle FOV=False | RGB render volume=False | H/V angles=nan/nan deg | truth distance=inf m
[WARN] [1791339600.732154088] [front_tof_monitor]: USV RGB=True | TOF=False | active=front_rgb_only | range=nan m | depth ratio=0.00 | window rates RGB/ToF=0.47/0.31 | frame change=0.0239 | truth angle FOV=False | RGB render volume=False | H/V angles=nan/nan deg | truth distance=inf m
[INFO] [1791339600.931951686] [front_tof_monitor]: USV RGB=True | TOF=True | active=front_tof | range=13.54 m | depth ratio=0.98 | window rates RGB/ToF=0.52/0.34 | frame change=0.0313 | truth angle FOV=False | RGB render volume=False | H/V angles=nan/nan deg | truth distance=inf m
[WARN] [1791339601.131661179] [front_tof_monitor]: USV RGB=True | TOF=False | active=front_rgb_only | range=nan m | depth ratio=0.00 | window rates RGB/ToF=0.55/0.35 | frame change=0.0313 | truth angle FOV=False | RGB render volume=False | H/V angles=nan/nan deg | truth distance=inf m
[INFO] [1791339601.232392118] [front_tof_monitor]: USV RGB=True | TOF=True | active=front_tof | range=13.43 m | depth ratio=1.00 | window rates RGB/ToF=0.57/0.37 | frame change=0.0352 | truth angle FOV=False | RGB render volume=False | H/V angles=nan/nan deg | truth distance=inf m
[WARN] [1791339602.331609757] [front_tof_monitor]: USV RGB=True | TOF=False | active=front_rgb_only | range=nan m | depth ratio=0.00 | window rates RGB/ToF=0.78/0.57 | frame change=0.0071 | truth angle FOV=False | RGB render volume=False | H/V angles=nan/nan deg | truth distance=inf m
[INFO] [1791339602.531965855] [front_tof_monitor]: USV RGB=True | TOF=True | active=front_tof | range=9.76 m | depth ratio=0.99 | window rates RGB/ToF=0.84/0.60 | frame change=0.0086 | truth angle FOV=False | RGB render volume=False | H/V angles=nan/nan deg | truth distance=inf m
[WARN] [1791339604.332204391] [front_tof_monitor]: USV RGB=True | TOF=False | active=front_rgb_only | range=nan m | depth ratio=0.00 | window rates RGB/ToF=1.00/0.78 | frame change=0.0114 | truth angle FOV=False | RGB render volume=False | H/V angles=nan/nan deg | truth distance=inf m
[INFO] [1791339604.431936556] [front_tof_monitor]: USV RGB=True | TOF=True | active=front_tof | range=6.53 m | depth ratio=0.98 | window rates RGB/ToF=1.00/0.78 | frame change=0.0114 | truth angle FOV=False | RGB render volume=False | H/V angles=nan/nan deg | truth distance=inf m
[WARN] [1791339605.232302560] [front_tof_monitor]: USV RGB=True | TOF=False | active=front_rgb_only | range=nan m | depth ratio=0.00 | window rates RGB/ToF=1.00/0.86 | frame change=0.0049 | truth angle FOV=False | RGB render volume=False | H/V angles=nan/nan deg | truth distance=inf m
[INFO] [1791339605.332634817] [front_tof_monitor]: USV RGB=True | TOF=True | active=front_tof | range=5.16 m | depth ratio=0.99 | window rates RGB/ToF=1.00/0.86 | frame change=0.0049 | truth angle FOV=False | RGB render volume=False | H/V angles=nan/nan deg | truth distance=inf m
[WARN] [1791339605.431621669] [front_tof_monitor]: USV RGB=True | TOF=False | active=front_rgb_only | range=nan m | depth ratio=0.00 | window rates RGB/ToF=1.00/0.84 | frame change=0.0043 | truth angle FOV=False | RGB render volume=False | H/V angles=nan/nan deg | truth distance=inf m
[INFO] [1791339605.932380014] [front_tof_monitor]: USV RGB=True | TOF=True | active=front_tof | range=3.95 m | depth ratio=0.99 | window rates RGB/ToF=1.00/0.80 | frame change=0.0158 | truth angle FOV=False | RGB render volume=False | H/V angles=nan/nan deg | truth distance=inf m
[WARN] [1791339606.132370306] [front_tof_monitor]: USV RGB=False | TOF=False | active=none | range=nan m | depth ratio=0.00 | window rates RGB/ToF=0.98/0.80 | frame change=0.0211 | truth angle FOV=False | RGB render volume=False | H/V angles=nan/nan deg | truth distance=inf m
[INFO] [1791339608.831808941] [front_tof_monitor]: USV RGB=True | TOF=True | active=front_tof | range=4.17 m | depth ratio=0.99 | window rates RGB/ToF=0.47/0.33 | frame change=0.0203 | truth angle FOV=False | RGB render volume=False | H/V angles=nan/nan deg | truth distance=inf m
[WARN] [1791339609.031644665] [front_tof_monitor]: USV RGB=True | TOF=False | active=front_rgb_only | range=nan m | depth ratio=0.00 | window rates RGB/ToF=0.47/0.31 | frame change=0.0156 | truth angle FOV=False | RGB render volume=False | H/V angles=nan/nan deg | truth distance=inf m
[INFO] [1791339609.332272192] [front_tof_monitor]: USV RGB=True | TOF=True | active=front_tof | range=7.49 m | depth ratio=0.98 | window rates RGB/ToF=0.46/0.28 | frame change=0.0396 | truth angle FOV=False | RGB render volume=False | H/V angles=nan/nan deg | truth distance=inf m
[WARN] [1791339609.432193973] [front_tof_monitor]: USV RGB=True | TOF=False | active=front_rgb_only | range=nan m | depth ratio=0.00 | window rates RGB/ToF=0.46/0.26 | frame change=0.0396 | truth angle FOV=False | RGB render volume=False | H/V angles=nan/nan deg | truth distance=inf m
[INFO] [1791339609.532057985] [front_tof_monitor]: USV RGB=True | TOF=True | active=front_tof | range=8.26 m | depth ratio=1.00 | window rates RGB/ToF=0.47/0.27 | frame change=0.0340 | truth angle FOV=False | RGB render volume=False | H/V angles=nan/nan deg | truth distance=inf m
[WARN] [1791339609.931678388] [front_tof_monitor]: USV RGB=True | TOF=False | active=front_rgb_only | range=nan m | depth ratio=0.00 | window rates RGB/ToF=0.47/0.25 | frame change=0.0399 | truth angle FOV=False | RGB render volume=False | H/V angles=nan/nan deg | truth distance=inf m
[INFO] [1791339610.032423257] [front_tof_monitor]: USV RGB=True | TOF=True | active=front_tof | range=8.39 m | depth ratio=0.99 | window rates RGB/ToF=0.46/0.24 | frame change=0.0329 | truth angle FOV=False | RGB render volume=False | H/V angles=nan/nan deg | truth distance=inf m
[WARN] [1791339610.632229490] [front_tof_monitor]: USV RGB=True | TOF=False | active=front_rgb_only | range=nan m | depth ratio=0.00 | window rates RGB/ToF=0.46/0.30 | frame change=0.0162 | truth angle FOV=False | RGB render volume=False | H/V angles=nan/nan deg | truth distance=inf m
[INFO] [1791339610.731801135] [front_tof_monitor]: USV RGB=True | TOF=True | active=front_tof | range=9.17 m | depth ratio=0.99 | window rates RGB/ToF=0.46/0.32 | frame change=0.0162 | truth angle FOV=False | RGB render volume=False | H/V angles=nan/nan deg | truth distance=inf m
[WARN] [1791339610.831718845] [front_tof_monitor]: USV RGB=True | TOF=False | active=front_rgb_only | range=nan m | depth ratio=0.00 | window rates RGB/ToF=0.47/0.31 | frame change=0.0047 | truth angle FOV=False | RGB render volume=False | H/V angles=nan/nan deg | truth distance=inf m
[INFO] [1791339611.732011784] [front_tof_monitor]: USV RGB=True | TOF=True | active=front_tof | range=9.18 m | depth ratio=0.99 | window rates RGB/ToF=0.60/0.30 | frame change=0.0246 | truth angle FOV=False | RGB render volume=False | H/V angles=nan/nan deg | truth distance=inf m
[WARN] [1791339611.832629184] [front_tof_monitor]: USV RGB=True | TOF=False | active=front_rgb_only | range=nan m | depth ratio=0.00 | window rates RGB/ToF=0.62/0.30 | frame change=0.0246 | truth angle FOV=False | RGB render volume=False | H/V angles=nan/nan deg | truth distance=inf m
[INFO] [1791339612.032094929] [front_tof_monitor]: USV RGB=True | TOF=True | active=front_tof | range=8.42 m | depth ratio=0.99 | window rates RGB/ToF=0.65/0.31 | frame change=0.0239 | truth angle FOV=False | RGB render volume=False | H/V angles=nan/nan deg | truth distance=inf m
[WARN] [1791339612.233389999] [front_tof_monitor]: USV RGB=True | TOF=False | active=front_rgb_only | range=nan m | depth ratio=0.00 | window rates RGB/ToF=0.70/0.34 | frame change=0.0075 | truth angle FOV=False | RGB render volume=False | H/V angles=nan/nan deg | truth distance=inf m
[INFO] [1791339612.433156005] [front_tof_monitor]: USV RGB=True | TOF=True | active=front_tof | range=7.95 m | depth ratio=1.00 | window rates RGB/ToF=0.74/0.36 | frame change=0.0104 | truth angle FOV=False | RGB render volume=False | H/V angles=nan/nan deg | truth distance=inf m
[WARN] [1791339612.632670624] [front_tof_monitor]: USV RGB=True | TOF=False | active=front_rgb_only | range=nan m | depth ratio=0.00 | window rates RGB/ToF=0.78/0.38 | frame change=0.0104 | truth angle FOV=False | RGB render volume=False | H/V angles=nan/nan deg | truth distance=inf m
[INFO] [1791339612.732796947] [front_tof_monitor]: USV RGB=True | TOF=True | active=front_tof | range=7.42 m | depth ratio=0.99 | window rates RGB/ToF=0.80/0.40 | frame change=0.0100 | truth angle FOV=False | RGB render volume=False | H/V angles=nan/nan deg | truth distance=inf m
[WARN] [1791339612.831960954] [front_tof_monitor]: USV RGB=True | TOF=False | active=front_rgb_only | range=nan m | depth ratio=0.00 | window rates RGB/ToF=0.80/0.39 | frame change=0.0100 | truth angle FOV=False | RGB render volume=False | H/V angles=nan/nan deg | truth distance=inf m
[INFO] [1791339613.132456752] [front_tof_monitor]: USV RGB=True | TOF=True | active=front_tof | range=6.55 m | depth ratio=1.00 | window rates RGB/ToF=0.88/0.42 | frame change=0.0055 | truth angle FOV=False | RGB render volume=False | H/V angles=nan/nan deg | truth distance=inf m
[WARN] [1791339614.032289945] [front_tof_monitor]: USV RGB=True | TOF=False | active=front_rgb_only | range=nan m | depth ratio=0.00 | window rates RGB/ToF=1.00/0.54 | frame change=0.0024 | truth angle FOV=False | RGB render volume=False | H/V angles=nan/nan deg | truth distance=inf m
[INFO] [1791339614.131817673] [front_tof_monitor]: USV RGB=True | TOF=True | active=front_tof | range=5.00 m | depth ratio=0.99 | window rates RGB/ToF=1.00/0.56 | frame change=0.0053 | truth angle FOV=False | RGB render volume=False | H/V angles=nan/nan deg | truth distance=inf m
[WARN] [1791339614.232158762] [front_tof_monitor]: USV RGB=True | TOF=False | active=front_rgb_only | range=nan m | depth ratio=0.00 | window rates RGB/ToF=1.00/0.56 | frame change=0.0053 | truth angle FOV=False | RGB render volume=False | H/V angles=nan/nan deg | truth distance=inf m
[INFO] [1791339614.332536921] [front_tof_monitor]: USV RGB=True | TOF=True | active=front_tof | range=4.57 m | depth ratio=0.99 | window rates RGB/ToF=1.00/0.57 | frame change=0.0075 | truth angle FOV=False | RGB render volume=False | H/V angles=nan/nan deg | truth distance=inf m
[WARN] [1791339614.432334900] [front_tof_monitor]: USV RGB=True | TOF=False | active=front_rgb_only | range=nan m | depth ratio=0.00 | window rates RGB/ToF=1.00/0.56 | frame change=0.0075 | truth angle FOV=False | RGB render volume=False | H/V angles=nan/nan deg | truth distance=inf m
[WARN] [1791339614.832272470] [front_tof_monitor]: USV RGB=False | TOF=False | active=none | range=nan m | depth ratio=0.00 | window rates RGB/ToF=0.98/0.48 | frame change=0.0214 | truth angle FOV=False | RGB render volume=False | H/V angles=nan/nan deg | truth distance=inf m
[INFO] [1791339617.831800509] [front_tof_monitor]: USV RGB=True | TOF=True | active=front_tof | range=4.19 m | depth ratio=0.99 | window rates RGB/ToF=0.41/0.24 | frame change=0.0049 | truth angle FOV=False | RGB render volume=False | H/V angles=nan/nan deg | truth distance=inf m
[WARN] [1791339619.631859691] [front_tof_monitor]: USV RGB=True | TOF=False | active=front_rgb_only | range=nan m | depth ratio=0.00 | window rates RGB/ToF=0.41/0.35 | frame change=0.0137 | truth angle FOV=False | RGB render volume=False | H/V angles=nan/nan deg | truth distance=inf m
[INFO] [1791339619.731980927] [front_tof_monitor]: USV RGB=True | TOF=True | active=front_tof | range=9.45 m | depth ratio=0.99 | window rates RGB/ToF=0.40/0.38 | frame change=0.0072 | truth angle FOV=False | RGB render volume=False | H/V angles=nan/nan deg | truth distance=inf m
[WARN] [1791339619.831648135] [front_tof_monitor]: USV RGB=True | TOF=False | active=front_rgb_only | range=nan m | depth ratio=0.00 | window rates RGB/ToF=0.41/0.37 | frame change=0.0072 | truth angle FOV=False | RGB render volume=False | H/V angles=nan/nan deg | truth distance=inf m
[INFO] [1791339619.931934099] [front_tof_monitor]: USV RGB=True | TOF=True | active=front_tof | range=9.36 m | depth ratio=0.99 | window rates RGB/ToF=0.44/0.40 | frame change=0.0033 | truth angle FOV=False | RGB render volume=False | H/V angles=nan/nan deg | truth distance=inf m
[WARN] [1791339620.332508940] [front_tof_monitor]: USV RGB=True | TOF=False | active=front_rgb_only | range=nan m | depth ratio=0.00 | window rates RGB/ToF=0.52/0.46 | frame change=0.0271 | truth angle FOV=False | RGB render volume=False | H/V angles=nan/nan deg | truth distance=inf m
[INFO] [1791339620.432866192] [front_tof_monitor]: USV RGB=True | TOF=True | active=front_tof | range=9.34 m | depth ratio=0.98 | window rates RGB/ToF=0.54/0.48 | frame change=0.0419 | truth angle FOV=False | RGB render volume=False | H/V angles=nan/nan deg | truth distance=inf m
[WARN] [1791339620.831729792] [front_tof_monitor]: USV RGB=True | TOF=False | active=front_rgb_only | range=nan m | depth ratio=0.00 | window rates RGB/ToF=0.61/0.53 | frame change=0.0204 | truth angle FOV=False | RGB render volume=False | H/V angles=nan/nan deg | truth distance=inf m
[INFO] [1791339621.331806371] [front_tof_monitor]: USV RGB=True | TOF=True | active=front_tof | range=7.23 m | depth ratio=0.99 | window rates RGB/ToF=0.71/0.55 | frame change=0.0180 | truth angle FOV=False | RGB render volume=False | H/V angles=nan/nan deg | truth distance=inf m
[WARN] [1791339621.531696013] [front_tof_monitor]: USV RGB=True | TOF=False | active=front_rgb_only | range=nan m | depth ratio=0.00 | window rates RGB/ToF=0.76/0.58 | frame change=0.0180 | truth angle FOV=False | RGB render volume=False | H/V angles=nan/nan deg | truth distance=inf m
[INFO] [1791339621.632477810] [front_tof_monitor]: USV RGB=True | TOF=True | active=front_tof | range=6.39 m | depth ratio=1.00 | window rates RGB/ToF=0.78/0.60 | frame change=0.0134 | truth angle FOV=False | RGB render volume=False | H/V angles=nan/nan deg | truth distance=inf m
[WARN] [1791339622.331746642] [front_tof_monitor]: USV RGB=True | TOF=False | active=front_rgb_only | range=nan m | depth ratio=0.00 | window rates RGB/ToF=0.90/0.71 | frame change=0.0108 | truth angle FOV=False | RGB render volume=False | H/V angles=nan/nan deg | truth distance=inf m
[INFO] [1791339622.531838366] [front_tof_monitor]: USV RGB=True | TOF=True | active=front_tof | range=5.74 m | depth ratio=0.84 | window rates RGB/ToF=0.94/0.73 | frame change=0.0121 | truth angle FOV=False | RGB render volume=False | H/V angles=nan/nan deg | truth distance=inf m
[WARN] [1791339622.732191590] [front_tof_monitor]: USV RGB=True | TOF=False | active=front_rgb_only | range=nan m | depth ratio=0.00 | window rates RGB/ToF=1.00/0.76 | frame change=0.0083 | truth angle FOV=False | RGB render volume=False | H/V angles=nan/nan deg | truth distance=inf m
[INFO] [1791339622.833028155] [front_tof_monitor]: USV RGB=True | TOF=True | active=front_tof | range=5.72 m | depth ratio=0.99 | window rates RGB/ToF=1.00/0.76 | frame change=0.0083 | truth angle FOV=False | RGB render volume=False | H/V angles=nan/nan deg | truth distance=inf m
[WARN] [1791339622.932019452] [front_tof_monitor]: USV RGB=True | TOF=False | active=front_rgb_only | range=nan m | depth ratio=0.00 | window rates RGB/ToF=1.00/0.74 | frame change=0.0108 | truth angle FOV=False | RGB render volume=False | H/V angles=nan/nan deg | truth distance=inf m
[INFO] [1791339623.131743553] [front_tof_monitor]: USV RGB=True | TOF=True | active=front_tof | range=5.82 m | depth ratio=1.00 | window rates RGB/ToF=1.00/0.73 | frame change=0.0159 | truth angle FOV=False | RGB render volume=False | H/V angles=nan/nan deg | truth distance=inf m
[WARN] [1791339623.332291718] [front_tof_monitor]: USV RGB=True | TOF=False | active=front_rgb_only | range=nan m | depth ratio=0.00 | window rates RGB/ToF=1.00/0.70 | frame change=0.0159 | truth angle FOV=False | RGB render volume=False | H/V angles=nan/nan deg | truth distance=inf m
[INFO] [1791339623.431940649] [front_tof_monitor]: USV RGB=True | TOF=True | active=front_tof | range=6.08 m | depth ratio=0.99 | window rates RGB/ToF=1.00/0.71 | frame change=0.0313 | truth angle FOV=False | RGB render volume=False | H/V angles=nan/nan deg | truth distance=inf m
[WARN] [1791339623.532267266] [front_tof_monitor]: USV RGB=True | TOF=False | active=front_rgb_only | range=nan m | depth ratio=0.00 | window rates RGB/ToF=1.00/0.68 | frame change=0.0313 | truth angle FOV=False | RGB render volume=False | H/V angles=nan/nan deg | truth distance=inf m
[INFO] [1791339623.632446070] [front_tof_monitor]: USV RGB=True | TOF=True | active=front_tof | range=6.25 m | depth ratio=0.99 | window rates RGB/ToF=1.00/0.68 | frame change=0.0284 | truth angle FOV=False | RGB render volume=False | H/V angles=nan/nan deg | truth distance=inf m
[WARN] [1791339623.831675836] [front_tof_monitor]: USV RGB=True | TOF=False | active=front_rgb_only | range=nan m | depth ratio=0.00 | window rates RGB/ToF=1.00/0.66 | frame change=0.0301 | truth angle FOV=False | RGB render volume=False | H/V angles=nan/nan deg | truth distance=inf m
[INFO] [1791339624.231902851] [front_tof_monitor]: USV RGB=True | TOF=True | active=front_tof | range=5.00 m | depth ratio=0.99 | window rates RGB/ToF=1.00/0.61 | frame change=0.0262 | truth angle FOV=False | RGB render volume=False | H/V angles=nan/nan deg | truth distance=inf m
[WARN] [1791339624.631676478] [front_tof_monitor]: USV RGB=True | TOF=False | active=front_rgb_only | range=nan m | depth ratio=0.00 | window rates RGB/ToF=1.00/0.59 | frame change=0.0202 | truth angle FOV=False | RGB render volume=False | H/V angles=nan/nan deg | truth distance=inf m
[WARN] [1791339624.932050503] [front_tof_monitor]: USV RGB=False | TOF=False | active=none | range=nan m | depth ratio=0.00 | window rates RGB/ToF=0.98/0.57 | frame change=0.0177 | truth angle FOV=False | RGB render volume=False | H/V angles=nan/nan deg | truth distance=inf m
